<html>
<body>
<pre>
<h1>礦ision Build Log</h1>
<h2>Tool Versions:</h2>
IDE-Version: μVision V5.40.0.0
Copyright (C) 2024 ARM Ltd and ARM Germany GmbH. All rights reserved.
License Information: 1 1, 1, LIC=32B1Q-NJWLB-WFNI7-EGSGY-4TU5Q-TG302
 
Tool Versions:
Toolchain:       MDK-ARM Plus  Version: 5.40.0.3
Toolchain Path:  C:\Users\htc_3\AppData\Local\Keil_v5\ARM\ARMCC\Bin
C Compiler:      Armcc.exe V5.06 update 7 (build 960)
Assembler:       Armasm.exe V5.06 update 7 (build 960)
Linker/Locator:  ArmLink.exe V5.06 update 7 (build 960)
Library Manager: ArmAr.exe V5.06 update 7 (build 960)
Hex Converter:   FromElf.exe V5.06 update 7 (build 960)
CPU DLL:         SARMCM3.DLL V5.40.0.3
Dialog DLL:      DCM.DLL V1.17.5.0
Target DLL:      CMSIS_AGDI.dll V1.33.18.0
Dialog DLL:      TCM.DLL V1.56.4.0
 
<h2>Project:</h2>
F:\电赛\无人机相关\TIVA LaunchPad V3飞控源码（20240601)\整机到手飞使用代码\CarryPilot_For_LaunchPad_20240601_Released\CarryPilot.uvprojx
Project File Date:  07/09/2024

<h2>Output:</h2>
*** Using Compiler 'V5.06 update 7 (build 960)', folder: 'C:\Users\htc_3\AppData\Local\Keil_v5\ARM\ARMCC\Bin'
Rebuild target 'CarryPilot_LaunchPad_V6.0.2'
compiling crc.c...
compiling comp.c...
compiling adc.c...
compiling des.c...
compiling aes.c...
compiling can.c...
compiling cpu.c...
compiling fpu.c...
compiling flash.c...
compiling eeprom.c...
compiling epi.c...
compiling emac.c...
compiling gpio.c...
compiling interrupt.c...
compiling i2c.c...
compiling mpu.c...
compiling lcd.c...
compiling qei.c...
compiling pwm.c...
compiling hibernate.c...
compiling sw_crc.c...
compiling ssi.c...
compiling systick.c...
compiling timer.c...
compiling uart.c...
compiling udma.c...
compiling sysexc.c...
compiling watchdog.c...
assembling startup_rvmdk.S...
compiling main.c...
compiling uartstdio.c...
compiling shamd5.c...
compiling sysctl.c...
compiling usb.c...
compiling CalibrationRoutines.c...
compiling Bling.c...
compiling Calibration.c...
compiling IST8310.c...
compiling GPS.c...
compiling myiic.c...
compiling Filter.c...
compiling ICM2068X.c...
compiling PPM.c...
compiling OpticalFlow_LC306.c...
compiling OLED.c...
compiling Ringbuf.c...
compiling Schedule.c...
compiling Time.c...
compiling RC.c...
compiling SPL06.c...
compiling Time_Cnt.c...
compiling SYSTEM.c...
compiling US_100.c...
compiling WP_ADC.c...
compiling Key.c...
compiling Usart.c...
compiling wp_flash.c...
compiling WP_Math.c...
compiling WP_PWM.c...
compiling tfmini.c...
compiling Soft_I2C.c...
compiling QMC5883.c...
compiling ssd1306.c...
compiling Quaternion.c...
compiling Double.c...
compiling Compass.c...
compiling Reserved_IO.c...
compiling TOFSensor.c...
compiling NCLink.c...
compiling LSN10.c...
compiling speaker.c...
compiling Reserved_Serialport.c...
compiling Earth_Declination.c...
compiling Sensor.c...
compiling control_land.c...
compiling control_althold.c...
compiling SINS.c...
compiling control_poshold.c...
compiling PID.c...
compiling OpticalFlow_Control.c...
compiling License.c...
compiling Temperature_Ctrl.c...
compiling WP_Ctrl.c...
compiling NamelessCotrun_OpticalFlow.c...
compiling ADC_Button.c...
compiling NamelessCotrun_SDK.c...
compiling Developer_Mode.c...
compiling Subtask_Demo.c...
linking...
Program Size: Code=159144 RO-data=11844 RW-data=5740 ZI-data=22996  
FromELF: creating hex file...
After Build - User command #2: fromelf --bin -o "F:\电赛\无人机相关\TIVA LaunchPad V3飞控源码（20240601)\整机到手飞使用代码\CarryPilot_For_LaunchPad_20240601_Released\Output\TIFLY_V3.bin" "F:\电赛\无人机相关\TIVA LaunchPad V3飞控源码（20240601)\整机到手飞使用代码\CarryPilot_For_LaunchPad_20240601_Released\Output\TIFLY_V3.axf"
".\Output\TIFLY_V3.axf" - 0 Error(s), 0 Warning(s).

<h2>Software Packages used:</h2>

Package Vendor: Keil
                http://www.keil.com/pack/Keil.TM4C_DFP.1.1.0.pack
                Keil::TM4C_DFP@1.1.0
                Texas Instruments Tiva C Series Device Support and Examples

<h2>Collection of Component include folders:</h2>
  C:/Users/htc_3/AppData/Local/Arm/Packs/Keil/TM4C_DFP/1.1.0/Device/Include/TM4C123

<h2>Collection of Component Files used:</h2>
Build Time Elapsed:  00:00:09
</pre>
</body>
</html>
