<!doctype html public "-//w3c//dtd html 4.0 transitional//en">
<html><head>
<title>Static Call Graph - [.\Output\TIFLY_V3.axf]</title></head>
<body><HR>
<H1>Static Call Graph for image .\Output\TIFLY_V3.axf</H1><HR>
<BR><P>#&#060CALLGRAPH&#062# ARM Linker, 5060960: Last Updated: Sun Jul 14 13:30:38 2024
<BR><P>
<H3>Maximum Stack Usage =        968 bytes + Unknown(Functions without stacksize, Cycles, Untraceable Function Pointers)</H3><H3>
Call chain for Maximum Stack Depth:</H3>
__rt_entry_main &rArr; main &rArr; HardWave_Init &rArr; Butterworth_Parameter_Init &rArr; sensor_filter_init &rArr; iir_high_order_filter_init &rArr; filterIIRButterLowpass &rArr; __hardfp_pow &rArr; sqrt &rArr; _dsqrt &rArr; __fpl_dnaninf
<P>
<H3>
Functions with no stack information
</H3><UL>
 <LI><a href="#[7]">Reset_Handler</a>
 <LI><a href="#[37]">__user_initial_stackheap</a>
 <LI><a href="#[8]">NmiSR</a>
 <LI><a href="#[9]">FaultISR</a>
 <LI><a href="#[a]">IntDefaultHandler</a>
</UL>
</UL>
<P>
<H3>
Mutually Recursive functions
</H3> <LI><a href="#[2a]">SysCtlDelay</a>&nbsp;&nbsp;&nbsp;&rArr;&nbsp;&nbsp;&nbsp;<a href="#[2a]">SysCtlDelay</a><BR>
 <LI><a href="#[1db]">UARTCharPut</a>&nbsp;&nbsp;&nbsp;&rArr;&nbsp;&nbsp;&nbsp;<a href="#[1db]">UARTCharPut</a><BR>
 <LI><a href="#[b2]">UARTCharGet</a>&nbsp;&nbsp;&nbsp;&rArr;&nbsp;&nbsp;&nbsp;<a href="#[b2]">UARTCharGet</a><BR>
 <LI><a href="#[8]">NmiSR</a>&nbsp;&nbsp;&nbsp;&rArr;&nbsp;&nbsp;&nbsp;<a href="#[8]">NmiSR</a><BR>
 <LI><a href="#[9]">FaultISR</a>&nbsp;&nbsp;&nbsp;&rArr;&nbsp;&nbsp;&nbsp;<a href="#[9]">FaultISR</a><BR>
 <LI><a href="#[a]">IntDefaultHandler</a>&nbsp;&nbsp;&nbsp;&rArr;&nbsp;&nbsp;&nbsp;<a href="#[a]">IntDefaultHandler</a><BR>
 <LI><a href="#[21e]">UARTDisable</a>&nbsp;&nbsp;&nbsp;&rArr;&nbsp;&nbsp;&nbsp;<a href="#[21e]">UARTDisable</a><BR>
</UL>
<P>
<H3>
Function Pointers
</H3><UL>
 <LI><a href="#[b]">ADC0IntHandler</a> from wp_adc.o(i.ADC0IntHandler) referenced from wp_adc.o(i.ADC_Init)
 <LI><a href="#[9]">FaultISR</a> from startup_rvmdk.o(RESET) referenced from startup_rvmdk.o(RESET)
 <LI><a href="#[a]">IntDefaultHandler</a> from startup_rvmdk.o(RESET) referenced 115 times from startup_rvmdk.o(RESET)
 <LI><a href="#[8]">NmiSR</a> from startup_rvmdk.o(RESET) referenced from startup_rvmdk.o(RESET)
 <LI><a href="#[13]">PortFIntHandler</a> from ppm.o(i.PortFIntHandler) referenced from ppm.o(i.PPM_Init)
 <LI><a href="#[7]">Reset_Handler</a> from startup_rvmdk.o(RESET) referenced from startup_rvmdk.o(RESET)
 <LI><a href="#[18]">SycTickHandler</a> from time.o(i.SycTickHandler) referenced from time.o(i.initTime)
 <LI><a href="#[14]">TIMER0A_Handler</a> from time_cnt.o(i.TIMER0A_Handler) referenced from time_cnt.o(i.Time0A_init)
 <LI><a href="#[15]">TIMER1A_Handler</a> from time_cnt.o(i.TIMER1A_Handler) referenced from time_cnt.o(i.Time1A_init)
 <LI><a href="#[16]">TIMER2A_Handler</a> from time_cnt.o(i.TIMER2A_Handler) referenced from time_cnt.o(i.Time2A_init)
 <LI><a href="#[17]">TIMER3A_Handler</a> from time_cnt.o(i.TIMER3A_Handler) referenced from time_cnt.o(i.Time3A_init)
 <LI><a href="#[c]">UART0_IRQHandler</a> from usart.o(i.UART0_IRQHandler) referenced from usart.o(i.ConfigureUART0)
 <LI><a href="#[d]">UART1_IRQHandler</a> from usart.o(i.UART1_IRQHandler) referenced from usart.o(i.ConfigureUART1)
 <LI><a href="#[e]">UART2_IRQHandler</a> from usart.o(i.UART2_IRQHandler) referenced from usart.o(i.ConfigureUART2)
 <LI><a href="#[f]">UART3_IRQHandler</a> from usart.o(i.UART3_IRQHandler) referenced from usart.o(i.ConfigureUART3)
 <LI><a href="#[12]">UART4_IRQHandler</a> from speaker.o(i.UART4_IRQHandler) referenced from speaker.o(i.ConfigureUART_Speaker)
 <LI><a href="#[10]">UART6_IRQHandler</a> from usart.o(i.UART6_IRQHandler) referenced from usart.o(i.ConfigureUART6)
 <LI><a href="#[11]">UART7_IRQHandler</a> from usart.o(i.UART7_IRQHandler) referenced from usart.o(i.ConfigureUART7)
</UL>
<P>
<H3>
Global Symbols
</H3>
<P><STRONG><a name="[7]"></a>Reset_Handler</STRONG> (Thumb, 0 bytes, Stack size unknown bytes, startup_rvmdk.o(RESET))
<BR><BR>[Calls]<UL><LI><a href="#[19]">&gt;&gt;</a>&nbsp;&nbsp;&nbsp;__main
</UL>
<BR>[Address Reference Count : 1]<UL><LI> startup_rvmdk.o(RESET)
</UL>
<P><STRONG><a name="[19]"></a>__main</STRONG> (Thumb, 8 bytes, Stack size 0 bytes, __main.o(!!!main))
<BR><BR>[Calls]<UL><LI><a href="#[1a]">&gt;&gt;</a>&nbsp;&nbsp;&nbsp;__scatterload
<LI><a href="#[1b]">&gt;&gt;</a>&nbsp;&nbsp;&nbsp;__rt_entry
</UL>
<BR>[Called By]<UL><LI><a href="#[7]">&gt;&gt;</a>&nbsp;&nbsp;&nbsp;Reset_Handler
</UL>

<P><STRONG><a name="[1a]"></a>__scatterload</STRONG> (Thumb, 0 bytes, Stack size unknown bytes, __scatter.o(!!!scatter))
<BR><BR>[Called By]<UL><LI><a href="#[19]">&gt;&gt;</a>&nbsp;&nbsp;&nbsp;__main
</UL>

<P><STRONG><a name="[1c]"></a>__scatterload_rt2</STRONG> (Thumb, 44 bytes, Stack size unknown bytes, __scatter.o(!!!scatter), UNUSED)
<BR><BR>[Calls]<UL><LI><a href="#[1b]">&gt;&gt;</a>&nbsp;&nbsp;&nbsp;__rt_entry
</UL>

<P><STRONG><a name="[2a5]"></a>__scatterload_rt2_thumb_only</STRONG> (Thumb, 0 bytes, Stack size unknown bytes, __scatter.o(!!!scatter), UNUSED)

<P><STRONG><a name="[2a6]"></a>__scatterload_null</STRONG> (Thumb, 0 bytes, Stack size unknown bytes, __scatter.o(!!!scatter), UNUSED)

<P><STRONG><a name="[2a7]"></a>__decompress</STRONG> (Thumb, 90 bytes, Stack size unknown bytes, __dczerorl2.o(!!dczerorl2), UNUSED)

<P><STRONG><a name="[2a8]"></a>__decompress1</STRONG> (Thumb, 0 bytes, Stack size unknown bytes, __dczerorl2.o(!!dczerorl2), UNUSED)

<P><STRONG><a name="[2a9]"></a>__scatterload_zeroinit</STRONG> (Thumb, 28 bytes, Stack size unknown bytes, __scatter_zi.o(!!handler_zi), UNUSED)

<P><STRONG><a name="[22]"></a>__rt_lib_init</STRONG> (Thumb, 0 bytes, Stack size unknown bytes, libinit.o(.ARM.Collect$$libinit$$00000000))
<BR><BR>[Called By]<UL><LI><a href="#[21]">&gt;&gt;</a>&nbsp;&nbsp;&nbsp;__rt_entry_li
</UL>

<P><STRONG><a name="[1d]"></a>__rt_lib_init_fp_1</STRONG> (Thumb, 0 bytes, Stack size unknown bytes, libinit2.o(.ARM.Collect$$libinit$$00000001))
<BR><BR>[Calls]<UL><LI><a href="#[1e]">&gt;&gt;</a>&nbsp;&nbsp;&nbsp;_fp_init
</UL>

<P><STRONG><a name="[2aa]"></a>__rt_lib_init_alloca_1</STRONG> (Thumb, 0 bytes, Stack size unknown bytes, libinit2.o(.ARM.Collect$$libinit$$0000002E))

<P><STRONG><a name="[2ab]"></a>__rt_lib_init_argv_1</STRONG> (Thumb, 0 bytes, Stack size unknown bytes, libinit2.o(.ARM.Collect$$libinit$$0000002C))

<P><STRONG><a name="[2ac]"></a>__rt_lib_init_atexit_1</STRONG> (Thumb, 0 bytes, Stack size unknown bytes, libinit2.o(.ARM.Collect$$libinit$$0000001B))

<P><STRONG><a name="[2ad]"></a>__rt_lib_init_clock_1</STRONG> (Thumb, 0 bytes, Stack size unknown bytes, libinit2.o(.ARM.Collect$$libinit$$00000021))

<P><STRONG><a name="[2ae]"></a>__rt_lib_init_cpp_1</STRONG> (Thumb, 0 bytes, Stack size unknown bytes, libinit2.o(.ARM.Collect$$libinit$$00000032))

<P><STRONG><a name="[2af]"></a>__rt_lib_init_exceptions_1</STRONG> (Thumb, 0 bytes, Stack size unknown bytes, libinit2.o(.ARM.Collect$$libinit$$00000030))

<P><STRONG><a name="[2b0]"></a>__rt_lib_init_fp_trap_1</STRONG> (Thumb, 0 bytes, Stack size unknown bytes, libinit2.o(.ARM.Collect$$libinit$$0000001F))

<P><STRONG><a name="[2b1]"></a>__rt_lib_init_getenv_1</STRONG> (Thumb, 0 bytes, Stack size unknown bytes, libinit2.o(.ARM.Collect$$libinit$$00000023))

<P><STRONG><a name="[2b2]"></a>__rt_lib_init_heap_1</STRONG> (Thumb, 0 bytes, Stack size unknown bytes, libinit2.o(.ARM.Collect$$libinit$$0000000A))

<P><STRONG><a name="[2b3]"></a>__rt_lib_init_lc_collate_1</STRONG> (Thumb, 0 bytes, Stack size unknown bytes, libinit2.o(.ARM.Collect$$libinit$$00000011))

<P><STRONG><a name="[2b4]"></a>__rt_lib_init_lc_ctype_1</STRONG> (Thumb, 0 bytes, Stack size unknown bytes, libinit2.o(.ARM.Collect$$libinit$$00000013))

<P><STRONG><a name="[2b5]"></a>__rt_lib_init_lc_monetary_1</STRONG> (Thumb, 0 bytes, Stack size unknown bytes, libinit2.o(.ARM.Collect$$libinit$$00000015))

<P><STRONG><a name="[2b6]"></a>__rt_lib_init_lc_numeric_1</STRONG> (Thumb, 0 bytes, Stack size unknown bytes, libinit2.o(.ARM.Collect$$libinit$$00000017))

<P><STRONG><a name="[2b7]"></a>__rt_lib_init_lc_time_1</STRONG> (Thumb, 0 bytes, Stack size unknown bytes, libinit2.o(.ARM.Collect$$libinit$$00000019))

<P><STRONG><a name="[2b8]"></a>__rt_lib_init_preinit_1</STRONG> (Thumb, 0 bytes, Stack size unknown bytes, libinit2.o(.ARM.Collect$$libinit$$00000004))

<P><STRONG><a name="[2b9]"></a>__rt_lib_init_rand_1</STRONG> (Thumb, 0 bytes, Stack size unknown bytes, libinit2.o(.ARM.Collect$$libinit$$0000000E))

<P><STRONG><a name="[2ba]"></a>__rt_lib_init_return</STRONG> (Thumb, 0 bytes, Stack size unknown bytes, libinit2.o(.ARM.Collect$$libinit$$00000033))

<P><STRONG><a name="[2bb]"></a>__rt_lib_init_signal_1</STRONG> (Thumb, 0 bytes, Stack size unknown bytes, libinit2.o(.ARM.Collect$$libinit$$0000001D))

<P><STRONG><a name="[2bc]"></a>__rt_lib_init_stdio_1</STRONG> (Thumb, 0 bytes, Stack size unknown bytes, libinit2.o(.ARM.Collect$$libinit$$00000025))

<P><STRONG><a name="[2bd]"></a>__rt_lib_init_user_alloc_1</STRONG> (Thumb, 0 bytes, Stack size unknown bytes, libinit2.o(.ARM.Collect$$libinit$$0000000C))

<P><STRONG><a name="[27]"></a>__rt_lib_shutdown</STRONG> (Thumb, 0 bytes, Stack size unknown bytes, libshutdown.o(.ARM.Collect$$libshutdown$$00000000))
<BR><BR>[Called By]<UL><LI><a href="#[26]">&gt;&gt;</a>&nbsp;&nbsp;&nbsp;__rt_exit_ls
</UL>

<P><STRONG><a name="[2be]"></a>__rt_lib_shutdown_cpp_1</STRONG> (Thumb, 0 bytes, Stack size unknown bytes, libshutdown2.o(.ARM.Collect$$libshutdown$$00000004))

<P><STRONG><a name="[2bf]"></a>__rt_lib_shutdown_fini_1</STRONG> (Thumb, 0 bytes, Stack size unknown bytes, libshutdown2.o(.ARM.Collect$$libshutdown$$00000002))

<P><STRONG><a name="[2c0]"></a>__rt_lib_shutdown_fp_trap_1</STRONG> (Thumb, 0 bytes, Stack size unknown bytes, libshutdown2.o(.ARM.Collect$$libshutdown$$00000009))

<P><STRONG><a name="[2c1]"></a>__rt_lib_shutdown_heap_1</STRONG> (Thumb, 0 bytes, Stack size unknown bytes, libshutdown2.o(.ARM.Collect$$libshutdown$$00000011))

<P><STRONG><a name="[2c2]"></a>__rt_lib_shutdown_return</STRONG> (Thumb, 0 bytes, Stack size unknown bytes, libshutdown2.o(.ARM.Collect$$libshutdown$$00000012))

<P><STRONG><a name="[2c3]"></a>__rt_lib_shutdown_signal_1</STRONG> (Thumb, 0 bytes, Stack size unknown bytes, libshutdown2.o(.ARM.Collect$$libshutdown$$0000000C))

<P><STRONG><a name="[2c4]"></a>__rt_lib_shutdown_stdio_1</STRONG> (Thumb, 0 bytes, Stack size unknown bytes, libshutdown2.o(.ARM.Collect$$libshutdown$$00000006))

<P><STRONG><a name="[2c5]"></a>__rt_lib_shutdown_user_alloc_1</STRONG> (Thumb, 0 bytes, Stack size unknown bytes, libshutdown2.o(.ARM.Collect$$libshutdown$$0000000E))

<P><STRONG><a name="[1b]"></a>__rt_entry</STRONG> (Thumb, 0 bytes, Stack size unknown bytes, __rtentry.o(.ARM.Collect$$rtentry$$00000000))
<BR><BR>[Called By]<UL><LI><a href="#[19]">&gt;&gt;</a>&nbsp;&nbsp;&nbsp;__main
<LI><a href="#[1c]">&gt;&gt;</a>&nbsp;&nbsp;&nbsp;__scatterload_rt2
</UL>

<P><STRONG><a name="[2c6]"></a>__rt_entry_presh_1</STRONG> (Thumb, 0 bytes, Stack size unknown bytes, __rtentry2.o(.ARM.Collect$$rtentry$$00000002))

<P><STRONG><a name="[1f]"></a>__rt_entry_sh</STRONG> (Thumb, 0 bytes, Stack size unknown bytes, __rtentry4.o(.ARM.Collect$$rtentry$$00000004))
<BR><BR>[Stack]<UL><LI>Max Depth = 8 + Unknown Stack Size
<LI>Call Chain = __rt_entry_sh &rArr; __user_setup_stackheap
</UL>
<BR>[Calls]<UL><LI><a href="#[20]">&gt;&gt;</a>&nbsp;&nbsp;&nbsp;__user_setup_stackheap
</UL>

<P><STRONG><a name="[21]"></a>__rt_entry_li</STRONG> (Thumb, 0 bytes, Stack size unknown bytes, __rtentry2.o(.ARM.Collect$$rtentry$$0000000A))
<BR><BR>[Calls]<UL><LI><a href="#[22]">&gt;&gt;</a>&nbsp;&nbsp;&nbsp;__rt_lib_init
</UL>

<P><STRONG><a name="[2c7]"></a>__rt_entry_postsh_1</STRONG> (Thumb, 0 bytes, Stack size unknown bytes, __rtentry2.o(.ARM.Collect$$rtentry$$00000009))

<P><STRONG><a name="[23]"></a>__rt_entry_main</STRONG> (Thumb, 0 bytes, Stack size unknown bytes, __rtentry2.o(.ARM.Collect$$rtentry$$0000000D))
<BR><BR>[Stack]<UL><LI>Max Depth = 968 + Unknown Stack Size
<LI>Call Chain = __rt_entry_main &rArr; main &rArr; HardWave_Init &rArr; Butterworth_Parameter_Init &rArr; sensor_filter_init &rArr; iir_high_order_filter_init &rArr; filterIIRButterLowpass &rArr; __hardfp_pow &rArr; sqrt &rArr; _dsqrt &rArr; __fpl_dnaninf
</UL>
<BR>[Calls]<UL><LI><a href="#[24]">&gt;&gt;</a>&nbsp;&nbsp;&nbsp;main
<LI><a href="#[25]">&gt;&gt;</a>&nbsp;&nbsp;&nbsp;exit
</UL>

<P><STRONG><a name="[2c8]"></a>__rt_entry_postli_1</STRONG> (Thumb, 0 bytes, Stack size unknown bytes, __rtentry2.o(.ARM.Collect$$rtentry$$0000000C))

<P><STRONG><a name="[38]"></a>__rt_exit</STRONG> (Thumb, 0 bytes, Stack size unknown bytes, rtexit.o(.ARM.Collect$$rtexit$$00000000))
<BR><BR>[Called By]<UL><LI><a href="#[25]">&gt;&gt;</a>&nbsp;&nbsp;&nbsp;exit
</UL>

<P><STRONG><a name="[26]"></a>__rt_exit_ls</STRONG> (Thumb, 0 bytes, Stack size unknown bytes, rtexit2.o(.ARM.Collect$$rtexit$$00000003))
<BR><BR>[Calls]<UL><LI><a href="#[27]">&gt;&gt;</a>&nbsp;&nbsp;&nbsp;__rt_lib_shutdown
</UL>

<P><STRONG><a name="[2c9]"></a>__rt_exit_prels_1</STRONG> (Thumb, 0 bytes, Stack size unknown bytes, rtexit2.o(.ARM.Collect$$rtexit$$00000002))

<P><STRONG><a name="[28]"></a>__rt_exit_exit</STRONG> (Thumb, 0 bytes, Stack size unknown bytes, rtexit2.o(.ARM.Collect$$rtexit$$00000004))
<BR><BR>[Calls]<UL><LI><a href="#[29]">&gt;&gt;</a>&nbsp;&nbsp;&nbsp;_sys_exit
</UL>

<P><STRONG><a name="[14f]"></a>CPUcpsid</STRONG> (Thumb, 8 bytes, Stack size 0 bytes, cpu.o(.emb_text))
<BR><BR>[Called By]<UL><LI><a href="#[14e]">&gt;&gt;</a>&nbsp;&nbsp;&nbsp;IntMasterDisable
</UL>

<P><STRONG><a name="[2ca]"></a>CPUprimask</STRONG> (Thumb, 6 bytes, Stack size 0 bytes, cpu.o(.emb_text), UNUSED)

<P><STRONG><a name="[151]"></a>CPUcpsie</STRONG> (Thumb, 8 bytes, Stack size 0 bytes, cpu.o(.emb_text))
<BR><BR>[Called By]<UL><LI><a href="#[150]">&gt;&gt;</a>&nbsp;&nbsp;&nbsp;IntMasterEnable
</UL>

<P><STRONG><a name="[2cb]"></a>CPUwfi</STRONG> (Thumb, 4 bytes, Stack size 0 bytes, cpu.o(.emb_text), UNUSED)

<P><STRONG><a name="[2cc]"></a>CPUbasepriSet</STRONG> (Thumb, 6 bytes, Stack size 0 bytes, cpu.o(.emb_text), UNUSED)

<P><STRONG><a name="[2cd]"></a>CPUbasepriGet</STRONG> (Thumb, 6 bytes, Stack size 0 bytes, cpu.o(.emb_text), UNUSED)

<P><STRONG><a name="[2a]"></a>SysCtlDelay</STRONG> (Thumb, 6 bytes, Stack size 0 bytes, sysctl.o(.emb_text))
<BR><BR>[Calls]<UL><LI><a href="#[2a]">&gt;&gt;</a>&nbsp;&nbsp;&nbsp;SysCtlDelay
</UL>
<BR>[Called By]<UL><LI><a href="#[2a]">&gt;&gt;</a>&nbsp;&nbsp;&nbsp;SysCtlDelay
<LI><a href="#[e1]">&gt;&gt;</a>&nbsp;&nbsp;&nbsp;EEPROMMassErase
<LI><a href="#[de]">&gt;&gt;</a>&nbsp;&nbsp;&nbsp;EEPROMInit
<LI><a href="#[e4]">&gt;&gt;</a>&nbsp;&nbsp;&nbsp;_EEPROMSectorMaskSet
<LI><a href="#[e2]">&gt;&gt;</a>&nbsp;&nbsp;&nbsp;_EEPROMSectorMaskClear
<LI><a href="#[1fa]">&gt;&gt;</a>&nbsp;&nbsp;&nbsp;SysCtlClockSet
<LI><a href="#[12a]">&gt;&gt;</a>&nbsp;&nbsp;&nbsp;Init_I2C1
<LI><a href="#[13e]">&gt;&gt;</a>&nbsp;&nbsp;&nbsp;Init_I2C0
<LI><a href="#[ed]">&gt;&gt;</a>&nbsp;&nbsp;&nbsp;PWM_Init
</UL>

<P><STRONG><a name="[37]"></a>__user_initial_stackheap</STRONG> (Thumb, 0 bytes, Stack size unknown bytes, startup_rvmdk.o(.text))
<BR><BR>[Called By]<UL><LI><a href="#[20]">&gt;&gt;</a>&nbsp;&nbsp;&nbsp;__user_setup_stackheap
</UL>

<P><STRONG><a name="[2b]"></a>free</STRONG> (Thumb, 78 bytes, Stack size 16 bytes, h1_free.o(.text))
<BR><BR>[Stack]<UL><LI>Max Depth = 16<LI>Call Chain = free
</UL>
<BR>[Calls]<UL><LI><a href="#[2c]">&gt;&gt;</a>&nbsp;&nbsp;&nbsp;__rt_heap_descriptor
</UL>
<BR>[Called By]<UL><LI><a href="#[24e]">&gt;&gt;</a>&nbsp;&nbsp;&nbsp;pascalTriangle
</UL>

<P><STRONG><a name="[289]"></a>strlen</STRONG> (Thumb, 62 bytes, Stack size 8 bytes, strlen.o(.text))
<BR><BR>[Stack]<UL><LI>Max Depth = 8<LI>Call Chain = strlen
</UL>
<BR>[Called By]<UL><LI><a href="#[278]">&gt;&gt;</a>&nbsp;&nbsp;&nbsp;syn6658_frame_package
</UL>

<P><STRONG><a name="[30]"></a>__aeabi_memcpy</STRONG> (Thumb, 0 bytes, Stack size 0 bytes, rt_memcpy_v6.o(.text))
<BR><BR>[Called By]<UL><LI><a href="#[1d4]">&gt;&gt;</a>&nbsp;&nbsp;&nbsp;Remote_Control
<LI><a href="#[13]">&gt;&gt;</a>&nbsp;&nbsp;&nbsp;PortFIntHandler
<LI><a href="#[207]">&gt;&gt;</a>&nbsp;&nbsp;&nbsp;TOFSense_M_Prase
<LI><a href="#[204]">&gt;&gt;</a>&nbsp;&nbsp;&nbsp;lsn10_data_prase
<LI><a href="#[278]">&gt;&gt;</a>&nbsp;&nbsp;&nbsp;syn6658_frame_package
<LI><a href="#[2f]">&gt;&gt;</a>&nbsp;&nbsp;&nbsp;memcpy
</UL>

<P><STRONG><a name="[2d]"></a>__rt_memcpy</STRONG> (Thumb, 138 bytes, Stack size 0 bytes, rt_memcpy_v6.o(.text), UNUSED)
<BR><BR>[Calls]<UL><LI><a href="#[2e]">&gt;&gt;</a>&nbsp;&nbsp;&nbsp;__aeabi_memcpy4
</UL>

<P><STRONG><a name="[2ce]"></a>_memcpy_lastbytes</STRONG> (Thumb, 0 bytes, Stack size unknown bytes, rt_memcpy_v6.o(.text), UNUSED)

<P><STRONG><a name="[2f]"></a>memcpy</STRONG> (Thumb, 8 bytes, Stack size 8 bytes, memcpy.o(.text))
<BR><BR>[Stack]<UL><LI>Max Depth = 8<LI>Call Chain = memcpy
</UL>
<BR>[Calls]<UL><LI><a href="#[30]">&gt;&gt;</a>&nbsp;&nbsp;&nbsp;__aeabi_memcpy
</UL>
<BR>[Called By]<UL><LI><a href="#[258]">&gt;&gt;</a>&nbsp;&nbsp;&nbsp;get_lookup_value
</UL>

<P><STRONG><a name="[2e]"></a>__aeabi_memcpy4</STRONG> (Thumb, 0 bytes, Stack size 8 bytes, rt_memcpy_w.o(.text))
<BR><BR>[Stack]<UL><LI>Max Depth = 8<LI>Call Chain = __aeabi_memcpy4
</UL>
<BR>[Called By]<UL><LI><a href="#[263]">&gt;&gt;</a>&nbsp;&nbsp;&nbsp;iir_high_order_filter_init
<LI><a href="#[256]">&gt;&gt;</a>&nbsp;&nbsp;&nbsp;filterIIRButterLowpass
<LI><a href="#[2d]">&gt;&gt;</a>&nbsp;&nbsp;&nbsp;__rt_memcpy
</UL>

<P><STRONG><a name="[2cf]"></a>__aeabi_memcpy8</STRONG> (Thumb, 0 bytes, Stack size 8 bytes, rt_memcpy_w.o(.text), UNUSED)

<P><STRONG><a name="[2d0]"></a>__rt_memcpy_w</STRONG> (Thumb, 100 bytes, Stack size 8 bytes, rt_memcpy_w.o(.text), UNUSED)

<P><STRONG><a name="[2d1]"></a>_memcpy_lastbytes_aligned</STRONG> (Thumb, 0 bytes, Stack size unknown bytes, rt_memcpy_w.o(.text), UNUSED)

<P><STRONG><a name="[280]"></a>__aeabi_memclr</STRONG> (Thumb, 0 bytes, Stack size 0 bytes, rt_memclr.o(.text))
<BR><BR>[Called By]<UL><LI><a href="#[1bd]">&gt;&gt;</a>&nbsp;&nbsp;&nbsp;ssd1306_clear_display
</UL>

<P><STRONG><a name="[31]"></a>__rt_memclr</STRONG> (Thumb, 68 bytes, Stack size 0 bytes, rt_memclr.o(.text), UNUSED)
<BR><BR>[Calls]<UL><LI><a href="#[32]">&gt;&gt;</a>&nbsp;&nbsp;&nbsp;_memset_w
</UL>

<P><STRONG><a name="[2d2]"></a>_memset</STRONG> (Thumb, 0 bytes, Stack size unknown bytes, rt_memclr.o(.text), UNUSED)

<P><STRONG><a name="[8f]"></a>__aeabi_memclr4</STRONG> (Thumb, 0 bytes, Stack size 4 bytes, rt_memclr_w.o(.text))
<BR><BR>[Stack]<UL><LI>Max Depth = 4<LI>Call Chain = __aeabi_memclr4
</UL>
<BR>[Called By]<UL><LI><a href="#[162]">&gt;&gt;</a>&nbsp;&nbsp;&nbsp;LS_Init
<LI><a href="#[1cd]">&gt;&gt;</a>&nbsp;&nbsp;&nbsp;RC_Calibration_Init
<LI><a href="#[55]">&gt;&gt;</a>&nbsp;&nbsp;&nbsp;Calibrate_accel
<LI><a href="#[9a]">&gt;&gt;</a>&nbsp;&nbsp;&nbsp;Check_Front_Tofsense
<LI><a href="#[156]">&gt;&gt;</a>&nbsp;&nbsp;&nbsp;KalmanFilter_Horizontal_GPS
<LI><a href="#[196]">&gt;&gt;</a>&nbsp;&nbsp;&nbsp;user_setpoint_generate
</UL>

<P><STRONG><a name="[2d3]"></a>__aeabi_memclr8</STRONG> (Thumb, 0 bytes, Stack size 4 bytes, rt_memclr_w.o(.text), UNUSED)

<P><STRONG><a name="[2d4]"></a>__rt_memclr_w</STRONG> (Thumb, 78 bytes, Stack size 4 bytes, rt_memclr_w.o(.text), UNUSED)

<P><STRONG><a name="[32]"></a>_memset_w</STRONG> (Thumb, 0 bytes, Stack size unknown bytes, rt_memclr_w.o(.text), UNUSED)
<BR><BR>[Called By]<UL><LI><a href="#[31]">&gt;&gt;</a>&nbsp;&nbsp;&nbsp;__rt_memclr
</UL>

<P><STRONG><a name="[2d5]"></a>__use_two_region_memory</STRONG> (Thumb, 2 bytes, Stack size 0 bytes, heapauxi.o(.text), UNUSED)

<P><STRONG><a name="[1]"></a>__rt_heap_escrow</STRONG> (Thumb, 2 bytes, Stack size 0 bytes, heapauxi.o(.text), UNUSED)

<P><STRONG><a name="[0]"></a>__rt_heap_expand</STRONG> (Thumb, 2 bytes, Stack size 0 bytes, heapauxi.o(.text), UNUSED)

<P><STRONG><a name="[2c]"></a>__rt_heap_descriptor</STRONG> (Thumb, 8 bytes, Stack size 0 bytes, rt_heap_descriptor_intlibspace.o(.text))
<BR><BR>[Called By]<UL><LI><a href="#[2b]">&gt;&gt;</a>&nbsp;&nbsp;&nbsp;free
</UL>

<P><STRONG><a name="[33]"></a>__read_errno</STRONG> (Thumb, 10 bytes, Stack size 8 bytes, _rserrno.o(.text), UNUSED)
<BR><BR>[Calls]<UL><LI><a href="#[34]">&gt;&gt;</a>&nbsp;&nbsp;&nbsp;__aeabi_errno_addr
</UL>

<P><STRONG><a name="[35]"></a>__set_errno</STRONG> (Thumb, 12 bytes, Stack size 8 bytes, _rserrno.o(.text))
<BR><BR>[Stack]<UL><LI>Max Depth = 8<LI>Call Chain = __set_errno
</UL>
<BR>[Calls]<UL><LI><a href="#[34]">&gt;&gt;</a>&nbsp;&nbsp;&nbsp;__aeabi_errno_addr
</UL>
<BR>[Called By]<UL><LI><a href="#[242]">&gt;&gt;</a>&nbsp;&nbsp;&nbsp;__hardfp_pow
<LI><a href="#[240]">&gt;&gt;</a>&nbsp;&nbsp;&nbsp;__hardfp_log10
<LI><a href="#[d9]">&gt;&gt;</a>&nbsp;&nbsp;&nbsp;__hardfp_cosf
<LI><a href="#[9e]">&gt;&gt;</a>&nbsp;&nbsp;&nbsp;__hardfp_cos
<LI><a href="#[14b]">&gt;&gt;</a>&nbsp;&nbsp;&nbsp;__hardfp_atan2f
<LI><a href="#[14c]">&gt;&gt;</a>&nbsp;&nbsp;&nbsp;__hardfp_asinf
<LI><a href="#[22b]">&gt;&gt;</a>&nbsp;&nbsp;&nbsp;__hardfp_asin
<LI><a href="#[225]">&gt;&gt;</a>&nbsp;&nbsp;&nbsp;__hardfp_acos
<LI><a href="#[23d]">&gt;&gt;</a>&nbsp;&nbsp;&nbsp;__hardfp_log
<LI><a href="#[24a]">&gt;&gt;</a>&nbsp;&nbsp;&nbsp;__hardfp_tanf
<LI><a href="#[248]">&gt;&gt;</a>&nbsp;&nbsp;&nbsp;__hardfp_tan
<LI><a href="#[230]">&gt;&gt;</a>&nbsp;&nbsp;&nbsp;sqrtf
<LI><a href="#[247]">&gt;&gt;</a>&nbsp;&nbsp;&nbsp;__hardfp_sqrtf
<LI><a href="#[22a]">&gt;&gt;</a>&nbsp;&nbsp;&nbsp;sqrt
<LI><a href="#[161]">&gt;&gt;</a>&nbsp;&nbsp;&nbsp;__hardfp_sqrt
<LI><a href="#[d8]">&gt;&gt;</a>&nbsp;&nbsp;&nbsp;__hardfp_sinf
<LI><a href="#[a2]">&gt;&gt;</a>&nbsp;&nbsp;&nbsp;__hardfp_sin
</UL>

<P><STRONG><a name="[2d6]"></a>__user_libspace</STRONG> (Thumb, 8 bytes, Stack size 0 bytes, libspace.o(.text), UNUSED)

<P><STRONG><a name="[36]"></a>__user_perproc_libspace</STRONG> (Thumb, 0 bytes, Stack size 0 bytes, libspace.o(.text))
<BR><BR>[Called By]<UL><LI><a href="#[20]">&gt;&gt;</a>&nbsp;&nbsp;&nbsp;__user_setup_stackheap
</UL>

<P><STRONG><a name="[2d7]"></a>__user_perthread_libspace</STRONG> (Thumb, 0 bytes, Stack size 0 bytes, libspace.o(.text), UNUSED)

<P><STRONG><a name="[34]"></a>__aeabi_errno_addr</STRONG> (Thumb, 8 bytes, Stack size 0 bytes, rt_errno_addr_intlibspace.o(.text))
<BR><BR>[Called By]<UL><LI><a href="#[35]">&gt;&gt;</a>&nbsp;&nbsp;&nbsp;__set_errno
<LI><a href="#[33]">&gt;&gt;</a>&nbsp;&nbsp;&nbsp;__read_errno
</UL>

<P><STRONG><a name="[2d8]"></a>__errno$intlibspace</STRONG> (Thumb, 0 bytes, Stack size 0 bytes, rt_errno_addr_intlibspace.o(.text), UNUSED)

<P><STRONG><a name="[2d9]"></a>__rt_errno_addr$intlibspace</STRONG> (Thumb, 0 bytes, Stack size 0 bytes, rt_errno_addr_intlibspace.o(.text), UNUSED)

<P><STRONG><a name="[2da]"></a>__I$use$semihosting</STRONG> (Thumb, 0 bytes, Stack size 0 bytes, use_no_semi.o(.text), UNUSED)

<P><STRONG><a name="[2db]"></a>__use_no_semihosting_swi</STRONG> (Thumb, 2 bytes, Stack size 0 bytes, use_no_semi.o(.text), UNUSED)

<P><STRONG><a name="[2dc]"></a>__semihosting_library_function</STRONG> (Thumb, 0 bytes, Stack size 8 bytes, indicate_semi.o(.text), UNUSED)

<P><STRONG><a name="[20]"></a>__user_setup_stackheap</STRONG> (Thumb, 74 bytes, Stack size 8 bytes, sys_stackheap_outer.o(.text))
<BR><BR>[Stack]<UL><LI>Max Depth = 8 + Unknown Stack Size
<LI>Call Chain = __user_setup_stackheap
</UL>
<BR>[Calls]<UL><LI><a href="#[37]">&gt;&gt;</a>&nbsp;&nbsp;&nbsp;__user_initial_stackheap
<LI><a href="#[36]">&gt;&gt;</a>&nbsp;&nbsp;&nbsp;__user_perproc_libspace
</UL>
<BR>[Called By]<UL><LI><a href="#[1f]">&gt;&gt;</a>&nbsp;&nbsp;&nbsp;__rt_entry_sh
</UL>

<P><STRONG><a name="[25]"></a>exit</STRONG> (Thumb, 18 bytes, Stack size 8 bytes, exit.o(.text))
<BR><BR>[Stack]<UL><LI>Max Depth = 8 + Unknown Stack Size
<LI>Call Chain = exit
</UL>
<BR>[Calls]<UL><LI><a href="#[38]">&gt;&gt;</a>&nbsp;&nbsp;&nbsp;__rt_exit
</UL>
<BR>[Called By]<UL><LI><a href="#[23]">&gt;&gt;</a>&nbsp;&nbsp;&nbsp;__rt_entry_main
</UL>

<P><STRONG><a name="[29]"></a>_sys_exit</STRONG> (Thumb, 8 bytes, Stack size 0 bytes, sys_exit.o(.text))
<BR><BR>[Called By]<UL><LI><a href="#[28]">&gt;&gt;</a>&nbsp;&nbsp;&nbsp;__rt_exit_exit
</UL>

<P><STRONG><a name="[b]"></a>ADC0IntHandler</STRONG> (Thumb, 34 bytes, Stack size 8 bytes, wp_adc.o(i.ADC0IntHandler))
<BR><BR>[Stack]<UL><LI>Max Depth = 24<LI>Call Chain = ADC0IntHandler &rArr; Test_Period &rArr; micros
</UL>
<BR>[Calls]<UL><LI><a href="#[3b]">&gt;&gt;</a>&nbsp;&nbsp;&nbsp;ADCSequenceDataGet
<LI><a href="#[3a]">&gt;&gt;</a>&nbsp;&nbsp;&nbsp;ADCIntClear
<LI><a href="#[39]">&gt;&gt;</a>&nbsp;&nbsp;&nbsp;Test_Period
</UL>
<BR>[Address Reference Count : 1]<UL><LI> wp_adc.o(i.ADC_Init)
</UL>
<P><STRONG><a name="[3a]"></a>ADCIntClear</STRONG> (Thumb, 8 bytes, Stack size 0 bytes, adc.o(i.ADCIntClear))
<BR><BR>[Called By]<UL><LI><a href="#[b]">&gt;&gt;</a>&nbsp;&nbsp;&nbsp;ADC0IntHandler
<LI><a href="#[48]">&gt;&gt;</a>&nbsp;&nbsp;&nbsp;ADC_Init
</UL>

<P><STRONG><a name="[4f]"></a>ADCIntEnable</STRONG> (Thumb, 14 bytes, Stack size 0 bytes, adc.o(i.ADCIntEnable))
<BR><BR>[Called By]<UL><LI><a href="#[48]">&gt;&gt;</a>&nbsp;&nbsp;&nbsp;ADC_Init
</UL>

<P><STRONG><a name="[50]"></a>ADCIntEnableEx</STRONG> (Thumb, 8 bytes, Stack size 0 bytes, adc.o(i.ADCIntEnableEx))
<BR><BR>[Called By]<UL><LI><a href="#[48]">&gt;&gt;</a>&nbsp;&nbsp;&nbsp;ADC_Init
</UL>

<P><STRONG><a name="[3c]"></a>ADCIntRegister</STRONG> (Thumb, 28 bytes, Stack size 16 bytes, adc.o(i.ADCIntRegister))
<BR><BR>[Stack]<UL><LI>Max Depth = 32<LI>Call Chain = ADCIntRegister &rArr; IntRegister
</UL>
<BR>[Calls]<UL><LI><a href="#[3e]">&gt;&gt;</a>&nbsp;&nbsp;&nbsp;IntRegister
<LI><a href="#[3f]">&gt;&gt;</a>&nbsp;&nbsp;&nbsp;IntEnable
<LI><a href="#[3d]">&gt;&gt;</a>&nbsp;&nbsp;&nbsp;_ADCIntNumberGet
</UL>
<BR>[Called By]<UL><LI><a href="#[48]">&gt;&gt;</a>&nbsp;&nbsp;&nbsp;ADC_Init
</UL>

<P><STRONG><a name="[53]"></a>ADCProcessorTrigger</STRONG> (Thumb, 22 bytes, Stack size 0 bytes, adc.o(i.ADCProcessorTrigger))
<BR><BR>[Called By]<UL><LI><a href="#[52]">&gt;&gt;</a>&nbsp;&nbsp;&nbsp;ADC_Sample_Trigger
</UL>

<P><STRONG><a name="[4c]"></a>ADCSequenceConfigure</STRONG> (Thumb, 38 bytes, Stack size 12 bytes, adc.o(i.ADCSequenceConfigure))
<BR><BR>[Stack]<UL><LI>Max Depth = 12<LI>Call Chain = ADCSequenceConfigure
</UL>
<BR>[Called By]<UL><LI><a href="#[48]">&gt;&gt;</a>&nbsp;&nbsp;&nbsp;ADC_Init
</UL>

<P><STRONG><a name="[3b]"></a>ADCSequenceDataGet</STRONG> (Thumb, 28 bytes, Stack size 0 bytes, adc.o(i.ADCSequenceDataGet))
<BR><BR>[Called By]<UL><LI><a href="#[b]">&gt;&gt;</a>&nbsp;&nbsp;&nbsp;ADC0IntHandler
</UL>

<P><STRONG><a name="[4e]"></a>ADCSequenceEnable</STRONG> (Thumb, 12 bytes, Stack size 0 bytes, adc.o(i.ADCSequenceEnable))
<BR><BR>[Called By]<UL><LI><a href="#[48]">&gt;&gt;</a>&nbsp;&nbsp;&nbsp;ADC_Init
</UL>

<P><STRONG><a name="[4d]"></a>ADCSequenceStepConfigure</STRONG> (Thumb, 100 bytes, Stack size 12 bytes, adc.o(i.ADCSequenceStepConfigure))
<BR><BR>[Stack]<UL><LI>Max Depth = 12<LI>Call Chain = ADCSequenceStepConfigure
</UL>
<BR>[Called By]<UL><LI><a href="#[48]">&gt;&gt;</a>&nbsp;&nbsp;&nbsp;ADC_Init
</UL>

<P><STRONG><a name="[40]"></a>ADC_Button_Init</STRONG> (Thumb, 162 bytes, Stack size 24 bytes, adc_button.o(i.ADC_Button_Init))
<BR><BR>[Stack]<UL><LI>Max Depth = 32<LI>Call Chain = ADC_Button_Init &rArr; ReadFlashParameterOne &rArr; EEPROMRead
</UL>
<BR>[Calls]<UL><LI><a href="#[41]">&gt;&gt;</a>&nbsp;&nbsp;&nbsp;ReadFlashParameterOne
<LI><a href="#[42]">&gt;&gt;</a>&nbsp;&nbsp;&nbsp;__ARM_isnanf
</UL>
<BR>[Called By]<UL><LI><a href="#[123]">&gt;&gt;</a>&nbsp;&nbsp;&nbsp;Key_Init
</UL>

<P><STRONG><a name="[44]"></a>ADC_Button_Read</STRONG> (Thumb, 530 bytes, Stack size 36 bytes, adc_button.o(i.ADC_Button_Read))
<BR><BR>[Stack]<UL><LI>Max Depth = 36<LI>Call Chain = ADC_Button_Read
</UL>
<BR>[Called By]<UL><LI><a href="#[43]">&gt;&gt;</a>&nbsp;&nbsp;&nbsp;ADC_Button_Scan
</UL>

<P><STRONG><a name="[43]"></a>ADC_Button_Scan</STRONG> (Thumb, 520 bytes, Stack size 48 bytes, adc_button.o(i.ADC_Button_Scan))
<BR><BR>[Stack]<UL><LI>Max Depth = 88<LI>Call Chain = ADC_Button_Scan &rArr; Read_ADC_Button2_State_All &rArr; Read_ADC_Button_State_One &rArr; millis &rArr; micros
</UL>
<BR>[Calls]<UL><LI><a href="#[47]">&gt;&gt;</a>&nbsp;&nbsp;&nbsp;Bling_Set
<LI><a href="#[46]">&gt;&gt;</a>&nbsp;&nbsp;&nbsp;Read_ADC_Button2_State_All
<LI><a href="#[45]">&gt;&gt;</a>&nbsp;&nbsp;&nbsp;Read_ADC_Button1_State_All
<LI><a href="#[44]">&gt;&gt;</a>&nbsp;&nbsp;&nbsp;ADC_Button_Read
</UL>
<BR>[Called By]<UL><LI><a href="#[14]">&gt;&gt;</a>&nbsp;&nbsp;&nbsp;TIMER0A_Handler
</UL>

<P><STRONG><a name="[48]"></a>ADC_Init</STRONG> (Thumb, 170 bytes, Stack size 8 bytes, wp_adc.o(i.ADC_Init))
<BR><BR>[Stack]<UL><LI>Max Depth = 44<LI>Call Chain = ADC_Init &rArr; GPIOPinTypeADC &rArr; GPIOPadConfigSet
</UL>
<BR>[Calls]<UL><LI><a href="#[3f]">&gt;&gt;</a>&nbsp;&nbsp;&nbsp;IntEnable
<LI><a href="#[4d]">&gt;&gt;</a>&nbsp;&nbsp;&nbsp;ADCSequenceStepConfigure
<LI><a href="#[4e]">&gt;&gt;</a>&nbsp;&nbsp;&nbsp;ADCSequenceEnable
<LI><a href="#[4c]">&gt;&gt;</a>&nbsp;&nbsp;&nbsp;ADCSequenceConfigure
<LI><a href="#[3c]">&gt;&gt;</a>&nbsp;&nbsp;&nbsp;ADCIntRegister
<LI><a href="#[50]">&gt;&gt;</a>&nbsp;&nbsp;&nbsp;ADCIntEnableEx
<LI><a href="#[4f]">&gt;&gt;</a>&nbsp;&nbsp;&nbsp;ADCIntEnable
<LI><a href="#[3a]">&gt;&gt;</a>&nbsp;&nbsp;&nbsp;ADCIntClear
<LI><a href="#[4a]">&gt;&gt;</a>&nbsp;&nbsp;&nbsp;SysCtlPeripheralReady
<LI><a href="#[4b]">&gt;&gt;</a>&nbsp;&nbsp;&nbsp;GPIOPinTypeADC
<LI><a href="#[51]">&gt;&gt;</a>&nbsp;&nbsp;&nbsp;IntPrioritySet
<LI><a href="#[49]">&gt;&gt;</a>&nbsp;&nbsp;&nbsp;SysCtlPeripheralEnable
</UL>
<BR>[Called By]<UL><LI><a href="#[11f]">&gt;&gt;</a>&nbsp;&nbsp;&nbsp;HardWave_Init
</UL>

<P><STRONG><a name="[52]"></a>ADC_Sample_Trigger</STRONG> (Thumb, 28 bytes, Stack size 0 bytes, wp_adc.o(i.ADC_Sample_Trigger))
<BR><BR>[Calls]<UL><LI><a href="#[53]">&gt;&gt;</a>&nbsp;&nbsp;&nbsp;ADCProcessorTrigger
</UL>
<BR>[Called By]<UL><LI><a href="#[14]">&gt;&gt;</a>&nbsp;&nbsp;&nbsp;TIMER0A_Handler
</UL>

<P><STRONG><a name="[54]"></a>Accel_Calibartion</STRONG> (Thumb, 398 bytes, Stack size 64 bytes, calibration.o(i.Accel_Calibartion))
<BR><BR>[Stack]<UL><LI>Max Depth = 752<LI>Call Chain = Accel_Calibartion &rArr; Calibrate_accel &rArr; gaussElimination_six_order &rArr; __aeabi_dmul
</UL>
<BR>[Calls]<UL><LI><a href="#[56]">&gt;&gt;</a>&nbsp;&nbsp;&nbsp;WriteFlashParameter_Three
<LI><a href="#[47]">&gt;&gt;</a>&nbsp;&nbsp;&nbsp;Bling_Set
<LI><a href="#[57]">&gt;&gt;</a>&nbsp;&nbsp;&nbsp;Parameter_Init
<LI><a href="#[55]">&gt;&gt;</a>&nbsp;&nbsp;&nbsp;Calibrate_accel
</UL>
<BR>[Called By]<UL><LI><a href="#[24]">&gt;&gt;</a>&nbsp;&nbsp;&nbsp;main
</UL>

<P><STRONG><a name="[58]"></a>Accel_Calibration_Check</STRONG> (Thumb, 780 bytes, Stack size 48 bytes, calibration.o(i.Accel_Calibration_Check))
<BR><BR>[Stack]<UL><LI>Max Depth = 64<LI>Call Chain = Accel_Calibration_Check &rArr; Bling_Set
</UL>
<BR>[Calls]<UL><LI><a href="#[47]">&gt;&gt;</a>&nbsp;&nbsp;&nbsp;Bling_Set
<LI><a href="#[5a]">&gt;&gt;</a>&nbsp;&nbsp;&nbsp;Reset_RC_Calibartion
<LI><a href="#[59]">&gt;&gt;</a>&nbsp;&nbsp;&nbsp;Reset_Mag_Calibartion
</UL>
<BR>[Called By]<UL><LI><a href="#[93]">&gt;&gt;</a>&nbsp;&nbsp;&nbsp;Calibration_All_Check
</UL>

<P><STRONG><a name="[5b]"></a>Agriculture_UAV_Closeloop</STRONG> (Thumb, 846 bytes, Stack size 48 bytes, subtask_demo.o(i.Agriculture_UAV_Closeloop))
<BR><BR>[Stack]<UL><LI>Max Depth = 264<LI>Call Chain = Agriculture_UAV_Closeloop &rArr; basic_auto_flight_support &rArr; OpticalFlow_Control_Pure &rArr; Horizontal_Control_VIO &rArr; Horizontal_Control_VIO_Pure &rArr; OpticalFlow_Vel_Control &rArr; ENU_Desired_Accel_Transform_Angle &rArr; constrain_float
</UL>
<BR>[Calls]<UL><LI><a href="#[5d]">&gt;&gt;</a>&nbsp;&nbsp;&nbsp;pythagorous2
<LI><a href="#[61]">&gt;&gt;</a>&nbsp;&nbsp;&nbsp;Flight_Alt_Hold_Control
<LI><a href="#[60]">&gt;&gt;</a>&nbsp;&nbsp;&nbsp;OpticalFlow_Control_Pure
<LI><a href="#[5f]">&gt;&gt;</a>&nbsp;&nbsp;&nbsp;Horizontal_Navigation
<LI><a href="#[5e]">&gt;&gt;</a>&nbsp;&nbsp;&nbsp;work_waypoint_generate
<LI><a href="#[5c]">&gt;&gt;</a>&nbsp;&nbsp;&nbsp;basic_auto_flight_support
</UL>
<BR>[Called By]<UL><LI><a href="#[6f]">&gt;&gt;</a>&nbsp;&nbsp;&nbsp;Auto_Flight_Ctrl
</UL>

<P><STRONG><a name="[62]"></a>Air_Ground_Extinguish_Fire_System_Basic</STRONG> (Thumb, 660 bytes, Stack size 56 bytes, subtask_demo.o(i.Air_Ground_Extinguish_Fire_System_Basic))
<BR><BR>[Stack]<UL><LI>Max Depth = 272<LI>Call Chain = Air_Ground_Extinguish_Fire_System_Basic &rArr; basic_auto_flight_support &rArr; OpticalFlow_Control_Pure &rArr; Horizontal_Control_VIO &rArr; Horizontal_Control_VIO_Pure &rArr; OpticalFlow_Vel_Control &rArr; ENU_Desired_Accel_Transform_Angle &rArr; constrain_float
</UL>
<BR>[Calls]<UL><LI><a href="#[64]">&gt;&gt;</a>&nbsp;&nbsp;&nbsp;pythagorous3
<LI><a href="#[5d]">&gt;&gt;</a>&nbsp;&nbsp;&nbsp;pythagorous2
<LI><a href="#[63]">&gt;&gt;</a>&nbsp;&nbsp;&nbsp;constrain_int32
<LI><a href="#[61]">&gt;&gt;</a>&nbsp;&nbsp;&nbsp;Flight_Alt_Hold_Control
<LI><a href="#[60]">&gt;&gt;</a>&nbsp;&nbsp;&nbsp;OpticalFlow_Control_Pure
<LI><a href="#[5f]">&gt;&gt;</a>&nbsp;&nbsp;&nbsp;Horizontal_Navigation
<LI><a href="#[5c]">&gt;&gt;</a>&nbsp;&nbsp;&nbsp;basic_auto_flight_support
</UL>
<BR>[Called By]<UL><LI><a href="#[6f]">&gt;&gt;</a>&nbsp;&nbsp;&nbsp;Auto_Flight_Ctrl
</UL>

<P><STRONG><a name="[65]"></a>Air_Ground_Extinguish_Fire_System_Innovation</STRONG> (Thumb, 1630 bytes, Stack size 56 bytes, subtask_demo.o(i.Air_Ground_Extinguish_Fire_System_Innovation))
<BR><BR>[Stack]<UL><LI>Max Depth = 288<LI>Call Chain = Air_Ground_Extinguish_Fire_System_Innovation &rArr; Color_Block_Control_Pilot &rArr; OpticalFlow_Control_Pure &rArr; Horizontal_Control_VIO &rArr; Horizontal_Control_VIO_Pure &rArr; OpticalFlow_Vel_Control &rArr; ENU_Desired_Accel_Transform_Angle &rArr; constrain_float
</UL>
<BR>[Calls]<UL><LI><a href="#[68]">&gt;&gt;</a>&nbsp;&nbsp;&nbsp;constrain_float
<LI><a href="#[66]">&gt;&gt;</a>&nbsp;&nbsp;&nbsp;Reserved_PWM2_Output
<LI><a href="#[64]">&gt;&gt;</a>&nbsp;&nbsp;&nbsp;pythagorous3
<LI><a href="#[5d]">&gt;&gt;</a>&nbsp;&nbsp;&nbsp;pythagorous2
<LI><a href="#[63]">&gt;&gt;</a>&nbsp;&nbsp;&nbsp;constrain_int32
<LI><a href="#[61]">&gt;&gt;</a>&nbsp;&nbsp;&nbsp;Flight_Alt_Hold_Control
<LI><a href="#[60]">&gt;&gt;</a>&nbsp;&nbsp;&nbsp;OpticalFlow_Control_Pure
<LI><a href="#[5f]">&gt;&gt;</a>&nbsp;&nbsp;&nbsp;Horizontal_Navigation
<LI><a href="#[67]">&gt;&gt;</a>&nbsp;&nbsp;&nbsp;Color_Block_Control_Pilot
<LI><a href="#[5c]">&gt;&gt;</a>&nbsp;&nbsp;&nbsp;basic_auto_flight_support
</UL>
<BR>[Called By]<UL><LI><a href="#[6f]">&gt;&gt;</a>&nbsp;&nbsp;&nbsp;Auto_Flight_Ctrl
</UL>

<P><STRONG><a name="[1f8]"></a>Alt_SINS_Init</STRONG> (Thumb, 88 bytes, Stack size 0 bytes, sins.o(i.Alt_SINS_Init))
<BR><BR>[Called By]<UL><LI><a href="#[116]">&gt;&gt;</a>&nbsp;&nbsp;&nbsp;Strapdown_INS_High_Kalman
</UL>

<P><STRONG><a name="[69]"></a>Angle_Control_Target</STRONG> (Thumb, 864 bytes, Stack size 40 bytes, wp_ctrl.o(i.Angle_Control_Target))
<BR><BR>[Stack]<UL><LI>Max Depth = 80<LI>Call Chain = Angle_Control_Target &rArr; PID_Control &rArr; Get_Systime &rArr; micros
</UL>
<BR>[Calls]<UL><LI><a href="#[6c]">&gt;&gt;</a>&nbsp;&nbsp;&nbsp;millis
<LI><a href="#[68]">&gt;&gt;</a>&nbsp;&nbsp;&nbsp;constrain_float
<LI><a href="#[6a]">&gt;&gt;</a>&nbsp;&nbsp;&nbsp;PID_Control
<LI><a href="#[6b]">&gt;&gt;</a>&nbsp;&nbsp;&nbsp;PID_Control_Yaw
</UL>
<BR>[Called By]<UL><LI><a href="#[6d]">&gt;&gt;</a>&nbsp;&nbsp;&nbsp;Attitude_Control
</UL>

<P><STRONG><a name="[6d]"></a>Attitude_Control</STRONG> (Thumb, 16 bytes, Stack size 8 bytes, wp_ctrl.o(i.Attitude_Control))
<BR><BR>[Stack]<UL><LI>Max Depth = 96<LI>Call Chain = Attitude_Control &rArr; Gyro_Control &rArr; pid_ctrl_rpy_gyro_maple &rArr; constrain_float
</UL>
<BR>[Calls]<UL><LI><a href="#[6e]">&gt;&gt;</a>&nbsp;&nbsp;&nbsp;Gyro_Control
<LI><a href="#[69]">&gt;&gt;</a>&nbsp;&nbsp;&nbsp;Angle_Control_Target
</UL>
<BR>[Called By]<UL><LI><a href="#[98]">&gt;&gt;</a>&nbsp;&nbsp;&nbsp;Total_Control
</UL>

<P><STRONG><a name="[6f]"></a>Auto_Flight_Ctrl</STRONG> (Thumb, 712 bytes, Stack size 32 bytes, developer_mode.o(i.Auto_Flight_Ctrl))
<BR><BR>[Stack]<UL><LI>Max Depth = 328<LI>Call Chain = Auto_Flight_Ctrl &rArr; Deliver_UAV_Innovation &rArr; Color_Block_Control_Pilot &rArr; OpticalFlow_Control_Pure &rArr; Horizontal_Control_VIO &rArr; Horizontal_Control_VIO_Pure &rArr; OpticalFlow_Vel_Control &rArr; ENU_Desired_Accel_Transform_Angle &rArr; constrain_float
</UL>
<BR>[Calls]<UL><LI><a href="#[7b]">&gt;&gt;</a>&nbsp;&nbsp;&nbsp;SDK_DT_Send_Check
<LI><a href="#[61]">&gt;&gt;</a>&nbsp;&nbsp;&nbsp;Flight_Alt_Hold_Control
<LI><a href="#[71]">&gt;&gt;</a>&nbsp;&nbsp;&nbsp;Top_APrilTag_Control_Pilot
<LI><a href="#[72]">&gt;&gt;</a>&nbsp;&nbsp;&nbsp;Self_Track_Control_Pilot
<LI><a href="#[81]">&gt;&gt;</a>&nbsp;&nbsp;&nbsp;OpticalFlow_Control
<LI><a href="#[74]">&gt;&gt;</a>&nbsp;&nbsp;&nbsp;Front_Surround_Pole_Control_Pilot
<LI><a href="#[73]">&gt;&gt;</a>&nbsp;&nbsp;&nbsp;Front_AprilTag_Control_Pilot
<LI><a href="#[67]">&gt;&gt;</a>&nbsp;&nbsp;&nbsp;Color_Block_Control_Pilot
<LI><a href="#[7c]">&gt;&gt;</a>&nbsp;&nbsp;&nbsp;ros_flight_support
<LI><a href="#[79]">&gt;&gt;</a>&nbsp;&nbsp;&nbsp;flight_subtask_8
<LI><a href="#[78]">&gt;&gt;</a>&nbsp;&nbsp;&nbsp;flight_subtask_7
<LI><a href="#[77]">&gt;&gt;</a>&nbsp;&nbsp;&nbsp;flight_subtask_5
<LI><a href="#[76]">&gt;&gt;</a>&nbsp;&nbsp;&nbsp;flight_subtask_3
<LI><a href="#[75]">&gt;&gt;</a>&nbsp;&nbsp;&nbsp;flight_subtask_1
<LI><a href="#[5c]">&gt;&gt;</a>&nbsp;&nbsp;&nbsp;basic_auto_flight_support
<LI><a href="#[80]">&gt;&gt;</a>&nbsp;&nbsp;&nbsp;Navigation_User_Setpoint
<LI><a href="#[7e]">&gt;&gt;</a>&nbsp;&nbsp;&nbsp;Deliver_UAV_Innovation
<LI><a href="#[7f]">&gt;&gt;</a>&nbsp;&nbsp;&nbsp;Deliver_UAV_Hulahoop
<LI><a href="#[7d]">&gt;&gt;</a>&nbsp;&nbsp;&nbsp;Deliver_UAV_Basic
<LI><a href="#[7a]">&gt;&gt;</a>&nbsp;&nbsp;&nbsp;Auto_Takeoff
<LI><a href="#[65]">&gt;&gt;</a>&nbsp;&nbsp;&nbsp;Air_Ground_Extinguish_Fire_System_Innovation
<LI><a href="#[62]">&gt;&gt;</a>&nbsp;&nbsp;&nbsp;Air_Ground_Extinguish_Fire_System_Basic
<LI><a href="#[5b]">&gt;&gt;</a>&nbsp;&nbsp;&nbsp;Agriculture_UAV_Closeloop
<LI><a href="#[70]">&gt;&gt;</a>&nbsp;&nbsp;&nbsp;NCQ_SDK_Run
</UL>
<BR>[Called By]<UL><LI><a href="#[169]">&gt;&gt;</a>&nbsp;&nbsp;&nbsp;Main_Leading_Control
</UL>

<P><STRONG><a name="[7a]"></a>Auto_Takeoff</STRONG> (Thumb, 164 bytes, Stack size 24 bytes, subtask_demo.o(i.Auto_Takeoff))
<BR><BR>[Stack]<UL><LI>Max Depth = 240<LI>Call Chain = Auto_Takeoff &rArr; basic_auto_flight_support &rArr; OpticalFlow_Control_Pure &rArr; Horizontal_Control_VIO &rArr; Horizontal_Control_VIO_Pure &rArr; OpticalFlow_Vel_Control &rArr; ENU_Desired_Accel_Transform_Angle &rArr; constrain_float
</UL>
<BR>[Calls]<UL><LI><a href="#[5f]">&gt;&gt;</a>&nbsp;&nbsp;&nbsp;Horizontal_Navigation
<LI><a href="#[5c]">&gt;&gt;</a>&nbsp;&nbsp;&nbsp;basic_auto_flight_support
</UL>
<BR>[Called By]<UL><LI><a href="#[6f]">&gt;&gt;</a>&nbsp;&nbsp;&nbsp;Auto_Flight_Ctrl
</UL>

<P><STRONG><a name="[82]"></a>Battery_Voltage_Detection</STRONG> (Thumb, 114 bytes, Stack size 8 bytes, wp_adc.o(i.Battery_Voltage_Detection))
<BR><BR>[Stack]<UL><LI>Max Depth = 8<LI>Call Chain = Battery_Voltage_Detection
</UL>
<BR>[Calls]<UL><LI><a href="#[83]">&gt;&gt;</a>&nbsp;&nbsp;&nbsp;buzzer_setup
</UL>
<BR>[Called By]<UL><LI><a href="#[14]">&gt;&gt;</a>&nbsp;&nbsp;&nbsp;TIMER0A_Handler
</UL>

<P><STRONG><a name="[84]"></a>Bling_Init</STRONG> (Thumb, 24 bytes, Stack size 8 bytes, bling.o(i.Bling_Init))
<BR><BR>[Stack]<UL><LI>Max Depth = 52<LI>Call Chain = Bling_Init &rArr; Quad_Start_Bling &rArr; Bling_Set
</UL>
<BR>[Calls]<UL><LI><a href="#[85]">&gt;&gt;</a>&nbsp;&nbsp;&nbsp;GPIOPinTypeGPIOOutput
<LI><a href="#[49]">&gt;&gt;</a>&nbsp;&nbsp;&nbsp;SysCtlPeripheralEnable
<LI><a href="#[86]">&gt;&gt;</a>&nbsp;&nbsp;&nbsp;Quad_Start_Bling
</UL>
<BR>[Called By]<UL><LI><a href="#[11f]">&gt;&gt;</a>&nbsp;&nbsp;&nbsp;HardWave_Init
</UL>

<P><STRONG><a name="[87]"></a>Bling_Process</STRONG> (Thumb, 130 bytes, Stack size 8 bytes, bling.o(i.Bling_Process))
<BR><BR>[Stack]<UL><LI>Max Depth = 8<LI>Call Chain = Bling_Process
</UL>
<BR>[Calls]<UL><LI><a href="#[88]">&gt;&gt;</a>&nbsp;&nbsp;&nbsp;GPIOPinWrite
</UL>
<BR>[Called By]<UL><LI><a href="#[89]">&gt;&gt;</a>&nbsp;&nbsp;&nbsp;Bling_Working
</UL>

<P><STRONG><a name="[47]"></a>Bling_Set</STRONG> (Thumb, 48 bytes, Stack size 16 bytes, bling.o(i.Bling_Set))
<BR><BR>[Stack]<UL><LI>Max Depth = 16<LI>Call Chain = Bling_Set
</UL>
<BR>[Called By]<UL><LI><a href="#[86]">&gt;&gt;</a>&nbsp;&nbsp;&nbsp;Quad_Start_Bling
<LI><a href="#[94]">&gt;&gt;</a>&nbsp;&nbsp;&nbsp;Mag_Calibration_Check
<LI><a href="#[11c]">&gt;&gt;</a>&nbsp;&nbsp;&nbsp;Gyro_Calibration_Check
<LI><a href="#[95]">&gt;&gt;</a>&nbsp;&nbsp;&nbsp;ESC_Calibration_Check
<LI><a href="#[58]">&gt;&gt;</a>&nbsp;&nbsp;&nbsp;Accel_Calibration_Check
<LI><a href="#[1b9]">&gt;&gt;</a>&nbsp;&nbsp;&nbsp;QuadShow
<LI><a href="#[165]">&gt;&gt;</a>&nbsp;&nbsp;&nbsp;Mag_Calibartion_LS
<LI><a href="#[132]">&gt;&gt;</a>&nbsp;&nbsp;&nbsp;Horizontal_Calibration_Check
<LI><a href="#[54]">&gt;&gt;</a>&nbsp;&nbsp;&nbsp;Accel_Calibartion
<LI><a href="#[1d4]">&gt;&gt;</a>&nbsp;&nbsp;&nbsp;Remote_Control
<LI><a href="#[43]">&gt;&gt;</a>&nbsp;&nbsp;&nbsp;ADC_Button_Scan
<LI><a href="#[172]">&gt;&gt;</a>&nbsp;&nbsp;&nbsp;Pilot_Status_Tick
<LI><a href="#[c7]">&gt;&gt;</a>&nbsp;&nbsp;&nbsp;overturn_check
<LI><a href="#[99]">&gt;&gt;</a>&nbsp;&nbsp;&nbsp;Control_Output
<LI><a href="#[19c]">&gt;&gt;</a>&nbsp;&nbsp;&nbsp;Openmv_Data_Receive_Anl_1
</UL>

<P><STRONG><a name="[89]"></a>Bling_Working</STRONG> (Thumb, 414 bytes, Stack size 8 bytes, bling.o(i.Bling_Working))
<BR><BR>[Stack]<UL><LI>Max Depth = 16<LI>Call Chain = Bling_Working &rArr; Bling_Process
</UL>
<BR>[Calls]<UL><LI><a href="#[88]">&gt;&gt;</a>&nbsp;&nbsp;&nbsp;GPIOPinWrite
<LI><a href="#[8a]">&gt;&gt;</a>&nbsp;&nbsp;&nbsp;GPIO_SetBits
<LI><a href="#[87]">&gt;&gt;</a>&nbsp;&nbsp;&nbsp;Bling_Process
</UL>
<BR>[Called By]<UL><LI><a href="#[14]">&gt;&gt;</a>&nbsp;&nbsp;&nbsp;TIMER0A_Handler
</UL>

<P><STRONG><a name="[8b]"></a>Board_Buzzer_Work</STRONG> (Thumb, 130 bytes, Stack size 16 bytes, reserved_io.o(i.Board_Buzzer_Work))
<BR><BR>[Stack]<UL><LI>Max Depth = 16<LI>Call Chain = Board_Buzzer_Work
</UL>
<BR>[Calls]<UL><LI><a href="#[88]">&gt;&gt;</a>&nbsp;&nbsp;&nbsp;GPIOPinWrite
</UL>
<BR>[Called By]<UL><LI><a href="#[14]">&gt;&gt;</a>&nbsp;&nbsp;&nbsp;TIMER0A_Handler
</UL>

<P><STRONG><a name="[8c]"></a>Butterworth_Parameter_Init</STRONG> (Thumb, 24 bytes, Stack size 8 bytes, filter.o(i.Butterworth_Parameter_Init))
<BR><BR>[Stack]<UL><LI>Max Depth = 960<LI>Call Chain = Butterworth_Parameter_Init &rArr; sensor_filter_init &rArr; iir_high_order_filter_init &rArr; filterIIRButterLowpass &rArr; __hardfp_pow &rArr; sqrt &rArr; _dsqrt &rArr; __fpl_dnaninf
</UL>
<BR>[Calls]<UL><LI><a href="#[8e]">&gt;&gt;</a>&nbsp;&nbsp;&nbsp;sensor_filter_init
<LI><a href="#[8d]">&gt;&gt;</a>&nbsp;&nbsp;&nbsp;set_cutoff_frequency
</UL>
<BR>[Called By]<UL><LI><a href="#[11f]">&gt;&gt;</a>&nbsp;&nbsp;&nbsp;HardWave_Init
</UL>

<P><STRONG><a name="[171]"></a>Byte2Float</STRONG> (Thumb, 32 bytes, Stack size 8 bytes, nclink.o(i.Byte2Float))
<BR><BR>[Stack]<UL><LI>Max Depth = 8<LI>Call Chain = Byte2Float
</UL>
<BR>[Called By]<UL><LI><a href="#[175]">&gt;&gt;</a>&nbsp;&nbsp;&nbsp;NCLink_GS_Prase_Data
<LI><a href="#[16e]">&gt;&gt;</a>&nbsp;&nbsp;&nbsp;NCLink_Data_Prase_Process
<LI><a href="#[170]">&gt;&gt;</a>&nbsp;&nbsp;&nbsp;NCLink_Data_Prase_Process_Lite
</UL>

<P><STRONG><a name="[55]"></a>Calibrate_accel</STRONG> (Thumb, 536 bytes, Stack size 264 bytes, calibration.o(i.Calibrate_accel))
<BR><BR>[Stack]<UL><LI>Max Depth = 688<LI>Call Chain = Calibrate_accel &rArr; gaussElimination_six_order &rArr; __aeabi_dmul
</UL>
<BR>[Calls]<UL><LI><a href="#[92]">&gt;&gt;</a>&nbsp;&nbsp;&nbsp;gaussElimination_six_order
<LI><a href="#[91]">&gt;&gt;</a>&nbsp;&nbsp;&nbsp;Calibrate_Update_Matrices
<LI><a href="#[90]">&gt;&gt;</a>&nbsp;&nbsp;&nbsp;Calibrate_Reset_Matrices
<LI><a href="#[8f]">&gt;&gt;</a>&nbsp;&nbsp;&nbsp;__aeabi_memclr4
</UL>
<BR>[Called By]<UL><LI><a href="#[54]">&gt;&gt;</a>&nbsp;&nbsp;&nbsp;Accel_Calibartion
</UL>

<P><STRONG><a name="[93]"></a>Calibration_All_Check</STRONG> (Thumb, 28 bytes, Stack size 8 bytes, calibration.o(i.Calibration_All_Check))
<BR><BR>[Stack]<UL><LI>Max Depth = 104<LI>Call Chain = Calibration_All_Check &rArr; ESC_Calibration_Check &rArr; WriteFlashParameter &rArr; EEPROMProgram &rArr; _EEPROMSectorMaskSet
</UL>
<BR>[Calls]<UL><LI><a href="#[94]">&gt;&gt;</a>&nbsp;&nbsp;&nbsp;Mag_Calibration_Check
<LI><a href="#[95]">&gt;&gt;</a>&nbsp;&nbsp;&nbsp;ESC_Calibration_Check
<LI><a href="#[58]">&gt;&gt;</a>&nbsp;&nbsp;&nbsp;Accel_Calibration_Check
</UL>
<BR>[Called By]<UL><LI><a href="#[14]">&gt;&gt;</a>&nbsp;&nbsp;&nbsp;TIMER0A_Handler
</UL>

<P><STRONG><a name="[96]"></a>CarryPilot_Control</STRONG> (Thumb, 36 bytes, Stack size 8 bytes, wp_ctrl.o(i.CarryPilot_Control))
<BR><BR>[Stack]<UL><LI>Max Depth = 376<LI>Call Chain = CarryPilot_Control &rArr; Total_Control &rArr; Main_Leading_Control &rArr; Auto_Flight_Ctrl &rArr; Deliver_UAV_Innovation &rArr; Color_Block_Control_Pilot &rArr; OpticalFlow_Control_Pure &rArr; Horizontal_Control_VIO &rArr; Horizontal_Control_VIO_Pure &rArr; OpticalFlow_Vel_Control &rArr; ENU_Desired_Accel_Transform_Angle &rArr; constrain_float
</UL>
<BR>[Calls]<UL><LI><a href="#[98]">&gt;&gt;</a>&nbsp;&nbsp;&nbsp;Total_Control
<LI><a href="#[97]">&gt;&gt;</a>&nbsp;&nbsp;&nbsp;Controler_Mode_Select
<LI><a href="#[99]">&gt;&gt;</a>&nbsp;&nbsp;&nbsp;Control_Output
</UL>
<BR>[Called By]<UL><LI><a href="#[14]">&gt;&gt;</a>&nbsp;&nbsp;&nbsp;TIMER0A_Handler
</UL>

<P><STRONG><a name="[1d9]"></a>Check_Calibration_Flag</STRONG> (Thumb, 36 bytes, Stack size 0 bytes, calibration.o(i.Check_Calibration_Flag))
<BR><BR>[Called By]<UL><LI><a href="#[1d4]">&gt;&gt;</a>&nbsp;&nbsp;&nbsp;Remote_Control
</UL>

<P><STRONG><a name="[9a]"></a>Check_Front_Tofsense</STRONG> (Thumb, 284 bytes, Stack size 40 bytes, tofsensor.o(i.Check_Front_Tofsense))
<BR><BR>[Stack]<UL><LI>Max Depth = 72<LI>Call Chain = Check_Front_Tofsense &rArr; __hardfp_fminf &rArr; __ARM_fcmp4
</UL>
<BR>[Calls]<UL><LI><a href="#[8f]">&gt;&gt;</a>&nbsp;&nbsp;&nbsp;__aeabi_memclr4
<LI><a href="#[9b]">&gt;&gt;</a>&nbsp;&nbsp;&nbsp;__hardfp_fminf
</UL>
<BR>[Called By]<UL><LI><a href="#[118]">&gt;&gt;</a>&nbsp;&nbsp;&nbsp;Ground_Sensor_Statemachine
</UL>

<P><STRONG><a name="[167]"></a>Check_Plane_Sampling_Okay</STRONG> (Thumb, 174 bytes, Stack size 8 bytes, calibration.o(i.Check_Plane_Sampling_Okay))
<BR><BR>[Stack]<UL><LI>Max Depth = 8<LI>Call Chain = Check_Plane_Sampling_Okay
</UL>
<BR>[Called By]<UL><LI><a href="#[165]">&gt;&gt;</a>&nbsp;&nbsp;&nbsp;Mag_Calibartion_LS
</UL>

<P><STRONG><a name="[9c]"></a>Circle_Waypoint_Generate</STRONG> (Thumb, 186 bytes, Stack size 32 bytes, subtask_demo.o(i.Circle_Waypoint_Generate))
<BR><BR>[Stack]<UL><LI>Max Depth = 216<LI>Call Chain = Circle_Waypoint_Generate &rArr; __hardfp_cos &rArr; __ieee754_rem_pio2 &rArr; __aeabi_dmul
</UL>
<BR>[Calls]<UL><LI><a href="#[9e]">&gt;&gt;</a>&nbsp;&nbsp;&nbsp;__hardfp_cos
<LI><a href="#[9d]">&gt;&gt;</a>&nbsp;&nbsp;&nbsp;__aeabi_f2d
<LI><a href="#[9f]">&gt;&gt;</a>&nbsp;&nbsp;&nbsp;__aeabi_dmul
<LI><a href="#[a0]">&gt;&gt;</a>&nbsp;&nbsp;&nbsp;__aeabi_dsub
<LI><a href="#[a1]">&gt;&gt;</a>&nbsp;&nbsp;&nbsp;__aeabi_d2f
<LI><a href="#[a2]">&gt;&gt;</a>&nbsp;&nbsp;&nbsp;__hardfp_sin
</UL>
<BR>[Called By]<UL><LI><a href="#[79]">&gt;&gt;</a>&nbsp;&nbsp;&nbsp;flight_subtask_8
</UL>

<P><STRONG><a name="[67]"></a>Color_Block_Control_Pilot</STRONG> (Thumb, 212 bytes, Stack size 24 bytes, opticalflow_control.o(i.Color_Block_Control_Pilot))
<BR><BR>[Stack]<UL><LI>Max Depth = 232<LI>Call Chain = Color_Block_Control_Pilot &rArr; OpticalFlow_Control_Pure &rArr; Horizontal_Control_VIO &rArr; Horizontal_Control_VIO_Pure &rArr; OpticalFlow_Vel_Control &rArr; ENU_Desired_Accel_Transform_Angle &rArr; constrain_float
</UL>
<BR>[Calls]<UL><LI><a href="#[a3]">&gt;&gt;</a>&nbsp;&nbsp;&nbsp;OpticalFlow_Vel_Control
<LI><a href="#[60]">&gt;&gt;</a>&nbsp;&nbsp;&nbsp;OpticalFlow_Control_Pure
<LI><a href="#[a4]">&gt;&gt;</a>&nbsp;&nbsp;&nbsp;PID_Control_SDK_Err_LPF
</UL>
<BR>[Called By]<UL><LI><a href="#[6f]">&gt;&gt;</a>&nbsp;&nbsp;&nbsp;Auto_Flight_Ctrl
<LI><a href="#[7e]">&gt;&gt;</a>&nbsp;&nbsp;&nbsp;Deliver_UAV_Innovation
<LI><a href="#[7d]">&gt;&gt;</a>&nbsp;&nbsp;&nbsp;Deliver_UAV_Basic
<LI><a href="#[65]">&gt;&gt;</a>&nbsp;&nbsp;&nbsp;Air_Ground_Extinguish_Fire_System_Innovation
</UL>

<P><STRONG><a name="[198]"></a>Compass_Fault_Check</STRONG> (Thumb, 128 bytes, Stack size 8 bytes, compass.o(i.Compass_Fault_Check))
<BR><BR>[Stack]<UL><LI>Max Depth = 8<LI>Call Chain = Compass_Fault_Check
</UL>
<BR>[Called By]<UL><LI><a href="#[197]">&gt;&gt;</a>&nbsp;&nbsp;&nbsp;OBS_Sensor_Update
</UL>

<P><STRONG><a name="[a5]"></a>Compass_Init</STRONG> (Thumb, 70 bytes, Stack size 8 bytes, compass.o(i.Compass_Init))
<BR><BR>[Stack]<UL><LI>Max Depth = 76<LI>Call Chain = Compass_Init &rArr; set_cutoff_frequency &rArr; __hardfp_tanf &rArr; __mathlib_rredf2
</UL>
<BR>[Calls]<UL><LI><a href="#[8d]">&gt;&gt;</a>&nbsp;&nbsp;&nbsp;set_cutoff_frequency
<LI><a href="#[a7]">&gt;&gt;</a>&nbsp;&nbsp;&nbsp;Delay_Ms
<LI><a href="#[a9]">&gt;&gt;</a>&nbsp;&nbsp;&nbsp;QMC5883L_Init
<LI><a href="#[a8]">&gt;&gt;</a>&nbsp;&nbsp;&nbsp;Single_ReadI2C0
<LI><a href="#[a6]">&gt;&gt;</a>&nbsp;&nbsp;&nbsp;I2C_GPIO_Config
</UL>
<BR>[Called By]<UL><LI><a href="#[11f]">&gt;&gt;</a>&nbsp;&nbsp;&nbsp;HardWave_Init
</UL>

<P><STRONG><a name="[aa]"></a>Compass_Read_Data</STRONG> (Thumb, 218 bytes, Stack size 40 bytes, compass.o(i.Compass_Read_Data))
<BR><BR>[Stack]<UL><LI>Max Depth = 64<LI>Call Chain = Compass_Read_Data &rArr; Single_ReadI2C0 &rArr; i2c0Read
</UL>
<BR>[Calls]<UL><LI><a href="#[a8]">&gt;&gt;</a>&nbsp;&nbsp;&nbsp;Single_ReadI2C0
</UL>
<BR>[Called By]<UL><LI><a href="#[197]">&gt;&gt;</a>&nbsp;&nbsp;&nbsp;OBS_Sensor_Update
<LI><a href="#[f3]">&gt;&gt;</a>&nbsp;&nbsp;&nbsp;Euler_Angle_Init
</UL>

<P><STRONG><a name="[ab]"></a>Compute_Rotation_Matrix_From_Quad</STRONG> (Thumb, 290 bytes, Stack size 16 bytes, sensor.o(i.Compute_Rotation_Matrix_From_Quad))
<BR><BR>[Stack]<UL><LI>Max Depth = 16<LI>Call Chain = Compute_Rotation_Matrix_From_Quad
</UL>
<BR>[Calls]<UL><LI><a href="#[ac]">&gt;&gt;</a>&nbsp;&nbsp;&nbsp;FastSin
<LI><a href="#[ad]">&gt;&gt;</a>&nbsp;&nbsp;&nbsp;FastCos
</UL>
<BR>[Called By]<UL><LI><a href="#[112]">&gt;&gt;</a>&nbsp;&nbsp;&nbsp;Get_Status_Feedback
</UL>

<P><STRONG><a name="[ae]"></a>Config_Init_Uart</STRONG> (Thumb, 218 bytes, Stack size 32 bytes, opticalflow_lc306.o(i.Config_Init_Uart))
<BR><BR>[Stack]<UL><LI>Max Depth = 32<LI>Call Chain = Config_Init_Uart
</UL>
<BR>[Calls]<UL><LI><a href="#[b1]">&gt;&gt;</a>&nbsp;&nbsp;&nbsp;UARTCharsAvail
<LI><a href="#[b2]">&gt;&gt;</a>&nbsp;&nbsp;&nbsp;UARTCharGet
<LI><a href="#[af]">&gt;&gt;</a>&nbsp;&nbsp;&nbsp;delay_ms
<LI><a href="#[b0]">&gt;&gt;</a>&nbsp;&nbsp;&nbsp;sensor_config_uart
</UL>
<BR>[Called By]<UL><LI><a href="#[bd]">&gt;&gt;</a>&nbsp;&nbsp;&nbsp;OpticalFlow_Init
</UL>

<P><STRONG><a name="[b3]"></a>ConfigureUART0</STRONG> (Thumb, 92 bytes, Stack size 8 bytes, usart.o(i.ConfigureUART0))
<BR><BR>[Stack]<UL><LI>Max Depth = 44<LI>Call Chain = ConfigureUART0 &rArr; GPIOPinTypeUART &rArr; GPIOPadConfigSet
</UL>
<BR>[Calls]<UL><LI><a href="#[b5]">&gt;&gt;</a>&nbsp;&nbsp;&nbsp;GPIOPinTypeUART
<LI><a href="#[b4]">&gt;&gt;</a>&nbsp;&nbsp;&nbsp;GPIOPinConfigure
<LI><a href="#[51]">&gt;&gt;</a>&nbsp;&nbsp;&nbsp;IntPrioritySet
<LI><a href="#[49]">&gt;&gt;</a>&nbsp;&nbsp;&nbsp;SysCtlPeripheralEnable
<LI><a href="#[b6]">&gt;&gt;</a>&nbsp;&nbsp;&nbsp;SysCtlClockGet
<LI><a href="#[ba]">&gt;&gt;</a>&nbsp;&nbsp;&nbsp;UARTIntRegister
<LI><a href="#[b9]">&gt;&gt;</a>&nbsp;&nbsp;&nbsp;UARTIntEnable
<LI><a href="#[b8]">&gt;&gt;</a>&nbsp;&nbsp;&nbsp;UARTFIFODisable
<LI><a href="#[b7]">&gt;&gt;</a>&nbsp;&nbsp;&nbsp;UARTConfigSetExpClk
</UL>
<BR>[Called By]<UL><LI><a href="#[11f]">&gt;&gt;</a>&nbsp;&nbsp;&nbsp;HardWave_Init
</UL>

<P><STRONG><a name="[bb]"></a>ConfigureUART1</STRONG> (Thumb, 90 bytes, Stack size 8 bytes, usart.o(i.ConfigureUART1))
<BR><BR>[Stack]<UL><LI>Max Depth = 44<LI>Call Chain = ConfigureUART1 &rArr; GPIOPinTypeUART &rArr; GPIOPadConfigSet
</UL>
<BR>[Calls]<UL><LI><a href="#[b5]">&gt;&gt;</a>&nbsp;&nbsp;&nbsp;GPIOPinTypeUART
<LI><a href="#[b4]">&gt;&gt;</a>&nbsp;&nbsp;&nbsp;GPIOPinConfigure
<LI><a href="#[51]">&gt;&gt;</a>&nbsp;&nbsp;&nbsp;IntPrioritySet
<LI><a href="#[49]">&gt;&gt;</a>&nbsp;&nbsp;&nbsp;SysCtlPeripheralEnable
<LI><a href="#[b6]">&gt;&gt;</a>&nbsp;&nbsp;&nbsp;SysCtlClockGet
<LI><a href="#[ba]">&gt;&gt;</a>&nbsp;&nbsp;&nbsp;UARTIntRegister
<LI><a href="#[b9]">&gt;&gt;</a>&nbsp;&nbsp;&nbsp;UARTIntEnable
<LI><a href="#[b8]">&gt;&gt;</a>&nbsp;&nbsp;&nbsp;UARTFIFODisable
<LI><a href="#[b7]">&gt;&gt;</a>&nbsp;&nbsp;&nbsp;UARTConfigSetExpClk
</UL>
<BR>[Called By]<UL><LI><a href="#[11f]">&gt;&gt;</a>&nbsp;&nbsp;&nbsp;HardWave_Init
</UL>

<P><STRONG><a name="[bc]"></a>ConfigureUART2</STRONG> (Thumb, 112 bytes, Stack size 8 bytes, usart.o(i.ConfigureUART2))
<BR><BR>[Stack]<UL><LI>Max Depth = 100<LI>Call Chain = ConfigureUART2 &rArr; OpticalFlow_Init &rArr; set_cutoff_frequency &rArr; __hardfp_tanf &rArr; __mathlib_rredf2
</UL>
<BR>[Calls]<UL><LI><a href="#[b5]">&gt;&gt;</a>&nbsp;&nbsp;&nbsp;GPIOPinTypeUART
<LI><a href="#[b4]">&gt;&gt;</a>&nbsp;&nbsp;&nbsp;GPIOPinConfigure
<LI><a href="#[51]">&gt;&gt;</a>&nbsp;&nbsp;&nbsp;IntPrioritySet
<LI><a href="#[49]">&gt;&gt;</a>&nbsp;&nbsp;&nbsp;SysCtlPeripheralEnable
<LI><a href="#[b6]">&gt;&gt;</a>&nbsp;&nbsp;&nbsp;SysCtlClockGet
<LI><a href="#[ba]">&gt;&gt;</a>&nbsp;&nbsp;&nbsp;UARTIntRegister
<LI><a href="#[b9]">&gt;&gt;</a>&nbsp;&nbsp;&nbsp;UARTIntEnable
<LI><a href="#[b8]">&gt;&gt;</a>&nbsp;&nbsp;&nbsp;UARTFIFODisable
<LI><a href="#[b7]">&gt;&gt;</a>&nbsp;&nbsp;&nbsp;UARTConfigSetExpClk
<LI><a href="#[bd]">&gt;&gt;</a>&nbsp;&nbsp;&nbsp;OpticalFlow_Init
</UL>
<BR>[Called By]<UL><LI><a href="#[12e]">&gt;&gt;</a>&nbsp;&nbsp;&nbsp;Uart2_Serialport_Init
</UL>

<P><STRONG><a name="[be]"></a>ConfigureUART3</STRONG> (Thumb, 88 bytes, Stack size 8 bytes, usart.o(i.ConfigureUART3))
<BR><BR>[Stack]<UL><LI>Max Depth = 44<LI>Call Chain = ConfigureUART3 &rArr; GPIOPinTypeUART &rArr; GPIOPadConfigSet
</UL>
<BR>[Calls]<UL><LI><a href="#[b5]">&gt;&gt;</a>&nbsp;&nbsp;&nbsp;GPIOPinTypeUART
<LI><a href="#[b4]">&gt;&gt;</a>&nbsp;&nbsp;&nbsp;GPIOPinConfigure
<LI><a href="#[51]">&gt;&gt;</a>&nbsp;&nbsp;&nbsp;IntPrioritySet
<LI><a href="#[49]">&gt;&gt;</a>&nbsp;&nbsp;&nbsp;SysCtlPeripheralEnable
<LI><a href="#[b6]">&gt;&gt;</a>&nbsp;&nbsp;&nbsp;SysCtlClockGet
<LI><a href="#[ba]">&gt;&gt;</a>&nbsp;&nbsp;&nbsp;UARTIntRegister
<LI><a href="#[b9]">&gt;&gt;</a>&nbsp;&nbsp;&nbsp;UARTIntEnable
<LI><a href="#[b8]">&gt;&gt;</a>&nbsp;&nbsp;&nbsp;UARTFIFODisable
<LI><a href="#[b7]">&gt;&gt;</a>&nbsp;&nbsp;&nbsp;UARTConfigSetExpClk
</UL>
<BR>[Called By]<UL><LI><a href="#[11f]">&gt;&gt;</a>&nbsp;&nbsp;&nbsp;HardWave_Init
</UL>

<P><STRONG><a name="[bf]"></a>ConfigureUART6</STRONG> (Thumb, 112 bytes, Stack size 8 bytes, usart.o(i.ConfigureUART6))
<BR><BR>[Stack]<UL><LI>Max Depth = 44<LI>Call Chain = ConfigureUART6 &rArr; GPIOPinTypeUART &rArr; GPIOPadConfigSet
</UL>
<BR>[Calls]<UL><LI><a href="#[b5]">&gt;&gt;</a>&nbsp;&nbsp;&nbsp;GPIOPinTypeUART
<LI><a href="#[b4]">&gt;&gt;</a>&nbsp;&nbsp;&nbsp;GPIOPinConfigure
<LI><a href="#[51]">&gt;&gt;</a>&nbsp;&nbsp;&nbsp;IntPrioritySet
<LI><a href="#[49]">&gt;&gt;</a>&nbsp;&nbsp;&nbsp;SysCtlPeripheralEnable
<LI><a href="#[b6]">&gt;&gt;</a>&nbsp;&nbsp;&nbsp;SysCtlClockGet
<LI><a href="#[ba]">&gt;&gt;</a>&nbsp;&nbsp;&nbsp;UARTIntRegister
<LI><a href="#[b9]">&gt;&gt;</a>&nbsp;&nbsp;&nbsp;UARTIntEnable
<LI><a href="#[b8]">&gt;&gt;</a>&nbsp;&nbsp;&nbsp;UARTFIFODisable
<LI><a href="#[b7]">&gt;&gt;</a>&nbsp;&nbsp;&nbsp;UARTConfigSetExpClk
</UL>
<BR>[Called By]<UL><LI><a href="#[110]">&gt;&gt;</a>&nbsp;&nbsp;&nbsp;GPS_UART_Init
<LI><a href="#[12c]">&gt;&gt;</a>&nbsp;&nbsp;&nbsp;Reserved_Serialport_Init
</UL>

<P><STRONG><a name="[c0]"></a>ConfigureUART7</STRONG> (Thumb, 94 bytes, Stack size 8 bytes, usart.o(i.ConfigureUART7))
<BR><BR>[Stack]<UL><LI>Max Depth = 44<LI>Call Chain = ConfigureUART7 &rArr; GPIOPinTypeUART &rArr; GPIOPadConfigSet
</UL>
<BR>[Calls]<UL><LI><a href="#[b5]">&gt;&gt;</a>&nbsp;&nbsp;&nbsp;GPIOPinTypeUART
<LI><a href="#[b4]">&gt;&gt;</a>&nbsp;&nbsp;&nbsp;GPIOPinConfigure
<LI><a href="#[51]">&gt;&gt;</a>&nbsp;&nbsp;&nbsp;IntPrioritySet
<LI><a href="#[49]">&gt;&gt;</a>&nbsp;&nbsp;&nbsp;SysCtlPeripheralEnable
<LI><a href="#[b6]">&gt;&gt;</a>&nbsp;&nbsp;&nbsp;SysCtlClockGet
<LI><a href="#[ba]">&gt;&gt;</a>&nbsp;&nbsp;&nbsp;UARTIntRegister
<LI><a href="#[b9]">&gt;&gt;</a>&nbsp;&nbsp;&nbsp;UARTIntEnable
<LI><a href="#[b8]">&gt;&gt;</a>&nbsp;&nbsp;&nbsp;UARTFIFODisable
<LI><a href="#[b7]">&gt;&gt;</a>&nbsp;&nbsp;&nbsp;UARTConfigSetExpClk
<LI><a href="#[c1]">&gt;&gt;</a>&nbsp;&nbsp;&nbsp;RingBuff_Init
</UL>
<BR>[Called By]<UL><LI><a href="#[12d]">&gt;&gt;</a>&nbsp;&nbsp;&nbsp;tofsense_init
</UL>

<P><STRONG><a name="[c2]"></a>ConfigureUART_Speaker</STRONG> (Thumb, 90 bytes, Stack size 16 bytes, speaker.o(i.ConfigureUART_Speaker))
<BR><BR>[Stack]<UL><LI>Max Depth = 52<LI>Call Chain = ConfigureUART_Speaker &rArr; GPIOPinTypeUART &rArr; GPIOPadConfigSet
</UL>
<BR>[Calls]<UL><LI><a href="#[b5]">&gt;&gt;</a>&nbsp;&nbsp;&nbsp;GPIOPinTypeUART
<LI><a href="#[b4]">&gt;&gt;</a>&nbsp;&nbsp;&nbsp;GPIOPinConfigure
<LI><a href="#[51]">&gt;&gt;</a>&nbsp;&nbsp;&nbsp;IntPrioritySet
<LI><a href="#[49]">&gt;&gt;</a>&nbsp;&nbsp;&nbsp;SysCtlPeripheralEnable
<LI><a href="#[ba]">&gt;&gt;</a>&nbsp;&nbsp;&nbsp;UARTIntRegister
<LI><a href="#[b9]">&gt;&gt;</a>&nbsp;&nbsp;&nbsp;UARTIntEnable
<LI><a href="#[b8]">&gt;&gt;</a>&nbsp;&nbsp;&nbsp;UARTFIFODisable
<LI><a href="#[c3]">&gt;&gt;</a>&nbsp;&nbsp;&nbsp;UARTClockSourceSet
<LI><a href="#[c4]">&gt;&gt;</a>&nbsp;&nbsp;&nbsp;UARTStdioConfig
</UL>
<BR>[Called By]<UL><LI><a href="#[11f]">&gt;&gt;</a>&nbsp;&nbsp;&nbsp;HardWave_Init
</UL>

<P><STRONG><a name="[c5]"></a>Control_Device_LPF</STRONG> (Thumb, 264 bytes, Stack size 24 bytes, pid.o(i.Control_Device_LPF))
<BR><BR>[Stack]<UL><LI>Max Depth = 24<LI>Call Chain = Control_Device_LPF
</UL>
<BR>[Calls]<UL><LI><a href="#[c6]">&gt;&gt;</a>&nbsp;&nbsp;&nbsp;__ARM_isnanf
</UL>
<BR>[Called By]<UL><LI><a href="#[100]">&gt;&gt;</a>&nbsp;&nbsp;&nbsp;PID_Control_Div_LPF
<LI><a href="#[11d]">&gt;&gt;</a>&nbsp;&nbsp;&nbsp;pid_ctrl_rpy_gyro_maple
<LI><a href="#[a4]">&gt;&gt;</a>&nbsp;&nbsp;&nbsp;PID_Control_SDK_Err_LPF
<LI><a href="#[11e]">&gt;&gt;</a>&nbsp;&nbsp;&nbsp;PID_Control_Div_LPF_For_Gyro
</UL>

<P><STRONG><a name="[99]"></a>Control_Output</STRONG> (Thumb, 760 bytes, Stack size 32 bytes, wp_ctrl.o(i.Control_Output))
<BR><BR>[Stack]<UL><LI>Max Depth = 104<LI>Call Chain = Control_Output &rArr; PWM_Output &rArr; __aeabi_dmul
</UL>
<BR>[Calls]<UL><LI><a href="#[cc]">&gt;&gt;</a>&nbsp;&nbsp;&nbsp;PWM_Output
<LI><a href="#[47]">&gt;&gt;</a>&nbsp;&nbsp;&nbsp;Bling_Set
<LI><a href="#[cb]">&gt;&gt;</a>&nbsp;&nbsp;&nbsp;Value_Limit
<LI><a href="#[c9]">&gt;&gt;</a>&nbsp;&nbsp;&nbsp;Take_Off_Reset
<LI><a href="#[c7]">&gt;&gt;</a>&nbsp;&nbsp;&nbsp;overturn_check
<LI><a href="#[c8]">&gt;&gt;</a>&nbsp;&nbsp;&nbsp;Throttle_Angle_Compensate
<LI><a href="#[ca]">&gt;&gt;</a>&nbsp;&nbsp;&nbsp;OpticalFlow_Ctrl_Reset
<LI><a href="#[cd]">&gt;&gt;</a>&nbsp;&nbsp;&nbsp;Throttle_Control_Reset
</UL>
<BR>[Called By]<UL><LI><a href="#[96]">&gt;&gt;</a>&nbsp;&nbsp;&nbsp;CarryPilot_Control
</UL>

<P><STRONG><a name="[97]"></a>Controler_Mode_Select</STRONG> (Thumb, 566 bytes, Stack size 48 bytes, wp_ctrl.o(i.Controler_Mode_Select))
<BR><BR>[Stack]<UL><LI>Max Depth = 64<LI>Call Chain = Controler_Mode_Select &rArr; millis &rArr; micros
</UL>
<BR>[Calls]<UL><LI><a href="#[d0]">&gt;&gt;</a>&nbsp;&nbsp;&nbsp;RC_Read_Switch
<LI><a href="#[6c]">&gt;&gt;</a>&nbsp;&nbsp;&nbsp;millis
<LI><a href="#[c9]">&gt;&gt;</a>&nbsp;&nbsp;&nbsp;Take_Off_Reset
<LI><a href="#[d3]">&gt;&gt;</a>&nbsp;&nbsp;&nbsp;land_reset
<LI><a href="#[d4]">&gt;&gt;</a>&nbsp;&nbsp;&nbsp;GPS_ok
<LI><a href="#[cf]">&gt;&gt;</a>&nbsp;&nbsp;&nbsp;flight_subtask_reset
<LI><a href="#[ce]">&gt;&gt;</a>&nbsp;&nbsp;&nbsp;NCQ_SDK_Reset
<LI><a href="#[ca]">&gt;&gt;</a>&nbsp;&nbsp;&nbsp;OpticalFlow_Ctrl_Reset
<LI><a href="#[d2]">&gt;&gt;</a>&nbsp;&nbsp;&nbsp;Thr_Push_Over_Deadband
<LI><a href="#[d1]">&gt;&gt;</a>&nbsp;&nbsp;&nbsp;East_North_Ctrl_Reset
</UL>
<BR>[Called By]<UL><LI><a href="#[96]">&gt;&gt;</a>&nbsp;&nbsp;&nbsp;CarryPilot_Control
</UL>

<P><STRONG><a name="[a7]"></a>Delay_Ms</STRONG> (Thumb, 4 bytes, Stack size 0 bytes, time.o(i.Delay_Ms))
<BR><BR>[Calls]<UL><LI><a href="#[d5]">&gt;&gt;</a>&nbsp;&nbsp;&nbsp;delay
</UL>
<BR>[Called By]<UL><LI><a href="#[af]">&gt;&gt;</a>&nbsp;&nbsp;&nbsp;delay_ms
<LI><a href="#[eb]">&gt;&gt;</a>&nbsp;&nbsp;&nbsp;OLED_Init_Fast
<LI><a href="#[19a]">&gt;&gt;</a>&nbsp;&nbsp;&nbsp;OLED_Init
<LI><a href="#[da]">&gt;&gt;</a>&nbsp;&nbsp;&nbsp;Draw_Logo1
<LI><a href="#[a5]">&gt;&gt;</a>&nbsp;&nbsp;&nbsp;Compass_Init
</UL>

<P><STRONG><a name="[7d]"></a>Deliver_UAV_Basic</STRONG> (Thumb, 2026 bytes, Stack size 64 bytes, subtask_demo.o(i.Deliver_UAV_Basic))
<BR><BR>[Stack]<UL><LI>Max Depth = 296<LI>Call Chain = Deliver_UAV_Basic &rArr; Color_Block_Control_Pilot &rArr; OpticalFlow_Control_Pure &rArr; Horizontal_Control_VIO &rArr; Horizontal_Control_VIO_Pure &rArr; OpticalFlow_Vel_Control &rArr; ENU_Desired_Accel_Transform_Angle &rArr; constrain_float
</UL>
<BR>[Calls]<UL><LI><a href="#[d7]">&gt;&gt;</a>&nbsp;&nbsp;&nbsp;Reserved_PWM1_Output
<LI><a href="#[5d]">&gt;&gt;</a>&nbsp;&nbsp;&nbsp;pythagorous2
<LI><a href="#[61]">&gt;&gt;</a>&nbsp;&nbsp;&nbsp;Flight_Alt_Hold_Control
<LI><a href="#[60]">&gt;&gt;</a>&nbsp;&nbsp;&nbsp;OpticalFlow_Control_Pure
<LI><a href="#[5f]">&gt;&gt;</a>&nbsp;&nbsp;&nbsp;Horizontal_Navigation
<LI><a href="#[67]">&gt;&gt;</a>&nbsp;&nbsp;&nbsp;Color_Block_Control_Pilot
<LI><a href="#[d6]">&gt;&gt;</a>&nbsp;&nbsp;&nbsp;deliver_work_waypoint_generate
<LI><a href="#[5c]">&gt;&gt;</a>&nbsp;&nbsp;&nbsp;basic_auto_flight_support
</UL>
<BR>[Called By]<UL><LI><a href="#[6f]">&gt;&gt;</a>&nbsp;&nbsp;&nbsp;Auto_Flight_Ctrl
</UL>

<P><STRONG><a name="[7f]"></a>Deliver_UAV_Hulahoop</STRONG> (Thumb, 1540 bytes, Stack size 64 bytes, subtask_demo.o(i.Deliver_UAV_Hulahoop))
<BR><BR>[Stack]<UL><LI>Max Depth = 280<LI>Call Chain = Deliver_UAV_Hulahoop &rArr; basic_auto_flight_support &rArr; OpticalFlow_Control_Pure &rArr; Horizontal_Control_VIO &rArr; Horizontal_Control_VIO_Pure &rArr; OpticalFlow_Vel_Control &rArr; ENU_Desired_Accel_Transform_Angle &rArr; constrain_float
</UL>
<BR>[Calls]<UL><LI><a href="#[5d]">&gt;&gt;</a>&nbsp;&nbsp;&nbsp;pythagorous2
<LI><a href="#[61]">&gt;&gt;</a>&nbsp;&nbsp;&nbsp;Flight_Alt_Hold_Control
<LI><a href="#[60]">&gt;&gt;</a>&nbsp;&nbsp;&nbsp;OpticalFlow_Control_Pure
<LI><a href="#[5f]">&gt;&gt;</a>&nbsp;&nbsp;&nbsp;Horizontal_Navigation
<LI><a href="#[d9]">&gt;&gt;</a>&nbsp;&nbsp;&nbsp;__hardfp_cosf
<LI><a href="#[d6]">&gt;&gt;</a>&nbsp;&nbsp;&nbsp;deliver_work_waypoint_generate
<LI><a href="#[5c]">&gt;&gt;</a>&nbsp;&nbsp;&nbsp;basic_auto_flight_support
<LI><a href="#[d8]">&gt;&gt;</a>&nbsp;&nbsp;&nbsp;__hardfp_sinf
</UL>
<BR>[Called By]<UL><LI><a href="#[6f]">&gt;&gt;</a>&nbsp;&nbsp;&nbsp;Auto_Flight_Ctrl
</UL>

<P><STRONG><a name="[7e]"></a>Deliver_UAV_Innovation</STRONG> (Thumb, 2046 bytes, Stack size 64 bytes, subtask_demo.o(i.Deliver_UAV_Innovation))
<BR><BR>[Stack]<UL><LI>Max Depth = 296<LI>Call Chain = Deliver_UAV_Innovation &rArr; Color_Block_Control_Pilot &rArr; OpticalFlow_Control_Pure &rArr; Horizontal_Control_VIO &rArr; Horizontal_Control_VIO_Pure &rArr; OpticalFlow_Vel_Control &rArr; ENU_Desired_Accel_Transform_Angle &rArr; constrain_float
</UL>
<BR>[Calls]<UL><LI><a href="#[d7]">&gt;&gt;</a>&nbsp;&nbsp;&nbsp;Reserved_PWM1_Output
<LI><a href="#[5d]">&gt;&gt;</a>&nbsp;&nbsp;&nbsp;pythagorous2
<LI><a href="#[61]">&gt;&gt;</a>&nbsp;&nbsp;&nbsp;Flight_Alt_Hold_Control
<LI><a href="#[60]">&gt;&gt;</a>&nbsp;&nbsp;&nbsp;OpticalFlow_Control_Pure
<LI><a href="#[5f]">&gt;&gt;</a>&nbsp;&nbsp;&nbsp;Horizontal_Navigation
<LI><a href="#[67]">&gt;&gt;</a>&nbsp;&nbsp;&nbsp;Color_Block_Control_Pilot
<LI><a href="#[d6]">&gt;&gt;</a>&nbsp;&nbsp;&nbsp;deliver_work_waypoint_generate
<LI><a href="#[5c]">&gt;&gt;</a>&nbsp;&nbsp;&nbsp;basic_auto_flight_support
</UL>
<BR>[Called By]<UL><LI><a href="#[6f]">&gt;&gt;</a>&nbsp;&nbsp;&nbsp;Auto_Flight_Ctrl
</UL>

<P><STRONG><a name="[da]"></a>Draw_Logo1</STRONG> (Thumb, 68 bytes, Stack size 24 bytes, oled.o(i.Draw_Logo1))
<BR><BR>[Stack]<UL><LI>Max Depth = 56<LI>Call Chain = Draw_Logo1 &rArr; LCD_CLS &rArr; LCD_WrDat
</UL>
<BR>[Calls]<UL><LI><a href="#[a7]">&gt;&gt;</a>&nbsp;&nbsp;&nbsp;Delay_Ms
<LI><a href="#[dc]">&gt;&gt;</a>&nbsp;&nbsp;&nbsp;LCD_WrDat
<LI><a href="#[db]">&gt;&gt;</a>&nbsp;&nbsp;&nbsp;LCD_Set_Pos
<LI><a href="#[dd]">&gt;&gt;</a>&nbsp;&nbsp;&nbsp;LCD_CLS
</UL>
<BR>[Called By]<UL><LI><a href="#[19a]">&gt;&gt;</a>&nbsp;&nbsp;&nbsp;OLED_Init
</UL>

<P><STRONG><a name="[de]"></a>EEPROMInit</STRONG> (Thumb, 58 bytes, Stack size 8 bytes, eeprom.o(i.EEPROMInit))
<BR><BR>[Stack]<UL><LI>Max Depth = 16<LI>Call Chain = EEPROMInit &rArr; SysCtlPeripheralReset
</UL>
<BR>[Calls]<UL><LI><a href="#[e0]">&gt;&gt;</a>&nbsp;&nbsp;&nbsp;SysCtlPeripheralReset
<LI><a href="#[2a]">&gt;&gt;</a>&nbsp;&nbsp;&nbsp;SysCtlDelay
<LI><a href="#[df]">&gt;&gt;</a>&nbsp;&nbsp;&nbsp;_EEPROMWaitForDone
</UL>
<BR>[Called By]<UL><LI><a href="#[e5]">&gt;&gt;</a>&nbsp;&nbsp;&nbsp;EEPROM_Init
</UL>

<P><STRONG><a name="[e1]"></a>EEPROMMassErase</STRONG> (Thumb, 58 bytes, Stack size 8 bytes, eeprom.o(i.EEPROMMassErase))
<BR><BR>[Stack]<UL><LI>Max Depth = 24<LI>Call Chain = EEPROMMassErase &rArr; _EEPROMSectorMaskClear
</UL>
<BR>[Calls]<UL><LI><a href="#[e0]">&gt;&gt;</a>&nbsp;&nbsp;&nbsp;SysCtlPeripheralReset
<LI><a href="#[2a]">&gt;&gt;</a>&nbsp;&nbsp;&nbsp;SysCtlDelay
<LI><a href="#[df]">&gt;&gt;</a>&nbsp;&nbsp;&nbsp;_EEPROMWaitForDone
<LI><a href="#[e2]">&gt;&gt;</a>&nbsp;&nbsp;&nbsp;_EEPROMSectorMaskClear
</UL>
<BR>[Called By]<UL><LI><a href="#[174]">&gt;&gt;</a>&nbsp;&nbsp;&nbsp;Resume_Factory_Setting
</UL>

<P><STRONG><a name="[e3]"></a>EEPROMProgram</STRONG> (Thumb, 170 bytes, Stack size 40 bytes, eeprom.o(i.EEPROMProgram))
<BR><BR>[Stack]<UL><LI>Max Depth = 56<LI>Call Chain = EEPROMProgram &rArr; _EEPROMSectorMaskSet
</UL>
<BR>[Calls]<UL><LI><a href="#[e4]">&gt;&gt;</a>&nbsp;&nbsp;&nbsp;_EEPROMSectorMaskSet
<LI><a href="#[e2]">&gt;&gt;</a>&nbsp;&nbsp;&nbsp;_EEPROMSectorMaskClear
</UL>
<BR>[Called By]<UL><LI><a href="#[1cb]">&gt;&gt;</a>&nbsp;&nbsp;&nbsp;WriteFlashParameter_Two
<LI><a href="#[56]">&gt;&gt;</a>&nbsp;&nbsp;&nbsp;WriteFlashParameter_Three
<LI><a href="#[e9]">&gt;&gt;</a>&nbsp;&nbsp;&nbsp;WriteFlashParameter
</UL>

<P><STRONG><a name="[1d0]"></a>EEPROMRead</STRONG> (Thumb, 42 bytes, Stack size 8 bytes, eeprom.o(i.EEPROMRead))
<BR><BR>[Stack]<UL><LI>Max Depth = 8<LI>Call Chain = EEPROMRead
</UL>
<BR>[Called By]<UL><LI><a href="#[1ce]">&gt;&gt;</a>&nbsp;&nbsp;&nbsp;ReadFlashParameterTwo
<LI><a href="#[1a9]">&gt;&gt;</a>&nbsp;&nbsp;&nbsp;ReadFlashParameterThree
<LI><a href="#[41]">&gt;&gt;</a>&nbsp;&nbsp;&nbsp;ReadFlashParameterOne
</UL>

<P><STRONG><a name="[e5]"></a>EEPROM_Init</STRONG> (Thumb, 16 bytes, Stack size 8 bytes, wp_flash.o(i.EEPROM_Init))
<BR><BR>[Stack]<UL><LI>Max Depth = 24<LI>Call Chain = EEPROM_Init &rArr; EEPROMInit &rArr; SysCtlPeripheralReset
</UL>
<BR>[Calls]<UL><LI><a href="#[de]">&gt;&gt;</a>&nbsp;&nbsp;&nbsp;EEPROMInit
<LI><a href="#[49]">&gt;&gt;</a>&nbsp;&nbsp;&nbsp;SysCtlPeripheralEnable
</UL>
<BR>[Called By]<UL><LI><a href="#[1fc]">&gt;&gt;</a>&nbsp;&nbsp;&nbsp;System_Start_Init
</UL>

<P><STRONG><a name="[e6]"></a>ENU_Desired_Accel_Transform_Angle</STRONG> (Thumb, 132 bytes, Stack size 40 bytes, control_poshold.o(i.ENU_Desired_Accel_Transform_Angle))
<BR><BR>[Stack]<UL><LI>Max Depth = 64<LI>Call Chain = ENU_Desired_Accel_Transform_Angle &rArr; constrain_float
</UL>
<BR>[Calls]<UL><LI><a href="#[68]">&gt;&gt;</a>&nbsp;&nbsp;&nbsp;constrain_float
<LI><a href="#[e7]">&gt;&gt;</a>&nbsp;&nbsp;&nbsp;__hardfp_atanf
</UL>
<BR>[Called By]<UL><LI><a href="#[26b]">&gt;&gt;</a>&nbsp;&nbsp;&nbsp;land_poshold
<LI><a href="#[a3]">&gt;&gt;</a>&nbsp;&nbsp;&nbsp;OpticalFlow_Vel_Control
<LI><a href="#[16c]">&gt;&gt;</a>&nbsp;&nbsp;&nbsp;slam_control_poshold
<LI><a href="#[16b]">&gt;&gt;</a>&nbsp;&nbsp;&nbsp;ncq_control_poshold
</UL>

<P><STRONG><a name="[e8]"></a>ESC_Calibration</STRONG> (Thumb, 14 bytes, Stack size 0 bytes, calibration.o(i.ESC_Calibration))
<BR><BR>[Stack]<UL><LI>Max Depth = 72<LI>Call Chain = ESC_Calibration &rArr; PWM_Output &rArr; __aeabi_dmul
</UL>
<BR>[Calls]<UL><LI><a href="#[cc]">&gt;&gt;</a>&nbsp;&nbsp;&nbsp;PWM_Output
</UL>
<BR>[Called By]<UL><LI><a href="#[ea]">&gt;&gt;</a>&nbsp;&nbsp;&nbsp;ESC_HardWave_Init
</UL>

<P><STRONG><a name="[95]"></a>ESC_Calibration_Check</STRONG> (Thumb, 154 bytes, Stack size 40 bytes, calibration.o(i.ESC_Calibration_Check))
<BR><BR>[Stack]<UL><LI>Max Depth = 96<LI>Call Chain = ESC_Calibration_Check &rArr; WriteFlashParameter &rArr; EEPROMProgram &rArr; _EEPROMSectorMaskSet
</UL>
<BR>[Calls]<UL><LI><a href="#[e9]">&gt;&gt;</a>&nbsp;&nbsp;&nbsp;WriteFlashParameter
<LI><a href="#[47]">&gt;&gt;</a>&nbsp;&nbsp;&nbsp;Bling_Set
</UL>
<BR>[Called By]<UL><LI><a href="#[93]">&gt;&gt;</a>&nbsp;&nbsp;&nbsp;Calibration_All_Check
</UL>

<P><STRONG><a name="[ea]"></a>ESC_HardWave_Init</STRONG> (Thumb, 160 bytes, Stack size 0 bytes, license.o(i.ESC_HardWave_Init))
<BR><BR>[Stack]<UL><LI>Max Depth = 112<LI>Call Chain = ESC_HardWave_Init &rArr; write_6_8_number &rArr; LCD_P6x8Str &rArr; LCD_Set_Pos &rArr; LCD_WrCmd
</UL>
<BR>[Calls]<UL><LI><a href="#[af]">&gt;&gt;</a>&nbsp;&nbsp;&nbsp;delay_ms
<LI><a href="#[e9]">&gt;&gt;</a>&nbsp;&nbsp;&nbsp;WriteFlashParameter
<LI><a href="#[e8]">&gt;&gt;</a>&nbsp;&nbsp;&nbsp;ESC_Calibration
<LI><a href="#[ec]">&gt;&gt;</a>&nbsp;&nbsp;&nbsp;PPM_Init
<LI><a href="#[eb]">&gt;&gt;</a>&nbsp;&nbsp;&nbsp;OLED_Init_Fast
<LI><a href="#[ef]">&gt;&gt;</a>&nbsp;&nbsp;&nbsp;LCD_P8x16Str
<LI><a href="#[f1]">&gt;&gt;</a>&nbsp;&nbsp;&nbsp;write_6_8_number
<LI><a href="#[ee]">&gt;&gt;</a>&nbsp;&nbsp;&nbsp;LCD_clear_L
<LI><a href="#[f0]">&gt;&gt;</a>&nbsp;&nbsp;&nbsp;LCD_P6x8Str
<LI><a href="#[ed]">&gt;&gt;</a>&nbsp;&nbsp;&nbsp;PWM_Init
</UL>
<BR>[Called By]<UL><LI><a href="#[120]">&gt;&gt;</a>&nbsp;&nbsp;&nbsp;WP_Init
</UL>

<P><STRONG><a name="[d1]"></a>East_North_Ctrl_Reset</STRONG> (Thumb, 34 bytes, Stack size 4 bytes, pid.o(i.East_North_Ctrl_Reset))
<BR><BR>[Stack]<UL><LI>Max Depth = 4<LI>Call Chain = East_North_Ctrl_Reset
</UL>
<BR>[Calls]<UL><LI><a href="#[f2]">&gt;&gt;</a>&nbsp;&nbsp;&nbsp;PID_Integrate_Reset
</UL>
<BR>[Called By]<UL><LI><a href="#[97]">&gt;&gt;</a>&nbsp;&nbsp;&nbsp;Controler_Mode_Select
<LI><a href="#[16c]">&gt;&gt;</a>&nbsp;&nbsp;&nbsp;slam_control_poshold
<LI><a href="#[16b]">&gt;&gt;</a>&nbsp;&nbsp;&nbsp;ncq_control_poshold
</UL>

<P><STRONG><a name="[f3]"></a>Euler_Angle_Init</STRONG> (Thumb, 668 bytes, Stack size 56 bytes, sensor.o(i.Euler_Angle_Init))
<BR><BR>[Stack]<UL><LI>Max Depth = 240<LI>Call Chain = Euler_Angle_Init &rArr; __hardfp_cos &rArr; __ieee754_rem_pio2 &rArr; __aeabi_dmul
</UL>
<BR>[Calls]<UL><LI><a href="#[af]">&gt;&gt;</a>&nbsp;&nbsp;&nbsp;delay_ms
<LI><a href="#[f4]">&gt;&gt;</a>&nbsp;&nbsp;&nbsp;ICM20689_Read_Data
<LI><a href="#[68]">&gt;&gt;</a>&nbsp;&nbsp;&nbsp;constrain_float
<LI><a href="#[f7]">&gt;&gt;</a>&nbsp;&nbsp;&nbsp;FastAtan2
<LI><a href="#[f5]">&gt;&gt;</a>&nbsp;&nbsp;&nbsp;invSqrt
<LI><a href="#[aa]">&gt;&gt;</a>&nbsp;&nbsp;&nbsp;Compass_Read_Data
<LI><a href="#[9e]">&gt;&gt;</a>&nbsp;&nbsp;&nbsp;__hardfp_cos
<LI><a href="#[f6]">&gt;&gt;</a>&nbsp;&nbsp;&nbsp;__hardfp_atan
<LI><a href="#[9d]">&gt;&gt;</a>&nbsp;&nbsp;&nbsp;__aeabi_f2d
<LI><a href="#[9f]">&gt;&gt;</a>&nbsp;&nbsp;&nbsp;__aeabi_dmul
<LI><a href="#[a1]">&gt;&gt;</a>&nbsp;&nbsp;&nbsp;__aeabi_d2f
<LI><a href="#[a2]">&gt;&gt;</a>&nbsp;&nbsp;&nbsp;__hardfp_sin
</UL>
<BR>[Called By]<UL><LI><a href="#[1c8]">&gt;&gt;</a>&nbsp;&nbsp;&nbsp;Quaternion_Init
</UL>

<P><STRONG><a name="[f8]"></a>Euler_Angle_Init_Again</STRONG> (Thumb, 712 bytes, Stack size 48 bytes, sensor.o(i.Euler_Angle_Init_Again))
<BR><BR>[Stack]<UL><LI>Max Depth = 232<LI>Call Chain = Euler_Angle_Init_Again &rArr; __hardfp_cos &rArr; __ieee754_rem_pio2 &rArr; __aeabi_dmul
</UL>
<BR>[Calls]<UL><LI><a href="#[68]">&gt;&gt;</a>&nbsp;&nbsp;&nbsp;constrain_float
<LI><a href="#[f7]">&gt;&gt;</a>&nbsp;&nbsp;&nbsp;FastAtan2
<LI><a href="#[f9]">&gt;&gt;</a>&nbsp;&nbsp;&nbsp;quad_from_euler
<LI><a href="#[f5]">&gt;&gt;</a>&nbsp;&nbsp;&nbsp;invSqrt
<LI><a href="#[9e]">&gt;&gt;</a>&nbsp;&nbsp;&nbsp;__hardfp_cos
<LI><a href="#[f6]">&gt;&gt;</a>&nbsp;&nbsp;&nbsp;__hardfp_atan
<LI><a href="#[9d]">&gt;&gt;</a>&nbsp;&nbsp;&nbsp;__aeabi_f2d
<LI><a href="#[9f]">&gt;&gt;</a>&nbsp;&nbsp;&nbsp;__aeabi_dmul
<LI><a href="#[a1]">&gt;&gt;</a>&nbsp;&nbsp;&nbsp;__aeabi_d2f
<LI><a href="#[a2]">&gt;&gt;</a>&nbsp;&nbsp;&nbsp;__hardfp_sin
</UL>
<BR>[Called By]<UL><LI><a href="#[11c]">&gt;&gt;</a>&nbsp;&nbsp;&nbsp;Gyro_Calibration_Check
</UL>

<P><STRONG><a name="[1fd]"></a>FPUEnable</STRONG> (Thumb, 12 bytes, Stack size 0 bytes, fpu.o(i.FPUEnable))
<BR><BR>[Called By]<UL><LI><a href="#[1fc]">&gt;&gt;</a>&nbsp;&nbsp;&nbsp;System_Start_Init
</UL>

<P><STRONG><a name="[1fe]"></a>FPULazyStackingEnable</STRONG> (Thumb, 12 bytes, Stack size 0 bytes, fpu.o(i.FPULazyStackingEnable))
<BR><BR>[Called By]<UL><LI><a href="#[1fc]">&gt;&gt;</a>&nbsp;&nbsp;&nbsp;System_Start_Init
</UL>

<P><STRONG><a name="[fa]"></a>FastAsin</STRONG> (Thumb, 210 bytes, Stack size 4 bytes, wp_math.o(i.FastAsin))
<BR><BR>[Stack]<UL><LI>Max Depth = 16<LI>Call Chain = FastAsin &rArr; FastSqrt &rArr; FastSqrtI
</UL>
<BR>[Calls]<UL><LI><a href="#[fb]">&gt;&gt;</a>&nbsp;&nbsp;&nbsp;FastSqrt
</UL>
<BR>[Called By]<UL><LI><a href="#[114]">&gt;&gt;</a>&nbsp;&nbsp;&nbsp;quad_getangle
</UL>

<P><STRONG><a name="[f7]"></a>FastAtan2</STRONG> (Thumb, 302 bytes, Stack size 0 bytes, wp_math.o(i.FastAtan2))
<BR><BR>[Called By]<UL><LI><a href="#[f8]">&gt;&gt;</a>&nbsp;&nbsp;&nbsp;Euler_Angle_Init_Again
<LI><a href="#[112]">&gt;&gt;</a>&nbsp;&nbsp;&nbsp;Get_Status_Feedback
<LI><a href="#[199]">&gt;&gt;</a>&nbsp;&nbsp;&nbsp;Observation_Angle_Calculate
<LI><a href="#[f3]">&gt;&gt;</a>&nbsp;&nbsp;&nbsp;Euler_Angle_Init
<LI><a href="#[114]">&gt;&gt;</a>&nbsp;&nbsp;&nbsp;quad_getangle
</UL>

<P><STRONG><a name="[ad]"></a>FastCos</STRONG> (Thumb, 114 bytes, Stack size 0 bytes, wp_math.o(i.FastCos))
<BR><BR>[Called By]<UL><LI><a href="#[1a6]">&gt;&gt;</a>&nbsp;&nbsp;&nbsp;from_vio_to_body_frame
<LI><a href="#[ab]">&gt;&gt;</a>&nbsp;&nbsp;&nbsp;Compute_Rotation_Matrix_From_Quad
<LI><a href="#[13b]">&gt;&gt;</a>&nbsp;&nbsp;&nbsp;from_body_to_nav_frame
</UL>

<P><STRONG><a name="[fc]"></a>FastPow</STRONG> (Thumb, 706 bytes, Stack size 32 bytes, wp_math.o(i.FastPow))
<BR><BR>[Stack]<UL><LI>Max Depth = 32<LI>Call Chain = FastPow
</UL>
<BR>[Calls]<UL><LI><a href="#[fd]">&gt;&gt;</a>&nbsp;&nbsp;&nbsp;Modf
</UL>
<BR>[Called By]<UL><LI><a href="#[111]">&gt;&gt;</a>&nbsp;&nbsp;&nbsp;Get_Baro_Offset
</UL>

<P><STRONG><a name="[ac]"></a>FastSin</STRONG> (Thumb, 110 bytes, Stack size 0 bytes, wp_math.o(i.FastSin))
<BR><BR>[Called By]<UL><LI><a href="#[1a6]">&gt;&gt;</a>&nbsp;&nbsp;&nbsp;from_vio_to_body_frame
<LI><a href="#[ab]">&gt;&gt;</a>&nbsp;&nbsp;&nbsp;Compute_Rotation_Matrix_From_Quad
<LI><a href="#[13b]">&gt;&gt;</a>&nbsp;&nbsp;&nbsp;from_body_to_nav_frame
</UL>

<P><STRONG><a name="[276]"></a>FastSinCos</STRONG> (Thumb, 254 bytes, Stack size 16 bytes, wp_math.o(i.FastSinCos))
<BR><BR>[Stack]<UL><LI>Max Depth = 16<LI>Call Chain = FastSinCos
</UL>
<BR>[Called By]<UL><LI><a href="#[f9]">&gt;&gt;</a>&nbsp;&nbsp;&nbsp;quad_from_euler
</UL>

<P><STRONG><a name="[fb]"></a>FastSqrt</STRONG> (Thumb, 20 bytes, Stack size 4 bytes, wp_math.o(i.FastSqrt))
<BR><BR>[Stack]<UL><LI>Max Depth = 12<LI>Call Chain = FastSqrt &rArr; FastSqrtI
</UL>
<BR>[Calls]<UL><LI><a href="#[fe]">&gt;&gt;</a>&nbsp;&nbsp;&nbsp;FastSqrtI
</UL>
<BR>[Called By]<UL><LI><a href="#[fa]">&gt;&gt;</a>&nbsp;&nbsp;&nbsp;FastAsin
<LI><a href="#[148]">&gt;&gt;</a>&nbsp;&nbsp;&nbsp;INS_Sensor_Update
<LI><a href="#[19e]">&gt;&gt;</a>&nbsp;&nbsp;&nbsp;Openmv_Data_Receive_Anl_2
<LI><a href="#[19c]">&gt;&gt;</a>&nbsp;&nbsp;&nbsp;Openmv_Data_Receive_Anl_1
</UL>

<P><STRONG><a name="[fe]"></a>FastSqrtI</STRONG> (Thumb, 46 bytes, Stack size 8 bytes, wp_math.o(i.FastSqrtI))
<BR><BR>[Stack]<UL><LI>Max Depth = 8<LI>Call Chain = FastSqrtI
</UL>
<BR>[Called By]<UL><LI><a href="#[fb]">&gt;&gt;</a>&nbsp;&nbsp;&nbsp;FastSqrt
</UL>

<P><STRONG><a name="[1ed]"></a>FastTan</STRONG> (Thumb, 238 bytes, Stack size 0 bytes, wp_math.o(i.FastTan))
<BR><BR>[Called By]<UL><LI><a href="#[19d]">&gt;&gt;</a>&nbsp;&nbsp;&nbsp;Sensor_Parameter_Sort
</UL>

<P><STRONG><a name="[61]"></a>Flight_Alt_Hold_Control</STRONG> (Thumb, 932 bytes, Stack size 88 bytes, control_althold.o(i.Flight_Alt_Hold_Control))
<BR><BR>[Stack]<UL><LI>Max Depth = 136<LI>Call Chain = Flight_Alt_Hold_Control &rArr; PID_Control_Div_LPF &rArr; Control_Device_LPF
</UL>
<BR>[Calls]<UL><LI><a href="#[ff]">&gt;&gt;</a>&nbsp;&nbsp;&nbsp;Get_Systime
<LI><a href="#[68]">&gt;&gt;</a>&nbsp;&nbsp;&nbsp;constrain_float
<LI><a href="#[100]">&gt;&gt;</a>&nbsp;&nbsp;&nbsp;PID_Control_Div_LPF
<LI><a href="#[6a]">&gt;&gt;</a>&nbsp;&nbsp;&nbsp;PID_Control
</UL>
<BR>[Called By]<UL><LI><a href="#[26c]">&gt;&gt;</a>&nbsp;&nbsp;&nbsp;land_nogps_run
<LI><a href="#[6f]">&gt;&gt;</a>&nbsp;&nbsp;&nbsp;Auto_Flight_Ctrl
<LI><a href="#[169]">&gt;&gt;</a>&nbsp;&nbsp;&nbsp;Main_Leading_Control
<LI><a href="#[7c]">&gt;&gt;</a>&nbsp;&nbsp;&nbsp;ros_flight_support
<LI><a href="#[76]">&gt;&gt;</a>&nbsp;&nbsp;&nbsp;flight_subtask_3
<LI><a href="#[75]">&gt;&gt;</a>&nbsp;&nbsp;&nbsp;flight_subtask_1
<LI><a href="#[5c]">&gt;&gt;</a>&nbsp;&nbsp;&nbsp;basic_auto_flight_support
<LI><a href="#[80]">&gt;&gt;</a>&nbsp;&nbsp;&nbsp;Navigation_User_Setpoint
<LI><a href="#[7e]">&gt;&gt;</a>&nbsp;&nbsp;&nbsp;Deliver_UAV_Innovation
<LI><a href="#[7f]">&gt;&gt;</a>&nbsp;&nbsp;&nbsp;Deliver_UAV_Hulahoop
<LI><a href="#[7d]">&gt;&gt;</a>&nbsp;&nbsp;&nbsp;Deliver_UAV_Basic
<LI><a href="#[65]">&gt;&gt;</a>&nbsp;&nbsp;&nbsp;Air_Ground_Extinguish_Fire_System_Innovation
<LI><a href="#[62]">&gt;&gt;</a>&nbsp;&nbsp;&nbsp;Air_Ground_Extinguish_Fire_System_Basic
<LI><a href="#[5b]">&gt;&gt;</a>&nbsp;&nbsp;&nbsp;Agriculture_UAV_Closeloop
</UL>

<P><STRONG><a name="[184]"></a>Float2Byte</STRONG> (Thumb, 74 bytes, Stack size 8 bytes, nclink.o(i.Float2Byte))
<BR><BR>[Stack]<UL><LI>Max Depth = 8<LI>Call Chain = Float2Byte
</UL>
<BR>[Called By]<UL><LI><a href="#[191]">&gt;&gt;</a>&nbsp;&nbsp;&nbsp;NCLink_Send_To_Firetruck
<LI><a href="#[181]">&gt;&gt;</a>&nbsp;&nbsp;&nbsp;NCLink_Send_Userdata
<LI><a href="#[18c]">&gt;&gt;</a>&nbsp;&nbsp;&nbsp;NCLink_Send_Parameter_Reserved
<LI><a href="#[183]">&gt;&gt;</a>&nbsp;&nbsp;&nbsp;NCLink_Send_CalRawdata2
<LI><a href="#[182]">&gt;&gt;</a>&nbsp;&nbsp;&nbsp;NCLink_Send_CalRawdata1
<LI><a href="#[188]">&gt;&gt;</a>&nbsp;&nbsp;&nbsp;NCLink_Send_CalParadata3
<LI><a href="#[187]">&gt;&gt;</a>&nbsp;&nbsp;&nbsp;NCLink_Send_CalParadata2
<LI><a href="#[186]">&gt;&gt;</a>&nbsp;&nbsp;&nbsp;NCLink_Send_CalParadata1
<LI><a href="#[17f]">&gt;&gt;</a>&nbsp;&nbsp;&nbsp;NCLink_Send_3D_Track
[...]
<LI><a href="#[28b]">&gt;&gt;</a>&nbsp;&nbsp;&nbsp;_d2f
<LI><a href="#[246]">&gt;&gt;</a>&nbsp;&nbsp;&nbsp;_dsqrt
</UL>

<P><STRONG><a name="[290]"></a>__fpl_dretinf</STRONG> (Thumb, 12 bytes, Stack size 0 bytes, dretinf.o(x$fpl$dretinf), UNUSED)
<BR><BR>[Called By]<UL><LI><a href="#[29f]">&gt;&gt;</a>&nbsp;&nbsp;&nbsp;_f2d
<LI><a href="#[299]">&gt;&gt;</a>&nbsp;&nbsp;&nbsp;_dmul
<LI><a href="#[293]">&gt;&gt;</a>&nbsp;&nbsp;&nbsp;_ddiv
<LI><a href="#[28e]">&gt;&gt;</a>&nbsp;&nbsp;&nbsp;_dadd
</UL>

<P><STRONG><a name="[237]"></a>__aeabi_cdrcmple</STRONG> (Thumb, 0 bytes, Stack size 16 bytes, drleqf.o(x$fpl$drleqf))
<BR><BR>[Stack]<UL><LI>Max Depth = 16<LI>Call Chain = __aeabi_cdrcmple
</UL>
<BR>[Called By]<UL><LI><a href="#[242]">&gt;&gt;</a>&nbsp;&nbsp;&nbsp;__hardfp_pow
<LI><a href="#[236]">&gt;&gt;</a>&nbsp;&nbsp;&nbsp;__hardfp_ceil
</UL>

<P><STRONG><a name="[29a]"></a>_drcmple</STRONG> (Thumb, 108 bytes, Stack size 16 bytes, drleqf.o(x$fpl$drleqf), UNUSED)
<BR><BR>[Calls]<UL><LI><a href="#[29b]">&gt;&gt;</a>&nbsp;&nbsp;&nbsp;__fpl_dcmple_InfNaN
</UL>

<P><STRONG><a name="[229]"></a>__aeabi_drsub</STRONG> (Thumb, 0 bytes, Stack size 8 bytes, daddsub_clz.o(x$fpl$drsb))
<BR><BR>[Stack]<UL><LI>Max Depth = 8<LI>Call Chain = __aeabi_drsub
</UL>
<BR>[Called By]<UL><LI><a href="#[92]">&gt;&gt;</a>&nbsp;&nbsp;&nbsp;gaussElimination_six_order
<LI><a href="#[242]">&gt;&gt;</a>&nbsp;&nbsp;&nbsp;__hardfp_pow
<LI><a href="#[236]">&gt;&gt;</a>&nbsp;&nbsp;&nbsp;__hardfp_ceil
<LI><a href="#[f6]">&gt;&gt;</a>&nbsp;&nbsp;&nbsp;__hardfp_atan
<LI><a href="#[22b]">&gt;&gt;</a>&nbsp;&nbsp;&nbsp;__hardfp_asin
<LI><a href="#[225]">&gt;&gt;</a>&nbsp;&nbsp;&nbsp;__hardfp_acos
<LI><a href="#[249]">&gt;&gt;</a>&nbsp;&nbsp;&nbsp;__kernel_tan
<LI><a href="#[239]">&gt;&gt;</a>&nbsp;&nbsp;&nbsp;__kernel_sin
<LI><a href="#[238]">&gt;&gt;</a>&nbsp;&nbsp;&nbsp;__ieee754_rem_pio2
<LI><a href="#[23d]">&gt;&gt;</a>&nbsp;&nbsp;&nbsp;__hardfp_log
<LI><a href="#[23a]">&gt;&gt;</a>&nbsp;&nbsp;&nbsp;__kernel_cos
</UL>

<P><STRONG><a name="[29c]"></a>_drsb</STRONG> (Thumb, 22 bytes, Stack size 8 bytes, daddsub_clz.o(x$fpl$drsb), UNUSED)
<BR><BR>[Calls]<UL><LI><a href="#[28f]">&gt;&gt;</a>&nbsp;&nbsp;&nbsp;_dsub1
<LI><a href="#[29d]">&gt;&gt;</a>&nbsp;&nbsp;&nbsp;_dadd1
</UL>

<P><STRONG><a name="[246]"></a>_dsqrt</STRONG> (Thumb, 404 bytes, Stack size 24 bytes, dsqrt_umaal.o(x$fpl$dsqrt))
<BR><BR>[Stack]<UL><LI>Max Depth = 40<LI>Call Chain = _dsqrt &rArr; __fpl_dnaninf
</UL>
<BR>[Calls]<UL><LI><a href="#[28d]">&gt;&gt;</a>&nbsp;&nbsp;&nbsp;__fpl_dnaninf
</UL>
<BR>[Called By]<UL><LI><a href="#[22a]">&gt;&gt;</a>&nbsp;&nbsp;&nbsp;sqrt
<LI><a href="#[161]">&gt;&gt;</a>&nbsp;&nbsp;&nbsp;__hardfp_sqrt
</UL>

<P><STRONG><a name="[a0]"></a>__aeabi_dsub</STRONG> (Thumb, 0 bytes, Stack size 32 bytes, daddsub_clz.o(x$fpl$dsub))
<BR><BR>[Stack]<UL><LI>Max Depth = 32<LI>Call Chain = __aeabi_dsub
</UL>
<BR>[Called By]<UL><LI><a href="#[256]">&gt;&gt;</a>&nbsp;&nbsp;&nbsp;filterIIRButterLowpass
<LI><a href="#[250]">&gt;&gt;</a>&nbsp;&nbsp;&nbsp;butterSbValue
<LI><a href="#[92]">&gt;&gt;</a>&nbsp;&nbsp;&nbsp;gaussElimination_six_order
<LI><a href="#[1b9]">&gt;&gt;</a>&nbsp;&nbsp;&nbsp;QuadShow
<LI><a href="#[10c]">&gt;&gt;</a>&nbsp;&nbsp;&nbsp;GPS_PVT_Parse
<LI><a href="#[156]">&gt;&gt;</a>&nbsp;&nbsp;&nbsp;KalmanFilter_Horizontal_GPS
<LI><a href="#[242]">&gt;&gt;</a>&nbsp;&nbsp;&nbsp;__hardfp_pow
<LI><a href="#[f6]">&gt;&gt;</a>&nbsp;&nbsp;&nbsp;__hardfp_atan
<LI><a href="#[22b]">&gt;&gt;</a>&nbsp;&nbsp;&nbsp;__hardfp_asin
<LI><a href="#[225]">&gt;&gt;</a>&nbsp;&nbsp;&nbsp;__hardfp_acos
<LI><a href="#[9c]">&gt;&gt;</a>&nbsp;&nbsp;&nbsp;Circle_Waypoint_Generate
<LI><a href="#[19e]">&gt;&gt;</a>&nbsp;&nbsp;&nbsp;Openmv_Data_Receive_Anl_2
<LI><a href="#[249]">&gt;&gt;</a>&nbsp;&nbsp;&nbsp;__kernel_tan
<LI><a href="#[239]">&gt;&gt;</a>&nbsp;&nbsp;&nbsp;__kernel_sin
<LI><a href="#[238]">&gt;&gt;</a>&nbsp;&nbsp;&nbsp;__ieee754_rem_pio2
<LI><a href="#[23d]">&gt;&gt;</a>&nbsp;&nbsp;&nbsp;__hardfp_log
<LI><a href="#[23a]">&gt;&gt;</a>&nbsp;&nbsp;&nbsp;__kernel_cos
</UL>

<P><STRONG><a name="[29e]"></a>_dsub</STRONG> (Thumb, 464 bytes, Stack size 32 bytes, daddsub_clz.o(x$fpl$dsub), UNUSED)
<BR><BR>[Calls]<UL><LI><a href="#[29d]">&gt;&gt;</a>&nbsp;&nbsp;&nbsp;_dadd1
<LI><a href="#[28d]">&gt;&gt;</a>&nbsp;&nbsp;&nbsp;__fpl_dnaninf
</UL>

<P><STRONG><a name="[9d]"></a>__aeabi_f2d</STRONG> (Thumb, 0 bytes, Stack size 16 bytes, f2d.o(x$fpl$f2d))
<BR><BR>[Stack]<UL><LI>Max Depth = 16<LI>Call Chain = __aeabi_f2d
</UL>
<BR>[Called By]<UL><LI><a href="#[256]">&gt;&gt;</a>&nbsp;&nbsp;&nbsp;filterIIRButterLowpass
<LI><a href="#[250]">&gt;&gt;</a>&nbsp;&nbsp;&nbsp;butterSbValue
<LI><a href="#[24d]">&gt;&gt;</a>&nbsp;&nbsp;&nbsp;butterLowOrHigh
<LI><a href="#[160]">&gt;&gt;</a>&nbsp;&nbsp;&nbsp;LS_Calculate
<LI><a href="#[f8]">&gt;&gt;</a>&nbsp;&nbsp;&nbsp;Euler_Angle_Init_Again
<LI><a href="#[92]">&gt;&gt;</a>&nbsp;&nbsp;&nbsp;gaussElimination_six_order
<LI><a href="#[f4]">&gt;&gt;</a>&nbsp;&nbsp;&nbsp;ICM20689_Read_Data
<LI><a href="#[10c]">&gt;&gt;</a>&nbsp;&nbsp;&nbsp;GPS_PVT_Parse
<LI><a href="#[27d]">&gt;&gt;</a>&nbsp;&nbsp;&nbsp;spl0601_get_temperature
<LI><a href="#[156]">&gt;&gt;</a>&nbsp;&nbsp;&nbsp;KalmanFilter_Horizontal_GPS
<LI><a href="#[199]">&gt;&gt;</a>&nbsp;&nbsp;&nbsp;Observation_Angle_Calculate
<LI><a href="#[f3]">&gt;&gt;</a>&nbsp;&nbsp;&nbsp;Euler_Angle_Init
<LI><a href="#[9c]">&gt;&gt;</a>&nbsp;&nbsp;&nbsp;Circle_Waypoint_Generate
<LI><a href="#[19e]">&gt;&gt;</a>&nbsp;&nbsp;&nbsp;Openmv_Data_Receive_Anl_2
</UL>

<P><STRONG><a name="[29f]"></a>_f2d</STRONG> (Thumb, 86 bytes, Stack size 16 bytes, f2d.o(x$fpl$f2d), UNUSED)
<BR><BR>[Calls]<UL><LI><a href="#[2a0]">&gt;&gt;</a>&nbsp;&nbsp;&nbsp;__fpl_fnaninf
<LI><a href="#[290]">&gt;&gt;</a>&nbsp;&nbsp;&nbsp;__fpl_dretinf
</UL>

<P><STRONG><a name="[2a2]"></a>__fcmp4</STRONG> (Thumb, 24 bytes, Stack size 0 bytes, fcmp4.o(x$fpl$fcmp4), UNUSED)
<BR><BR>[Called By]<UL><LI><a href="#[2a1]">&gt;&gt;</a>&nbsp;&nbsp;&nbsp;_fcmp4
</UL>

<P><STRONG><a name="[23c]"></a>__ARM_fcmp4</STRONG> (Thumb, 0 bytes, Stack size 16 bytes, fcmp4.o(x$fpl$fcmp4))
<BR><BR>[Stack]<UL><LI>Max Depth = 16<LI>Call Chain = __ARM_fcmp4
</UL>
<BR>[Called By]<UL><LI><a href="#[9b]">&gt;&gt;</a>&nbsp;&nbsp;&nbsp;__hardfp_fminf
<LI><a href="#[20a]">&gt;&gt;</a>&nbsp;&nbsp;&nbsp;__hardfp_fmaxf
</UL>

<P><STRONG><a name="[2a1]"></a>_fcmp4</STRONG> (Thumb, 58 bytes, Stack size 16 bytes, fcmp4.o(x$fpl$fcmp4), UNUSED)
<BR><BR>[Calls]<UL><LI><a href="#[2a3]">&gt;&gt;</a>&nbsp;&nbsp;&nbsp;__fpl_fcmp_Inf
<LI><a href="#[2a0]">&gt;&gt;</a>&nbsp;&nbsp;&nbsp;__fpl_fnaninf
<LI><a href="#[2a2]">&gt;&gt;</a>&nbsp;&nbsp;&nbsp;__fcmp4
</UL>

<P><STRONG><a name="[2a3]"></a>__fpl_fcmp_Inf</STRONG> (Thumb, 24 bytes, Stack size 0 bytes, fcmpi.o(x$fpl$fcmpinf), UNUSED)
<BR><BR>[Called By]<UL><LI><a href="#[2a1]">&gt;&gt;</a>&nbsp;&nbsp;&nbsp;_fcmp4
</UL>

<P><STRONG><a name="[2a0]"></a>__fpl_fnaninf</STRONG> (Thumb, 140 bytes, Stack size 8 bytes, fnaninf.o(x$fpl$fnaninf), UNUSED)
<BR><BR>[Called By]<UL><LI><a href="#[29f]">&gt;&gt;</a>&nbsp;&nbsp;&nbsp;_f2d
<LI><a href="#[2a1]">&gt;&gt;</a>&nbsp;&nbsp;&nbsp;_fcmp4
</UL>

<P><STRONG><a name="[1e]"></a>_fp_init</STRONG> (Thumb, 10 bytes, Stack size 0 bytes, fpinit.o(x$fpl$fpinit))
<BR><BR>[Called By]<UL><LI><a href="#[1d]">&gt;&gt;</a>&nbsp;&nbsp;&nbsp;__rt_lib_init_fp_1
</UL>

<P><STRONG><a name="[2e5]"></a>__fplib_config_fpu_vfp</STRONG> (Thumb, 0 bytes, Stack size unknown bytes, fpinit.o(x$fpl$fpinit), UNUSED)

<P><STRONG><a name="[2e6]"></a>__fplib_config_pureend_doubles</STRONG> (Thumb, 0 bytes, Stack size unknown bytes, fpinit.o(x$fpl$fpinit), UNUSED)

<P><STRONG><a name="[28c]"></a>__fpl_fretinf</STRONG> (Thumb, 10 bytes, Stack size 0 bytes, fretinf.o(x$fpl$fretinf), UNUSED)
<BR><BR>[Called By]<UL><LI><a href="#[28b]">&gt;&gt;</a>&nbsp;&nbsp;&nbsp;_d2f
</UL>

<P><STRONG><a name="[292]"></a>__fpl_return_NaN</STRONG> (Thumb, 100 bytes, Stack size 0 bytes, retnan.o(x$fpl$retnan))
<BR><BR>[Calls]<UL><LI><a href="#[2a4]">&gt;&gt;</a>&nbsp;&nbsp;&nbsp;__fpl_cmpreturn
</UL>
<BR>[Called By]<UL><LI><a href="#[291]">&gt;&gt;</a>&nbsp;&nbsp;&nbsp;__fpl_dcheck_NaN1
</UL>

<P><STRONG><a name="[245]"></a>__ARM_scalbn</STRONG> (Thumb, 92 bytes, Stack size 0 bytes, scalbn.o(x$fpl$scalbn))
<BR><BR>[Calls]<UL><LI><a href="#[291]">&gt;&gt;</a>&nbsp;&nbsp;&nbsp;__fpl_dcheck_NaN1
</UL>
<BR>[Called By]<UL><LI><a href="#[242]">&gt;&gt;</a>&nbsp;&nbsp;&nbsp;__hardfp_pow
</UL>

<P><STRONG><a name="[2a4]"></a>__fpl_cmpreturn</STRONG> (Thumb, 48 bytes, Stack size 0 bytes, trapv.o(x$fpl$trapveneer))
<BR><BR>[Called By]<UL><LI><a href="#[292]">&gt;&gt;</a>&nbsp;&nbsp;&nbsp;__fpl_return_NaN
</UL>
<P>
<H3>
Local Symbols
</H3>
<P><STRONG><a name="[3d]"></a>_ADCIntNumberGet</STRONG> (Thumb, 54 bytes, Stack size 16 bytes, adc.o(i._ADCIntNumberGet))
<BR><BR>[Stack]<UL><LI>Max Depth = 16<LI>Call Chain = _ADCIntNumberGet
</UL>
<BR>[Called By]<UL><LI><a href="#[3c]">&gt;&gt;</a>&nbsp;&nbsp;&nbsp;ADCIntRegister
</UL>

<P><STRONG><a name="[e2]"></a>_EEPROMSectorMaskClear</STRONG> (Thumb, 44 bytes, Stack size 16 bytes, eeprom.o(i._EEPROMSectorMaskClear))
<BR><BR>[Stack]<UL><LI>Max Depth = 16<LI>Call Chain = _EEPROMSectorMaskClear
</UL>
<BR>[Calls]<UL><LI><a href="#[2a]">&gt;&gt;</a>&nbsp;&nbsp;&nbsp;SysCtlDelay
</UL>
<BR>[Called By]<UL><LI><a href="#[e3]">&gt;&gt;</a>&nbsp;&nbsp;&nbsp;EEPROMProgram
<LI><a href="#[e1]">&gt;&gt;</a>&nbsp;&nbsp;&nbsp;EEPROMMassErase
</UL>

<P><STRONG><a name="[e4]"></a>_EEPROMSectorMaskSet</STRONG> (Thumb, 52 bytes, Stack size 16 bytes, eeprom.o(i._EEPROMSectorMaskSet))
<BR><BR>[Stack]<UL><LI>Max Depth = 16<LI>Call Chain = _EEPROMSectorMaskSet
</UL>
<BR>[Calls]<UL><LI><a href="#[2a]">&gt;&gt;</a>&nbsp;&nbsp;&nbsp;SysCtlDelay
</UL>
<BR>[Called By]<UL><LI><a href="#[e3]">&gt;&gt;</a>&nbsp;&nbsp;&nbsp;EEPROMProgram
</UL>

<P><STRONG><a name="[df]"></a>_EEPROMWaitForDone</STRONG> (Thumb, 10 bytes, Stack size 0 bytes, eeprom.o(i._EEPROMWaitForDone))
<BR><BR>[Called By]<UL><LI><a href="#[e1]">&gt;&gt;</a>&nbsp;&nbsp;&nbsp;EEPROMMassErase
<LI><a href="#[de]">&gt;&gt;</a>&nbsp;&nbsp;&nbsp;EEPROMInit
</UL>

<P><STRONG><a name="[102]"></a>_GPIOIntNumberGet</STRONG> (Thumb, 52 bytes, Stack size 8 bytes, gpio.o(i._GPIOIntNumberGet))
<BR><BR>[Stack]<UL><LI>Max Depth = 8<LI>Call Chain = _GPIOIntNumberGet
</UL>
<BR>[Called By]<UL><LI><a href="#[101]">&gt;&gt;</a>&nbsp;&nbsp;&nbsp;GPIOIntRegister
</UL>

<P><STRONG><a name="[217]"></a>_TimerIntNumberGet</STRONG> (Thumb, 62 bytes, Stack size 12 bytes, timer.o(i._TimerIntNumberGet))
<BR><BR>[Stack]<UL><LI>Max Depth = 12<LI>Call Chain = _TimerIntNumberGet
</UL>
<BR>[Called By]<UL><LI><a href="#[212]">&gt;&gt;</a>&nbsp;&nbsp;&nbsp;TimerIntRegister
</UL>

<P><STRONG><a name="[220]"></a>_UARTIntNumberGet</STRONG> (Thumb, 52 bytes, Stack size 8 bytes, uart.o(i._UARTIntNumberGet))
<BR><BR>[Stack]<UL><LI>Max Depth = 8<LI>Call Chain = _UARTIntNumberGet
</UL>
<BR>[Called By]<UL><LI><a href="#[ba]">&gt;&gt;</a>&nbsp;&nbsp;&nbsp;UARTIntRegister
</UL>

<P><STRONG><a name="[8]"></a>NmiSR</STRONG> (Thumb, 0 bytes, Stack size unknown bytes, startup_rvmdk.o(RESET))
<BR><BR>[Calls]<UL><LI><a href="#[8]">&gt;&gt;</a>&nbsp;&nbsp;&nbsp;NmiSR
</UL>
<BR>[Called By]<UL><LI><a href="#[8]">&gt;&gt;</a>&nbsp;&nbsp;&nbsp;NmiSR
</UL>
<BR>[Address Reference Count : 1]<UL><LI> startup_rvmdk.o(RESET)
</UL>
<P><STRONG><a name="[9]"></a>FaultISR</STRONG> (Thumb, 0 bytes, Stack size unknown bytes, startup_rvmdk.o(RESET))
<BR><BR>[Calls]<UL><LI><a href="#[9]">&gt;&gt;</a>&nbsp;&nbsp;&nbsp;FaultISR
</UL>
<BR>[Called By]<UL><LI><a href="#[9]">&gt;&gt;</a>&nbsp;&nbsp;&nbsp;FaultISR
</UL>
<BR>[Address Reference Count : 1]<UL><LI> startup_rvmdk.o(RESET)
</UL>
<P><STRONG><a name="[a]"></a>IntDefaultHandler</STRONG> (Thumb, 0 bytes, Stack size unknown bytes, startup_rvmdk.o(RESET))
<BR><BR>[Calls]<UL><LI><a href="#[a]">&gt;&gt;</a>&nbsp;&nbsp;&nbsp;IntDefaultHandler
</UL>
<BR>[Called By]<UL><LI><a href="#[a]">&gt;&gt;</a>&nbsp;&nbsp;&nbsp;IntDefaultHandler
</UL>
<BR>[Address Reference Count : 1]<UL><LI> startup_rvmdk.o(RESET)
</UL>
<P><STRONG><a name="[90]"></a>Calibrate_Reset_Matrices</STRONG> (Thumb, 52 bytes, Stack size 12 bytes, calibration.o(i.Calibrate_Reset_Matrices))
<BR><BR>[Stack]<UL><LI>Max Depth = 12<LI>Call Chain = Calibrate_Reset_Matrices
</UL>
<BR>[Called By]<UL><LI><a href="#[55]">&gt;&gt;</a>&nbsp;&nbsp;&nbsp;Calibrate_accel
</UL>

<P><STRONG><a name="[91]"></a>Calibrate_Update_Matrices</STRONG> (Thumb, 190 bytes, Stack size 44 bytes, calibration.o(i.Calibrate_Update_Matrices))
<BR><BR>[Stack]<UL><LI>Max Depth = 44<LI>Call Chain = Calibrate_Update_Matrices
</UL>
<BR>[Called By]<UL><LI><a href="#[55]">&gt;&gt;</a>&nbsp;&nbsp;&nbsp;Calibrate_accel
</UL>

<P><STRONG><a name="[133]"></a>__ARM_isnanf</STRONG> (Thumb, 12 bytes, Stack size 0 bytes, calibration.o(i.__ARM_isnanf))
<BR><BR>[Called By]<UL><LI><a href="#[1a8]">&gt;&gt;</a>&nbsp;&nbsp;&nbsp;Reserved_Params_Init
<LI><a href="#[1cd]">&gt;&gt;</a>&nbsp;&nbsp;&nbsp;RC_Calibration_Init
<LI><a href="#[57]">&gt;&gt;</a>&nbsp;&nbsp;&nbsp;Parameter_Init
<LI><a href="#[127]">&gt;&gt;</a>&nbsp;&nbsp;&nbsp;Other_Parameter_Init
<LI><a href="#[125]">&gt;&gt;</a>&nbsp;&nbsp;&nbsp;Horizontal_Calibration_Init
</UL>

<P><STRONG><a name="[92]"></a>gaussElimination_six_order</STRONG> (Thumb, 456 bytes, Stack size 392 bytes, calibration.o(i.gaussElimination_six_order))
<BR><BR>[Stack]<UL><LI>Max Depth = 424<LI>Call Chain = gaussElimination_six_order &rArr; __aeabi_dmul
</UL>
<BR>[Calls]<UL><LI><a href="#[9d]">&gt;&gt;</a>&nbsp;&nbsp;&nbsp;__aeabi_f2d
<LI><a href="#[9f]">&gt;&gt;</a>&nbsp;&nbsp;&nbsp;__aeabi_dmul
<LI><a href="#[23f]">&gt;&gt;</a>&nbsp;&nbsp;&nbsp;__aeabi_cdcmpeq
<LI><a href="#[157]">&gt;&gt;</a>&nbsp;&nbsp;&nbsp;__aeabi_ddiv
<LI><a href="#[a0]">&gt;&gt;</a>&nbsp;&nbsp;&nbsp;__aeabi_dsub
<LI><a href="#[229]">&gt;&gt;</a>&nbsp;&nbsp;&nbsp;__aeabi_drsub
<LI><a href="#[a1]">&gt;&gt;</a>&nbsp;&nbsp;&nbsp;__aeabi_d2f
</UL>
<BR>[Called By]<UL><LI><a href="#[55]">&gt;&gt;</a>&nbsp;&nbsp;&nbsp;Calibrate_accel
</UL>

<P><STRONG><a name="[147]"></a>__ARM_isnanf</STRONG> (Thumb, 12 bytes, Stack size 0 bytes, filter.o(i.__ARM_isnanf))
<BR><BR>[Called By]<UL><LI><a href="#[15f]">&gt;&gt;</a>&nbsp;&nbsp;&nbsp;LPButterworth
<LI><a href="#[146]">&gt;&gt;</a>&nbsp;&nbsp;&nbsp;IIR_High_Order_Filter
</UL>

<P><STRONG><a name="[141]"></a>__ARM_isnanf</STRONG> (Thumb, 12 bytes, Stack size 0 bytes, icm2068x.o(i.__ARM_isnanf))
<BR><BR>[Called By]<UL><LI><a href="#[142]">&gt;&gt;</a>&nbsp;&nbsp;&nbsp;IMU_Calibration
<LI><a href="#[128]">&gt;&gt;</a>&nbsp;&nbsp;&nbsp;ICM20689_Init
</UL>

<P><STRONG><a name="[b0]"></a>sensor_config_uart</STRONG> (Thumb, 8 bytes, Stack size 0 bytes, opticalflow_lc306.o(i.sensor_config_uart))
<BR><BR>[Calls]<UL><LI><a href="#[1db]">&gt;&gt;</a>&nbsp;&nbsp;&nbsp;UARTCharPut
</UL>
<BR>[Called By]<UL><LI><a href="#[ae]">&gt;&gt;</a>&nbsp;&nbsp;&nbsp;Config_Init_Uart
</UL>

<P><STRONG><a name="[18]"></a>SycTickHandler</STRONG> (Thumb, 10 bytes, Stack size 0 bytes, time.o(i.SycTickHandler))
<BR>[Address Reference Count : 1]<UL><LI> time.o(i.initTime)
</UL>
<P><STRONG><a name="[252]"></a>__ARM_isnanf</STRONG> (Thumb, 12 bytes, Stack size 0 bytes, wp_math.o(i.__ARM_isnanf))
<BR><BR>[Called By]<UL><LI><a href="#[68]">&gt;&gt;</a>&nbsp;&nbsp;&nbsp;constrain_float
<LI><a href="#[153]">&gt;&gt;</a>&nbsp;&nbsp;&nbsp;safe_sqrt
</UL>

<P><STRONG><a name="[189]"></a>NCLink_Send_Check</STRONG> (Thumb, 64 bytes, Stack size 8 bytes, nclink.o(i.NCLink_Send_Check))
<BR><BR>[Stack]<UL><LI>Max Depth = 24<LI>Call Chain = NCLink_Send_Check &rArr; Serial_Data_Send &rArr; USART1_Send
</UL>
<BR>[Calls]<UL><LI><a href="#[185]">&gt;&gt;</a>&nbsp;&nbsp;&nbsp;Serial_Data_Send
</UL>
<BR>[Called By]<UL><LI><a href="#[177]">&gt;&gt;</a>&nbsp;&nbsp;&nbsp;NCLink_Send_Check_Status_Parameter
</UL>

<P><STRONG><a name="[18d]"></a>NCLink_Send_Feedback</STRONG> (Thumb, 64 bytes, Stack size 8 bytes, reserved_serialport.o(i.NCLink_Send_Feedback))
<BR><BR>[Stack]<UL><LI>Max Depth = 24<LI>Call Chain = NCLink_Send_Feedback &rArr; Reserved_Serialport_Send
</UL>
<BR>[Calls]<UL><LI><a href="#[18e]">&gt;&gt;</a>&nbsp;&nbsp;&nbsp;Reserved_Serialport_Send
</UL>
<BR>[Called By]<UL><LI><a href="#[190]">&gt;&gt;</a>&nbsp;&nbsp;&nbsp;NCLink_Send_IMU_Feedback_PC
</UL>

<P><STRONG><a name="[273]"></a>lsn10_uart_send</STRONG> (Thumb, 8 bytes, Stack size 0 bytes, lsn10.o(i.lsn10_uart_send))
<BR><BR>[Calls]<UL><LI><a href="#[1db]">&gt;&gt;</a>&nbsp;&nbsp;&nbsp;UARTCharPut
</UL>
<BR>[Called By]<UL><LI><a href="#[271]">&gt;&gt;</a>&nbsp;&nbsp;&nbsp;lsn10_motor_ctrl
</UL>

<P><STRONG><a name="[113]"></a>__ARM_isnanf</STRONG> (Thumb, 12 bytes, Stack size 0 bytes, sensor.o(i.__ARM_isnanf))
<BR><BR>[Called By]<UL><LI><a href="#[112]">&gt;&gt;</a>&nbsp;&nbsp;&nbsp;Get_Status_Feedback
<LI><a href="#[14a]">&gt;&gt;</a>&nbsp;&nbsp;&nbsp;Madgwick_AHRS_Update_IMU
</UL>

<P><STRONG><a name="[f5]"></a>invSqrt</STRONG> (Thumb, 40 bytes, Stack size 0 bytes, sensor.o(i.invSqrt))
<BR><BR>[Called By]<UL><LI><a href="#[f8]">&gt;&gt;</a>&nbsp;&nbsp;&nbsp;Euler_Angle_Init_Again
<LI><a href="#[f9]">&gt;&gt;</a>&nbsp;&nbsp;&nbsp;quad_from_euler
<LI><a href="#[199]">&gt;&gt;</a>&nbsp;&nbsp;&nbsp;Observation_Angle_Calculate
<LI><a href="#[14a]">&gt;&gt;</a>&nbsp;&nbsp;&nbsp;Madgwick_AHRS_Update_IMU
<LI><a href="#[f3]">&gt;&gt;</a>&nbsp;&nbsp;&nbsp;Euler_Angle_Init
</UL>

<P><STRONG><a name="[155]"></a>__ARM_isnanf</STRONG> (Thumb, 12 bytes, Stack size 0 bytes, sins.o(i.__ARM_isnanf))
<BR><BR>[Called By]<UL><LI><a href="#[154]">&gt;&gt;</a>&nbsp;&nbsp;&nbsp;KalmanFilter_Horizontal
<LI><a href="#[116]">&gt;&gt;</a>&nbsp;&nbsp;&nbsp;Strapdown_INS_High_Kalman
</UL>

<P><STRONG><a name="[c6]"></a>__ARM_isnanf</STRONG> (Thumb, 12 bytes, Stack size 0 bytes, pid.o(i.__ARM_isnanf))
<BR><BR>[Called By]<UL><LI><a href="#[126]">&gt;&gt;</a>&nbsp;&nbsp;&nbsp;PID_Paramter_Init_With_Flash
<LI><a href="#[100]">&gt;&gt;</a>&nbsp;&nbsp;&nbsp;PID_Control_Div_LPF
<LI><a href="#[6a]">&gt;&gt;</a>&nbsp;&nbsp;&nbsp;PID_Control
<LI><a href="#[11d]">&gt;&gt;</a>&nbsp;&nbsp;&nbsp;pid_ctrl_rpy_gyro_maple
<LI><a href="#[6b]">&gt;&gt;</a>&nbsp;&nbsp;&nbsp;PID_Control_Yaw
<LI><a href="#[a4]">&gt;&gt;</a>&nbsp;&nbsp;&nbsp;PID_Control_SDK_Err_LPF
<LI><a href="#[11e]">&gt;&gt;</a>&nbsp;&nbsp;&nbsp;PID_Control_Div_LPF_For_Gyro
<LI><a href="#[c5]">&gt;&gt;</a>&nbsp;&nbsp;&nbsp;Control_Device_LPF
</UL>

<P><STRONG><a name="[1a5]"></a>__ARM_isnanf</STRONG> (Thumb, 12 bytes, Stack size 0 bytes, namelesscotrun_opticalflow.o(i.__ARM_isnanf))
<BR><BR>[Called By]<UL><LI><a href="#[bd]">&gt;&gt;</a>&nbsp;&nbsp;&nbsp;OpticalFlow_Init
</UL>

<P><STRONG><a name="[1e1]"></a>__ARM_isnanf</STRONG> (Thumb, 12 bytes, Stack size 0 bytes, namelesscotrun_sdk.o(i.__ARM_isnanf))
<BR><BR>[Called By]<UL><LI><a href="#[130]">&gt;&gt;</a>&nbsp;&nbsp;&nbsp;SDK_Init
</UL>

<P><STRONG><a name="[42]"></a>__ARM_isnanf</STRONG> (Thumb, 12 bytes, Stack size 0 bytes, adc_button.o(i.__ARM_isnanf))
<BR><BR>[Called By]<UL><LI><a href="#[40]">&gt;&gt;</a>&nbsp;&nbsp;&nbsp;ADC_Button_Init
</UL>

<P><STRONG><a name="[288]"></a>__ARM_isnanf</STRONG> (Thumb, 12 bytes, Stack size 0 bytes, subtask_demo.o(i.__ARM_isnanf))
<BR><BR>[Called By]<UL><LI><a href="#[121]">&gt;&gt;</a>&nbsp;&nbsp;&nbsp;substask_params_init
</UL>

<P><STRONG><a name="[29d]"></a>_dadd1</STRONG> (Thumb, 0 bytes, Stack size unknown bytes, daddsub_clz.o(x$fpl$dadd), UNUSED)
<BR><BR>[Called By]<UL><LI><a href="#[29e]">&gt;&gt;</a>&nbsp;&nbsp;&nbsp;_dsub
<LI><a href="#[29c]">&gt;&gt;</a>&nbsp;&nbsp;&nbsp;_drsb
</UL>

<P><STRONG><a name="[28f]"></a>_dsub1</STRONG> (Thumb, 0 bytes, Stack size unknown bytes, daddsub_clz.o(x$fpl$dsub), UNUSED)
<BR><BR>[Called By]<UL><LI><a href="#[29c]">&gt;&gt;</a>&nbsp;&nbsp;&nbsp;_drsb
<LI><a href="#[28e]">&gt;&gt;</a>&nbsp;&nbsp;&nbsp;_dadd
</UL>
<P>
<H3>
Undefined Global Symbols
</H3><HR></body></html>
