Component: ARM Compiler 5.06 update 7 (build 960) Tool: armlink [4d3601]

==============================================================================

Section Cross References

    adc.o(i.ADCIntRegister) refers to adc.o(i._ADCIntNumberGet) for _ADCIntNumberGet
    adc.o(i.ADCIntRegister) refers to interrupt.o(i.IntRegister) for IntRegister
    adc.o(i.ADCIntRegister) refers to interrupt.o(i.IntEnable) for IntEnable
    adc.o(i.ADCIntUnregister) refers to adc.o(i._ADCIntNumberGet) for _ADCIntNumberGet
    adc.o(i.ADCIntUnregister) refers to interrupt.o(i.IntDisable) for IntDisable
    adc.o(i.ADCIntUnregister) refers to interrupt.o(i.IntUnregister) for IntUnregister
    adc.o(i.ADCSoftwareOversampleConfigure) refers to adc.o(.data) for .data
    adc.o(i.ADCSoftwareOversampleDataGet) refers to adc.o(.data) for .data
    adc.o(i.ADCSoftwareOversampleStepConfigure) refers to adc.o(.data) for .data
    aes.o(i.AESDataAuth) refers to aes.o(i.AESLengthSet) for AESLengthSet
    aes.o(i.AESDataAuth) refers to aes.o(i.AESDataWrite) for AESDataWrite
    aes.o(i.AESDataAuth) refers to aes.o(i.AESTagRead) for AESTagRead
    aes.o(i.AESDataProcess) refers to aes.o(i.AESLengthSet) for AESLengthSet
    aes.o(i.AESDataProcess) refers to aes.o(i.AESDataWrite) for AESDataWrite
    aes.o(i.AESDataProcess) refers to aes.o(i.AESDataRead) for AESDataRead
    aes.o(i.AESDataProcessAuth) refers to aes.o(i.AESLengthSet) for AESLengthSet
    aes.o(i.AESDataProcessAuth) refers to aes.o(i.AESAuthLengthSet) for AESAuthLengthSet
    aes.o(i.AESDataProcessAuth) refers to aes.o(i.AESDataWrite) for AESDataWrite
    aes.o(i.AESDataProcessAuth) refers to aes.o(i.AESDataRead) for AESDataRead
    aes.o(i.AESDataProcessAuth) refers to aes.o(i.AESTagRead) for AESTagRead
    aes.o(i.AESIntRegister) refers to interrupt.o(i.IntRegister) for IntRegister
    aes.o(i.AESIntRegister) refers to interrupt.o(i.IntEnable) for IntEnable
    aes.o(i.AESIntUnregister) refers to interrupt.o(i.IntDisable) for IntDisable
    aes.o(i.AESIntUnregister) refers to interrupt.o(i.IntUnregister) for IntUnregister
    can.o(i.CANBitRateSet) refers to can.o(.constdata) for .constdata
    can.o(i.CANIntRegister) refers to can.o(i._CANIntNumberGet) for _CANIntNumberGet
    can.o(i.CANIntRegister) refers to interrupt.o(i.IntRegister) for IntRegister
    can.o(i.CANIntRegister) refers to interrupt.o(i.IntEnable) for IntEnable
    can.o(i.CANIntUnregister) refers to can.o(i._CANIntNumberGet) for _CANIntNumberGet
    can.o(i.CANIntUnregister) refers to interrupt.o(i.IntDisable) for IntDisable
    can.o(i.CANIntUnregister) refers to interrupt.o(i.IntUnregister) for IntUnregister
    can.o(i.CANMessageGet) refers to can.o(i._CANDataRegRead) for _CANDataRegRead
    can.o(i.CANMessageSet) refers to can.o(i._CANDataRegWrite) for _CANDataRegWrite
    comp.o(i.ComparatorIntRegister) refers to interrupt.o(i.IntRegister) for IntRegister
    comp.o(i.ComparatorIntRegister) refers to interrupt.o(i.IntEnable) for IntEnable
    comp.o(i.ComparatorIntUnregister) refers to interrupt.o(i.IntDisable) for IntDisable
    comp.o(i.ComparatorIntUnregister) refers to interrupt.o(i.IntUnregister) for IntUnregister
    crc.o(i.CRCDataProcess) refers to crc.o(i.CRCResultRead) for CRCResultRead
    des.o(i.DESDataProcess) refers to des.o(i.DESDataWriteNonBlocking) for DESDataWriteNonBlocking
    des.o(i.DESDataProcess) refers to des.o(i.DESDataReadNonBlocking) for DESDataReadNonBlocking
    des.o(i.DESIntRegister) refers to interrupt.o(i.IntRegister) for IntRegister
    des.o(i.DESIntRegister) refers to interrupt.o(i.IntEnable) for IntEnable
    des.o(i.DESIntUnregister) refers to interrupt.o(i.IntDisable) for IntDisable
    des.o(i.DESIntUnregister) refers to interrupt.o(i.IntUnregister) for IntUnregister
    eeprom.o(i.EEPROMInit) refers to sysctl.o(.emb_text) for SysCtlDelay
    eeprom.o(i.EEPROMInit) refers to eeprom.o(i._EEPROMWaitForDone) for _EEPROMWaitForDone
    eeprom.o(i.EEPROMInit) refers to sysctl.o(i.SysCtlPeripheralReset) for SysCtlPeripheralReset
    eeprom.o(i.EEPROMIntClear) refers to eeprom.o(i._EEPROMSectorMaskClear) for _EEPROMSectorMaskClear
    eeprom.o(i.EEPROMMassErase) refers to eeprom.o(i._EEPROMSectorMaskClear) for _EEPROMSectorMaskClear
    eeprom.o(i.EEPROMMassErase) refers to eeprom.o(i._EEPROMWaitForDone) for _EEPROMWaitForDone
    eeprom.o(i.EEPROMMassErase) refers to sysctl.o(i.SysCtlPeripheralReset) for SysCtlPeripheralReset
    eeprom.o(i.EEPROMMassErase) refers to sysctl.o(.emb_text) for SysCtlDelay
    eeprom.o(i.EEPROMProgram) refers to eeprom.o(i._EEPROMSectorMaskSet) for _EEPROMSectorMaskSet
    eeprom.o(i.EEPROMProgram) refers to eeprom.o(i._EEPROMSectorMaskClear) for _EEPROMSectorMaskClear
    eeprom.o(i.EEPROMProgramNonBlocking) refers to eeprom.o(i._EEPROMSectorMaskSet) for _EEPROMSectorMaskSet
    eeprom.o(i._EEPROMSectorMaskClear) refers to sysctl.o(.emb_text) for SysCtlDelay
[...]
    0x00000402   0x00000402   0x0000003e   Code   RO        10671    .text               c_w.l(strlen.o)
    0x00000440   0x00000440   0x0000008a   Code   RO        10673    .text               c_w.l(rt_memcpy_v6.o)
    0x000004ca   0x000004ca   0x00000008   Code   RO        10675    .text               c_w.l(memcpy.o)
    0x000004d2   0x000004d2   0x00000064   Code   RO        10677    .text               c_w.l(rt_memcpy_w.o)
    0x00000536   0x00000536   0x00000044   Code   RO        10679    .text               c_w.l(rt_memclr.o)
    0x0000057a   0x0000057a   0x0000004e   Code   RO        10681    .text               c_w.l(rt_memclr_w.o)
    0x000005c8   0x000005c8   0x00000006   Code   RO        10683    .text               c_w.l(heapauxi.o)
    0x000005ce   0x000005ce   0x00000002   PAD
    0x000005d0   0x000005d0   0x00000008   Code   RO        10965    .text               c_w.l(rt_heap_descriptor_intlibspace.o)
    0x000005d8   0x000005d8   0x00000016   Code   RO        10987    .text               c_w.l(_rserrno.o)
    0x000005ee   0x000005ee   0x00000002   PAD
    0x000005f0   0x000005f0   0x00000008   Code   RO        11133    .text               c_w.l(libspace.o)
    0x000005f8   0x000005f8   0x00000008   Code   RO        11154    .text               c_w.l(rt_errno_addr_intlibspace.o)
    0x00000600   0x00000600   0x00000002   Code   RO        11179    .text               c_w.l(use_no_semi.o)
    0x00000602   0x00000602   0x00000000   Code   RO        11181    .text               c_w.l(indicate_semi.o)
    0x00000602   0x00000602   0x0000004a   Code   RO        11182    .text               c_w.l(sys_stackheap_outer.o)
    0x0000064c   0x0000064c   0x00000012   Code   RO        11188    .text               c_w.l(exit.o)
    0x0000065e   0x0000065e   0x00000002   PAD
    0x00000660   0x00000660   0x0000000c   Code   RO        11206    .text               c_w.l(sys_exit.o)
    0x0000066c   0x0000066c   0x0000002c   Code   RO         7674    i.ADC0IntHandler    wp_adc.o
    0x00000698   0x00000698   0x00000008   Code   RO           10    i.ADCIntClear       adc.o
    0x000006a0   0x000006a0   0x0000000e   Code   RO           14    i.ADCIntEnable      adc.o
    0x000006ae   0x000006ae   0x00000008   Code   RO           15    i.ADCIntEnableEx    adc.o
    0x000006b6   0x000006b6   0x0000001c   Code   RO           16    i.ADCIntRegister    adc.o
    0x000006d2   0x000006d2   0x00000016   Code   RO           22    i.ADCProcessorTrigger  adc.o
    0x000006e8   0x000006e8   0x00000026   Code   RO           25    i.ADCSequenceConfigure  adc.o
    0x0000070e   0x0000070e   0x0000001c   Code   RO           28    i.ADCSequenceDataGet  adc.o
    0x0000072a   0x0000072a   0x0000000c   Code   RO           30    i.ADCSequenceEnable  adc.o
    0x00000736   0x00000736   0x00000064   Code   RO           33    i.ADCSequenceStepConfigure  adc.o
    0x0000079a   0x0000079a   0x00000002   PAD
    0x0000079c   0x0000079c   0x000000b0   Code   RO        10349    i.ADC_Button_Init   adc_button.o
    0x0000084c   0x0000084c   0x00000244   Code   RO        10350    i.ADC_Button_Read   adc_button.o
    0x00000a90   0x00000a90   0x0000021c   Code   RO        10351    i.ADC_Button_Scan   adc_button.o
    0x00000cac   0x00000cac   0x000000c4   Code   RO         7675    i.ADC_Init          wp_adc.o
    0x00000d70   0x00000d70   0x00000024   Code   RO         7676    i.ADC_Sample_Trigger  wp_adc.o
    0x00000d94   0x00000d94   0x000001c4   Code   RO         6119    i.Accel_Calibartion  calibration.o
    0x00000f58   0x00000f58   0x00000364   Code   RO         6120    i.Accel_Calibration_Check  calibration.o
    0x000012bc   0x000012bc   0x00000378   Code   RO        10425    i.Agriculture_UAV_Closeloop  subtask_demo.o
    0x00001634   0x00001634   0x000002c4   Code   RO        10427    i.Air_Ground_Extinguish_Fire_System_Basic  subtask_demo.o
    0x000018f8   0x000018f8   0x00000674   Code   RO        10428    i.Air_Ground_Extinguish_Fire_System_Innovation  subtask_demo.o
    0x00001f6c   0x00001f6c   0x0000006c   Code   RO         9318    i.Alt_SINS_Init     sins.o
    0x00001fd8   0x00001fd8   0x00000384   Code   RO         9953    i.Angle_Control_Target  wp_ctrl.o
    0x0000235c   0x0000235c   0x00000014   Code   RO         9954    i.Attitude_Control  wp_ctrl.o
    0x00002370   0x00002370   0x000002f0   Code   RO        10404    i.Auto_Flight_Ctrl  developer_mode.o
    0x00002660   0x00002660   0x000000c4   Code   RO        10429    i.Auto_Takeoff      subtask_demo.o
    0x00002724   0x00002724   0x00000088   Code   RO         7677    i.Battery_Voltage_Detection  wp_adc.o
    0x000027ac   0x000027ac   0x00000020   Code   RO         6374    i.Bling_Init        bling.o
    0x000027cc   0x000027cc   0x00000082   Code   RO         6375    i.Bling_Process     bling.o
    0x0000284e   0x0000284e   0x00000030   Code   RO         6376    i.Bling_Set         bling.o
    0x0000287e   0x0000287e   0x00000002   PAD
    0x00002880   0x00002880   0x000001b0   Code   RO         6377    i.Bling_Working     bling.o
    0x00002a30   0x00002a30   0x00000082   Code   RO         8970    i.Board_Buzzer_Work  reserved_io.o
    0x00002ab2   0x00002ab2   0x00000002   PAD
    0x00002ab4   0x00002ab4   0x00000020   Code   RO         6430    i.Butterworth_Parameter_Init  filter.o
    0x00002ad4   0x00002ad4   0x00000024   Code   RO         8466    i.Byte2Float        nclink.o
    0x00002af8   0x00002af8   0x00000038   Code   RO         6121    i.Calibrate_Reset_Matrices  calibration.o
    0x00002b30   0x00002b30   0x000000be   Code   RO         6122    i.Calibrate_Update_Matrices  calibration.o
    0x00002bee   0x00002bee   0x00000002   PAD
    0x00002bf0   0x00002bf0   0x00000234   Code   RO         6123    i.Calibrate_accel   calibration.o
    0x00002e24   0x00002e24   0x00000020   Code   RO         6124    i.Calibration_All_Check  calibration.o
    0x00002e44   0x00002e44   0x00000028   Code   RO         9955    i.CarryPilot_Control  wp_ctrl.o
    0x00002e6c   0x00002e6c   0x0000002c   Code   RO         6125    i.Check_Calibration_Flag  calibration.o
    0x00002e98   0x00002e98   0x00000130   Code   RO         8652    i.Check_Front_Tofsense  tofsensor.o
    0x00002fc8   0x00002fc8   0x000000b4   Code   RO         6126    i.Check_Plane_Sampling_Okay  calibration.o
    0x0000307c   0x0000307c   0x000000c4   Code   RO        10430    i.Circle_Waypoint_Generate  subtask_demo.o
    0x00003140   0x00003140   0x000000e8   Code   RO         9795    i.Color_Block_Control_Pilot  opticalflow_control.o
    0x00003228   0x00003228   0x0000008c   Code   RO         8886    i.Compass_Fault_Check  compass.o
    0x000032b4   0x000032b4   0x00000058   Code   RO         8887    i.Compass_Init      compass.o
    0x0000330c   0x0000330c   0x000000e4   Code   RO         8888    i.Compass_Read_Data  compass.o
    0x000033f0   0x000033f0   0x0000012c   Code   RO         9197    i.Compute_Rotation_Matrix_From_Quad  sensor.o
    0x0000351c   0x0000351c   0x000000e8   Code   RO         7054    i.Config_Init_Uart  opticalflow_lc306.o
    0x00003604   0x00003604   0x0000006c   Code   RO         7536    i.ConfigureUART0    usart.o
    0x00003670   0x00003670   0x00000074   Code   RO         7537    i.ConfigureUART1    usart.o
    0x000036e4   0x000036e4   0x00000094   Code   RO         7538    i.ConfigureUART2    usart.o
    0x00003778   0x00003778   0x00000074   Code   RO         7539    i.ConfigureUART3    usart.o
    0x000037ec   0x000037ec   0x00000098   Code   RO         7540    i.ConfigureUART6    usart.o
    0x00003884   0x00003884   0x00000080   Code   RO         7541    i.ConfigureUART7    usart.o
    0x00003904   0x00003904   0x0000007c   Code   RO         9128    i.ConfigureUART_Speaker  speaker.o
    0x00003980   0x00003980   0x00000108   Code   RO         9545    i.Control_Device_LPF  pid.o
    0x00003a88   0x00003a88   0x00000318   Code   RO         9956    i.Control_Output    wp_ctrl.o
    0x00003da0   0x00003da0   0x00000268   Code   RO         9957    i.Controler_Mode_Select  wp_ctrl.o
    0x00004008   0x00004008   0x00000004   Code   RO         7318    i.Delay_Ms          time.o
    0x0000400c   0x0000400c   0x00000810   Code   RO        10431    i.Deliver_UAV_Basic  subtask_demo.o
    0x0000481c   0x0000481c   0x00000618   Code   RO        10432    i.Deliver_UAV_Hulahoop  subtask_demo.o
    0x00004e34   0x00004e34   0x0000081c   Code   RO        10433    i.Deliver_UAV_Innovation  subtask_demo.o
    0x00005650   0x00005650   0x00000048   Code   RO         6826    i.Draw_Logo1        oled.o
    0x00005698   0x00005698   0x00000044   Code   RO          831    i.EEPROMInit        eeprom.o
    0x000056dc   0x000056dc   0x00000054   Code   RO          836    i.EEPROMMassErase   eeprom.o
    0x00005730   0x00005730   0x000000bc   Code   RO          837    i.EEPROMProgram     eeprom.o
    0x000057ec   0x000057ec   0x00000030   Code   RO          839    i.EEPROMRead        eeprom.o
    0x0000581c   0x0000581c   0x00000014   Code   RO         7725    i.EEPROM_Init       wp_flash.o
    0x00005830   0x00005830   0x00000094   Code   RO         9734    i.ENU_Desired_Accel_Transform_Angle  control_poshold.o
    0x000058c4   0x000058c4   0x00000014   Code   RO         6127    i.ESC_Calibration   calibration.o
    0x000058d8   0x000058d8   0x000000d4   Code   RO         6128    i.ESC_Calibration_Check  calibration.o
    0x000059ac   0x000059ac   0x000000f0   Code   RO        10034    i.ESC_HardWave_Init  license.o
    0x00005a9c   0x00005a9c   0x0000002c   Code   RO         9547    i.East_North_Ctrl_Reset  pid.o
    0x00005ac8   0x00005ac8   0x000002e0   Code   RO         9198    i.Euler_Angle_Init  sensor.o
    0x00005da8   0x00005da8   0x0000030c   Code   RO         9199    i.Euler_Angle_Init_Again  sensor.o
    0x000060b4   0x000060b4   0x00000010   Code   RO         1768    i.FPUEnable         fpu.o
    0x000060c4   0x000060c4   0x00000010   Code   RO         1771    i.FPULazyStackingEnable  fpu.o
    0x000060d4   0x000060d4   0x000000f8   Code   RO         7796    i.FastAsin          wp_math.o
    0x000061cc   0x000061cc   0x00000164   Code   RO         7797    i.FastAtan2         wp_math.o
    0x00006330   0x00006330   0x00000080   Code   RO         7798    i.FastCos           wp_math.o
    0x000063b0   0x000063b0   0x000002f8   Code   RO         7800    i.FastPow           wp_math.o
    0x000066a8   0x000066a8   0x0000007c   Code   RO         7801    i.FastSin           wp_math.o
    0x00006724   0x00006724   0x00000110   Code   RO         7802    i.FastSinCos        wp_math.o
    0x00006834   0x00006834   0x00000014   Code   RO         7803    i.FastSqrt          wp_math.o
    0x00006848   0x00006848   0x0000003c   Code   RO         7804    i.FastSqrtI         wp_math.o
    0x00006884   0x00006884   0x00000120   Code   RO         7805    i.FastTan           wp_math.o
    0x000069a4   0x000069a4   0x000003fc   Code   RO         9690    i.Flight_Alt_Hold_Control  control_althold.o
    0x00006da0   0x00006da0   0x00000050   Code   RO         8467    i.Float2Byte        nclink.o
    0x00006df0   0x00006df0   0x000000fc   Code   RO         9796    i.Front_AprilTag_Control_Pilot  opticalflow_control.o
    0x00006eec   0x00006eec   0x000001b0   Code   RO         9797    i.Front_Surround_Pole_Control_Pilot  opticalflow_control.o
    0x0000709c   0x0000709c   0x0000002e   Code   RO         1835    i.GPIODirModeSet    gpio.o
    0x000070ca   0x000070ca   0x00000006   Code   RO         1836    i.GPIOIntClear      gpio.o
    0x000070d0   0x000070d0   0x0000000c   Code   RO         1838    i.GPIOIntEnable     gpio.o
    0x000070dc   0x000070dc   0x0000001c   Code   RO         1839    i.GPIOIntRegister   gpio.o
    0x000070f8   0x000070f8   0x0000005e   Code   RO         1842    i.GPIOIntTypeSet    gpio.o
    0x00007156   0x00007156   0x0000014c   Code   RO         1845    i.GPIOPadConfigSet  gpio.o
    0x000072a2   0x000072a2   0x00000002   PAD
    0x000072a4   0x000072a4   0x00000048   Code   RO         1846    i.GPIOPinConfigure  gpio.o
    0x000072ec   0x000072ec   0x00000006   Code   RO         1847    i.GPIOPinRead       gpio.o
    0x000072f2   0x000072f2   0x00000020   Code   RO         1848    i.GPIOPinTypeADC    gpio.o
    0x00007312   0x00007312   0x00000020   Code   RO         1856    i.GPIOPinTypeGPIOInput  gpio.o
    0x00007332   0x00007332   0x00000020   Code   RO         1857    i.GPIOPinTypeGPIOOutput  gpio.o
    0x00007352   0x00007352   0x00000020   Code   RO         1859    i.GPIOPinTypeI2C    gpio.o
    0x00007372   0x00007372   0x00000020   Code   RO         1860    i.GPIOPinTypeI2CSCL  gpio.o
    0x00007392   0x00007392   0x00000020   Code   RO         1868    i.GPIOPinTypePWM    gpio.o
    0x000073b2   0x000073b2   0x00000020   Code   RO         1872    i.GPIOPinTypeUART   gpio.o
    0x000073d2   0x000073d2   0x00000006   Code   RO         1878    i.GPIOPinWrite      gpio.o
    0x000073d8   0x000073d8   0x0000000a   Code   RO         6379    i.GPIO_SetBits      bling.o
    0x000073e2   0x000073e2   0x00000002   PAD
    0x000073e4   0x000073e4   0x0000007c   Code   RO         9319    i.GPSData_Sort      sins.o
    0x00007460   0x00007460   0x0000003c   Code   RO         6563    i.GPS_Data_Prase    gps.o
    0x0000749c   0x0000749c   0x0000037c   Code   RO         6564    i.GPS_PVT_Parse     gps.o
    0x00007818   0x00007818   0x00000006   Code   RO         6565    i.GPS_UART_Init     gps.o
    0x0000781e   0x0000781e   0x00000002   PAD
    0x00007820   0x00007820   0x0000003c   Code   RO         9459    i.GPS_ok            control_land.o
    0x0000785c   0x0000785c   0x000000a4   Code   RO         9200    i.Get_Baro_Offset   sensor.o
    0x00007900   0x00007900   0x00000054   Code   RO         7678    i.Get_Battery_Voltage  wp_adc.o
    0x00007954   0x00007954   0x000005bc   Code   RO         9201    i.Get_Status_Feedback  sensor.o
    0x00007f10   0x00007f10   0x00000050   Code   RO         7197    i.Get_Systime       schedule.o
    0x00007f60   0x00007f60   0x00000038   Code   RO         7102    i.Get_Thr_Rate      rc.o
    0x00007f98   0x00007f98   0x0000002c   Code   RO         8440    i.Ground_Sensor_Statemachine  tfmini.o
    0x00007fc4   0x00007fc4   0x00000268   Code   RO         6129    i.Gyro_Calibration_Check  calibration.o
    0x0000822c   0x0000822c   0x00000128   Code   RO         9958    i.Gyro_Control      wp_ctrl.o
    0x00008354   0x00008354   0x00000098   Code   RO         7515    i.HardWave_Init     system.o
    0x000083ec   0x000083ec   0x000001f0   Code   RO         6131    i.Horizontal_Calibration_Check  calibration.o
    0x000085dc   0x000085dc   0x0000004c   Code   RO         6132    i.Horizontal_Calibration_Init  calibration.o
    0x00008628   0x00008628   0x00000150   Code   RO         9798    i.Horizontal_Control  opticalflow_control.o
    0x00008778   0x00008778   0x00000290   Code   RO         9799    i.Horizontal_Control_VIO  opticalflow_control.o
    0x00008a08   0x00008a08   0x000000cc   Code   RO         9800    i.Horizontal_Control_VIO_Pure  opticalflow_control.o
    0x00008ad4   0x00008ad4   0x000000d0   Code   RO         9801    i.Horizontal_Navigation  opticalflow_control.o
    0x00008ba4   0x00008ba4   0x0000000e   Code   RO         2489    i.I2CMasterBusy     i2c.o
    0x00008bb2   0x00008bb2   0x00000004   Code   RO         2490    i.I2CMasterControl  i2c.o
    0x00008bb6   0x00008bb6   0x00000004   Code   RO         2491    i.I2CMasterDataGet  i2c.o
    0x00008bba   0x00008bba   0x00000004   Code   RO         2492    i.I2CMasterDataPut  i2c.o
    0x00008bbe   0x00008bbe   0x0000000a   Code   RO         2494    i.I2CMasterEnable   i2c.o
    0x00008bc8   0x00008bc8   0x00000058   Code   RO         2497    i.I2CMasterInitExpClk  i2c.o
    0x00008c20   0x00008c20   0x00000008   Code   RO         2507    i.I2CMasterSlaveAddrSet  i2c.o
    0x00008c28   0x00008c28   0x00000004   Code   RO         8315    i.I2C_GPIO_Config   soft_i2c.o
    0x00008c2c   0x00008c2c   0x00000378   Code   RO         6699    i.ICM20689_Init     icm2068x.o
    0x00008fa4   0x00008fa4   0x000003ac   Code   RO         6700    i.ICM20689_Read_Data  icm2068x.o
    0x00009350   0x00009350   0x000000e0   Code   RO         6432    i.IIR_High_Order_Filter  filter.o
    0x00009430   0x00009430   0x0000005c   Code   RO         6701    i.IMU_Calibration   icm2068x.o
    0x0000948c   0x0000948c   0x000002a0   Code   RO         9202    i.INS_Sensor_Update  sensor.o
    0x0000972c   0x0000972c   0x0000007c   Code   RO         6736    i.Init_I2C0         myiic.o
    0x000097a8   0x000097a8   0x00000060   Code   RO         6737    i.Init_I2C1         myiic.o
    0x00009808   0x00009808   0x00000060   Code   RO         2817    i.IntEnable         interrupt.o
    0x00009868   0x00009868   0x0000000e   Code   RO         2819    i.IntMasterDisable  interrupt.o
    0x00009876   0x00009876   0x0000000e   Code   RO         2820    i.IntMasterEnable   interrupt.o
    0x00009884   0x00009884   0x0000001c   Code   RO         2825    i.IntPriorityGroupingSet  interrupt.o
    0x000098a0   0x000098a0   0x00000024   Code   RO         2828    i.IntPrioritySet    interrupt.o
    0x000098c4   0x000098c4   0x00000030   Code   RO         2829    i.IntRegister       interrupt.o
    0x000098f4   0x000098f4   0x000003b0   Code   RO         9320    i.KalmanFilter      sins.o
    0x00009ca4   0x00009ca4   0x00000290   Code   RO         9321    i.KalmanFilter_Horizontal  sins.o
    0x00009f34   0x00009f34   0x00000500   Code   RO         9322    i.KalmanFilter_Horizontal_GPS  sins.o
    0x0000a434   0x0000a434   0x000000a8   Code   RO         6645    i.Key_Init          key.o
    0x0000a4dc   0x0000a4dc   0x000001dc   Code   RO         6646    i.Key_Scan          key.o
    0x0000a6b8   0x0000a6b8   0x00000104   Code   RO        10064    i.LC30X_Data_Receive_Anl  namelesscotrun_opticalflow.o
    0x0000a7bc   0x0000a7bc   0x000000e4   Code   RO        10065    i.LC30X_OpticalFlow_Sense_Prase  namelesscotrun_opticalflow.o
    0x0000a8a0   0x0000a8a0   0x00000034   Code   RO         6830    i.LCD_CLS           oled.o
    0x0000a8d4   0x0000a8d4   0x00000034   Code   RO         6832    i.LCD_P6x8Char      oled.o
    0x0000a908   0x0000a908   0x0000005c   Code   RO         6833    i.LCD_P6x8Str       oled.o
    0x0000a964   0x0000a964   0x0000007c   Code   RO         6835    i.LCD_P8x16Str      oled.o
    0x0000a9e0   0x0000a9e0   0x00000026   Code   RO         6836    i.LCD_Set_Pos       oled.o
    0x0000aa06   0x0000aa06   0x0000005c   Code   RO         6837    i.LCD_WrCmd         oled.o
    0x0000aa62   0x0000aa62   0x00000050   Code   RO         6838    i.LCD_WrDat         oled.o
    0x0000aab2   0x0000aab2   0x00000036   Code   RO         6839    i.LCD_clear_L       oled.o
    0x0000aae8   0x0000aae8   0x00000108   Code   RO         6433    i.LPButterworth     filter.o
    0x0000abf0   0x0000abf0   0x000000ee   Code   RO         6338    i.LS_Accumulate     calibrationroutines.o
    0x0000acde   0x0000acde   0x00000350   Code   RO         6339    i.LS_Calculate      calibrationroutines.o
    0x0000b02e   0x0000b02e   0x00000006   Code   RO         6340    i.LS_Init           calibrationroutines.o
    0x0000b034   0x0000b034   0x00000082   Code   RO         8971    i.Laser_Light_Work  reserved_io.o
    0x0000b0b6   0x0000b0b6   0x00000002   PAD
    0x0000b0b8   0x0000b0b8   0x000003e4   Code   RO         9203    i.Madgwick_AHRS_Update_IMU  sensor.o
    0x0000b49c   0x0000b49c   0x00000320   Code   RO         6134    i.Mag_Calibartion_LS  calibration.o
    0x0000b7bc   0x0000b7bc   0x00000260   Code   RO         6135    i.Mag_Calibration_Check  calibration.o
    0x0000ba1c   0x0000ba1c   0x0000013c   Code   RO         9959    i.Main_Leading_Control  wp_ctrl.o
    0x0000bb58   0x0000bb58   0x00000060   Code   RO         7806    i.Modf              wp_math.o
    0x0000bbb8   0x0000bbb8   0x000000d4   Code   RO         8468    i.NCLink_Data_Prase_Prepare  nclink.o
    0x0000bc8c   0x0000bc8c   0x000000d8   Code   RO         9006    i.NCLink_Data_Prase_Prepare_Lite  reserved_serialport.o
    0x0000bd64   0x0000bd64   0x00000c4c   Code   RO         8469    i.NCLink_Data_Prase_Process  nclink.o
    0x0000c9b0   0x0000c9b0   0x00000680   Code   RO         9007    i.NCLink_Data_Prase_Process_Lite  reserved_serialport.o
    0x0000d030   0x0000d030   0x0000016c   Code   RO         8470    i.NCLink_GS_Prase_Data  nclink.o
    0x0000d19c   0x0000d19c   0x00000350   Code   RO         8471    i.NCLink_SEND_StateMachine  nclink.o
    0x0000d4ec   0x0000d4ec   0x000000f4   Code   RO         8472    i.NCLink_Send_3D_Track  nclink.o
    0x0000d5e0   0x0000d5e0   0x000000a0   Code   RO         8473    i.NCLink_Send_CalParadata1  nclink.o
    0x0000d680   0x0000d680   0x000000a0   Code   RO         8474    i.NCLink_Send_CalParadata2  nclink.o
    0x0000d720   0x0000d720   0x00000074   Code   RO         8475    i.NCLink_Send_CalParadata3  nclink.o
    0x0000d794   0x0000d794   0x0000009c   Code   RO         8476    i.NCLink_Send_CalRawdata1  nclink.o
    0x0000d830   0x0000d830   0x00000080   Code   RO         8477    i.NCLink_Send_CalRawdata2  nclink.o
    0x0000d8b0   0x0000d8b0   0x00000048   Code   RO         8478    i.NCLink_Send_Check  nclink.o
    0x0000d8f8   0x0000d8f8   0x00000410   Code   RO         8479    i.NCLink_Send_Check_Status_Parameter  nclink.o
    0x0000dd08   0x0000dd08   0x00000048   Code   RO         9008    i.NCLink_Send_Feedback  reserved_serialport.o
    0x0000dd50   0x0000dd50   0x00000138   Code   RO         8480    i.NCLink_Send_Fusion_NE  nclink.o
    0x0000de88   0x0000de88   0x000000cc   Code   RO         8481    i.NCLink_Send_Fusion_U  nclink.o
    0x0000df54   0x0000df54   0x000000b4   Code   RO         8482    i.NCLink_Send_GPSData  nclink.o
    0x0000e008   0x0000e008   0x00000108   Code   RO         9009    i.NCLink_Send_IMU_Feedback  reserved_serialport.o
    0x0000e110   0x0000e110   0x00000108   Code   RO         9010    i.NCLink_Send_IMU_Feedback_PC  reserved_serialport.o
    0x0000e218   0x0000e218   0x000000f0   Code   RO         8483    i.NCLink_Send_Obs_NE  nclink.o
    0x0000e308   0x0000e308   0x000000f0   Code   RO         8484    i.NCLink_Send_Obs_UOP  nclink.o
    0x0000e3f8   0x0000e3f8   0x00000150   Code   RO         8485    i.NCLink_Send_PID   nclink.o
    0x0000e548   0x0000e548   0x00000120   Code   RO         8486    i.NCLink_Send_Parameter  nclink.o
    0x0000e668   0x0000e668   0x00000078   Code   RO         8487    i.NCLink_Send_Parameter_Reserved  nclink.o
    0x0000e6e0   0x0000e6e0   0x000000b8   Code   RO         8488    i.NCLink_Send_RCData  nclink.o
    0x0000e798   0x0000e798   0x000000fc   Code   RO         8489    i.NCLink_Send_Senser  nclink.o
    0x0000e894   0x0000e894   0x00000154   Code   RO         8490    i.NCLink_Send_Status  nclink.o
    0x0000e9e8   0x0000e9e8   0x000000b4   Code   RO         8491    i.NCLink_Send_To_Firetruck  nclink.o
    0x0000ea9c   0x0000ea9c   0x000000a0   Code   RO         8492    i.NCLink_Send_Userdata  nclink.o
    0x0000eb3c   0x0000eb3c   0x00000028   Code   RO        10160    i.NCQ_SDK_Reset     namelesscotrun_sdk.o
    0x0000eb64   0x0000eb64   0x000000b8   Code   RO        10161    i.NCQ_SDK_Run       namelesscotrun_sdk.o
    0x0000ec1c   0x0000ec1c   0x00000022   Code   RO         8653    i.NLINK_ParseInt24  tofsensor.o
    0x0000ec3e   0x0000ec3e   0x00000028   Code   RO         8654    i.NLINK_VerifyCheckSum  tofsensor.o
    0x0000ec66   0x0000ec66   0x00000002   PAD
    0x0000ec68   0x0000ec68   0x00000238   Code   RO        10434    i.Navigation_User_Setpoint  subtask_demo.o
    0x0000eea0   0x0000eea0   0x00000070   Code   RO         9204    i.OBS_Sensor_Update  sensor.o
    0x0000ef10   0x0000ef10   0x00000064   Code   RO         6846    i.OLED_Init         oled.o
    0x0000ef74   0x0000ef74   0x0000005c   Code   RO         6847    i.OLED_Init_Fast    oled.o
    0x0000efd0   0x0000efd0   0x00000030   Code   RO         9802    i.OPT_Is_Fix        opticalflow_control.o
    0x0000f000   0x0000f000   0x00000148   Code   RO         9205    i.Observation_Angle_Calculate  sensor.o
    0x0000f148   0x0000f148   0x00000318   Code   RO         9323    i.Observation_Tradeoff  sins.o
    0x0000f460   0x0000f460   0x00000434   Code   RO        10162    i.Openmv_Data_Receive_Anl_1  namelesscotrun_sdk.o
    0x0000f894   0x0000f894   0x000006a0   Code   RO        10163    i.Openmv_Data_Receive_Anl_2  namelesscotrun_sdk.o
    0x0000ff34   0x0000ff34   0x00000060   Code   RO        10066    i.Optflow_Statemachine  namelesscotrun_opticalflow.o
    0x0000ff94   0x0000ff94   0x00000184   Code   RO         9803    i.OpticalFlow_Control  opticalflow_control.o
    0x00010118   0x00010118   0x00000078   Code   RO         9804    i.OpticalFlow_Control_Pure  opticalflow_control.o
    0x00010190   0x00010190   0x00000044   Code   RO         9805    i.OpticalFlow_Ctrl_Reset  opticalflow_control.o
    0x000101d4   0x000101d4   0x0000004c   Code   RO         9806    i.OpticalFlow_Expect_Speed_Mapping  opticalflow_control.o
    0x00010220   0x00010220   0x00000090   Code   RO        10068    i.OpticalFlow_Init  namelesscotrun_opticalflow.o
    0x000102b0   0x000102b0   0x000000b8   Code   RO         9807    i.OpticalFlow_Pos_Control  opticalflow_control.o
    0x00010368   0x00010368   0x000000c0   Code   RO         9808    i.OpticalFlow_Pos_Control_VIO  opticalflow_control.o
    0x00010428   0x00010428   0x00000064   Code   RO        10069    i.OpticalFlow_Rotate_Complementary_Filter  namelesscotrun_opticalflow.o
    0x0001048c   0x0001048c   0x0000017c   Code   RO         9812    i.OpticalFlow_Vel_Control  opticalflow_control.o
    0x00010608   0x00010608   0x000000fc   Code   RO         6137    i.Other_Parameter_Default  calibration.o
    0x00010704   0x00010704   0x000001e0   Code   RO         6138    i.Other_Parameter_Init  calibration.o
    0x000108e4   0x000108e4   0x000001a4   Code   RO         9548    i.PID_Control       pid.o
    0x00010a88   0x00010a88   0x000001dc   Code   RO         9549    i.PID_Control_Div_LPF  pid.o
    0x00010c64   0x00010c64   0x00000210   Code   RO         9550    i.PID_Control_Div_LPF_For_Gyro  pid.o
    0x00010e74   0x00010e74   0x000001f4   Code   RO         9552    i.PID_Control_SDK_Err_LPF  pid.o
    0x00011068   0x00011068   0x000001e0   Code   RO         9553    i.PID_Control_Yaw   pid.o
    0x00011248   0x00011248   0x0000009c   Code   RO         9554    i.PID_Init          pid.o
    0x000112e4   0x000112e4   0x00000010   Code   RO         9555    i.PID_Integrate_Reset  pid.o
    0x000112f4   0x000112f4   0x0000002c   Code   RO         9556    i.PID_LPF_Reset     pid.o
    0x00011320   0x00011320   0x0000023c   Code   RO         9557    i.PID_Paramter_Init_With_Flash  pid.o
    0x0001155c   0x0001155c   0x00000050   Code   RO         7076    i.PPM_Init          ppm.o
    0x000115ac   0x000115ac   0x0000002c   Code   RO         3189    i.PWMGenConfigure   pwm.o
    0x000115d8   0x000115d8   0x0000000a   Code   RO         3191    i.PWMGenEnable      pwm.o
    0x000115e2   0x000115e2   0x00000014   Code   RO         3204    i.PWMGenPeriodSet   pwm.o
    0x000115f6   0x000115f6   0x00000014   Code   RO         3211    i.PWMOutputState    pwm.o
    0x0001160a   0x0001160a   0x0000001e   Code   RO         3214    i.PWMPulseWidthSet  pwm.o
    0x00011628   0x00011628   0x00000148   Code   RO         7954    i.PWM_Init          wp_pwm.o
    0x00011770   0x00011770   0x000000ac   Code   RO         7955    i.PWM_Output        wp_pwm.o
    0x0001181c   0x0001181c   0x0000032c   Code   RO         6139    i.Parameter_Init    calibration.o
    0x00011b48   0x00011b48   0x00000030   Code   RO         8493    i.Pilot_Status_Tick  nclink.o
    0x00011b78   0x00011b78   0x00000080   Code   RO         7077    i.PortFIntHandler   ppm.o
    0x00011bf8   0x00011bf8   0x0000001c   Code   RO         8349    i.QMC5883L_Init     qmc5883.o
    0x00011c14   0x00011c14   0x00000026   Code   RO         8350    i.QMC5883L_Initialize  qmc5883.o
    0x00011c3a   0x00011c3a   0x00000008   Code   RO         8355    i.QMC5883L_Reset    qmc5883.o
    0x00011c42   0x00011c42   0x0000000a   Code   RO         8358    i.QMC5883L_Write_Reg  qmc5883.o
    0x00011c4c   0x00011c4c   0x00006550   Code   RO         6647    i.QuadShow          key.o
    0x0001819c   0x0001819c   0x00000060   Code   RO         6380    i.Quad_Start_Bling  bling.o
    0x000181fc   0x000181fc   0x00000024   Code   RO         9206    i.Quaternion_Init   sensor.o
    0x00018220   0x00018220   0x00000170   Code   RO         6140    i.RC_Calibration_Check  calibration.o
    0x00018390   0x00018390   0x00000190   Code   RO         6141    i.RC_Calibration_Init  calibration.o
    0x00018520   0x00018520   0x00000020   Code   RO         6142    i.RC_Calibration_RESET  calibration.o
    0x00018540   0x00018540   0x00000060   Code   RO         6143    i.RC_Calibration_Trigger  calibration.o
    0x000185a0   0x000185a0   0x0000004c   Code   RO         7103    i.RC_Data_LPF_Filter  rc.o
    0x000185ec   0x000185ec   0x0000002e   Code   RO         7104    i.RC_Read_Switch    rc.o
    0x0001861a   0x0001861a   0x00000002   PAD
    0x0001861c   0x0001861c   0x00000024   Code   RO         7105    i.RC_Scale_Set      rc.o
    0x00018640   0x00018640   0x0000000c   Code   RO         7727    i.ReadFlashParameterOne  wp_flash.o
    0x0001864c   0x0001864c   0x00000032   Code   RO         7728    i.ReadFlashParameterThree  wp_flash.o
    0x0001867e   0x0001867e   0x00000022   Code   RO         7729    i.ReadFlashParameterTwo  wp_flash.o
    0x000186a0   0x000186a0   0x00000038   Code   RO        10352    i.Read_ADC_Button1_State_All  adc_button.o
    0x000186d8   0x000186d8   0x00000040   Code   RO        10353    i.Read_ADC_Button2_State_All  adc_button.o
    0x00018718   0x00018718   0x0000009e   Code   RO        10354    i.Read_ADC_Button_State_One  adc_button.o
    0x000187b6   0x000187b6   0x00000002   PAD
    0x000187b8   0x000187b8   0x0000001c   Code   RO         6648    i.Read_Button_State_All  key.o
    0x000187d4   0x000187d4   0x00000098   Code   RO         6649    i.Read_Button_State_One  key.o
    0x0001886c   0x0001886c   0x000006c4   Code   RO         7106    i.Remote_Control    rc.o
    0x00018f30   0x00018f30   0x000000d0   Code   RO         7107    i.Remote_Data_Remap  rc.o
    0x00019000   0x00019000   0x000000d8   Code   RO         8972    i.Reserved_IO_Init  reserved_io.o
    0x000190d8   0x000190d8   0x00000030   Code   RO         7956    i.Reserved_PWM1_Output  wp_pwm.o
    0x00019108   0x00019108   0x00000030   Code   RO         7957    i.Reserved_PWM2_Output  wp_pwm.o
    0x00019138   0x00019138   0x00000054   Code   RO         6144    i.Reserved_Params_Init  calibration.o
    0x0001918c   0x0001918c   0x00000030   Code   RO         9012    i.Reserved_Serialport_Init  reserved_serialport.o
    0x000191bc   0x000191bc   0x00000020   Code   RO         9013    i.Reserved_Serialport_Send  reserved_serialport.o
    0x000191dc   0x000191dc   0x00000048   Code   RO         6145    i.Reset_Accel_Calibartion  calibration.o
    0x00019224   0x00019224   0x0000003c   Code   RO         6146    i.Reset_Mag_Calibartion  calibration.o
    0x00019260   0x00019260   0x00000018   Code   RO         6147    i.Reset_RC_Calibartion  calibration.o
    0x00019278   0x00019278   0x00000004   Code   RO        10035    i.Resume_Factory_Setting  license.o
    0x0001927c   0x0001927c   0x0000002e   Code   RO         7163    i.RingBuf_Write     ringbuf.o
    0x000192aa   0x000192aa   0x0000000a   Code   RO         7164    i.RingBuff_Init     ringbuf.o
    0x000192b4   0x000192b4   0x00000058   Code   RO        10164    i.SDK_DT_Reset      namelesscotrun_sdk.o
    0x0001930c   0x0001930c   0x00000050   Code   RO        10165    i.SDK_DT_Send_Check  namelesscotrun_sdk.o
    0x0001935c   0x0001935c   0x000000a4   Code   RO        10170    i.SDK_Data_Receive_Prepare_1  namelesscotrun_sdk.o
    0x00019400   0x00019400   0x000000bc   Code   RO        10171    i.SDK_Data_Receive_Prepare_2  namelesscotrun_sdk.o
    0x000194bc   0x000194bc   0x000000a4   Code   RO        10172    i.SDK_Init          namelesscotrun_sdk.o
    0x00019560   0x00019560   0x00000048   Code   RO         9815    i.SDK_Pos_Ctrl_Reset  opticalflow_control.o
    0x000195a8   0x000195a8   0x00000118   Code   RO         9324    i.SINS_Prepare      sins.o
    0x000196c0   0x000196c0   0x00000014   Code   RO         8657    i.SMD15_init        tofsensor.o
    0x000196d4   0x000196d4   0x00000024   Code   RO         8661    i.SMD15_setstandard  tofsensor.o
    0x000196f8   0x000196f8   0x00000020   Code   RO         7215    i.SPL06_Init        spl06.o
    0x00019718   0x00019718   0x00000024   Code   RO         7216    i.SPL06_Read_Data   spl06.o
    0x0001973c   0x0001973c   0x0000048e   Code   RO         9558    i.Save_Or_Reset_PID_Parameter  pid.o
    0x00019bca   0x00019bca   0x00000002   PAD
    0x00019bcc   0x00019bcc   0x00000030   Code   RO         9559    i.Save_PID_Parameter  pid.o
    0x00019bfc   0x00019bfc   0x00000180   Code   RO         9816    i.Self_Track_Control_Pilot  opticalflow_control.o
    0x00019d7c   0x00019d7c   0x00000108   Code   RO        10173    i.Sensor_Parameter_Sort  namelesscotrun_sdk.o
    0x00019e84   0x00019e84   0x00000004   Code   RO         8494    i.Serial_Data_Send  nclink.o
    0x00019e88   0x00019e88   0x000000bc   Code   RO         9325    i.Set_GPS_Home      sins.o
    0x00019f44   0x00019f44   0x00000008   Code   RO         6566    i.Set_GPS_USART     gps.o
    0x00019f4c   0x00019f4c   0x0000005c   Code   RO        10300    i.Simulation_PWM_Init  temperature_ctrl.o
    0x00019fa8   0x00019fa8   0x00000048   Code   RO        10301    i.Simulation_PWM_Output  temperature_ctrl.o
    0x00019ff0   0x00019ff0   0x00000004   Code   RO         6738    i.Single_ReadI2C    myiic.o
    0x00019ff4   0x00019ff4   0x00000004   Code   RO         8316    i.Single_ReadI2C0   soft_i2c.o
    0x00019ff8   0x00019ff8   0x00000004   Code   RO         6739    i.Single_WriteI2C   myiic.o
    0x00019ffc   0x00019ffc   0x00000004   Code   RO         8317    i.Single_WriteI2C0  soft_i2c.o
    0x0001a000   0x0001a000   0x00000020   Code   RO         9129    i.Speaker_Send      speaker.o
    0x0001a020   0x0001a020   0x0000009c   Code   RO         9326    i.Strapdown_INS_High_Kalman  sins.o
    0x0001a0bc   0x0001a0bc   0x00000054   Code   RO         9327    i.Strapdown_INS_Reset  sins.o
    0x0001a110   0x0001a110   0x00000010   Code   RO         7320    i.SycTickHandler    time.o
    0x0001a120   0x0001a120   0x000000e8   Code   RO         3869    i.SysCtlClockGet    sysctl.o
    0x0001a208   0x0001a208   0x00000114   Code   RO         3871    i.SysCtlClockSet    sysctl.o
    0x0001a31c   0x0001a31c   0x00000014   Code   RO         3895    i.SysCtlPWMClockSet  sysctl.o
    0x0001a330   0x0001a330   0x00000028   Code   RO         3900    i.SysCtlPeripheralEnable  sysctl.o
    0x0001a358   0x0001a358   0x0000002c   Code   RO         3904    i.SysCtlPeripheralReady  sysctl.o
    0x0001a384   0x0001a384   0x00000040   Code   RO         3905    i.SysCtlPeripheralReset  sysctl.o
    0x0001a3c4   0x0001a3c4   0x0000000e   Code   RO         4273    i.SysTickEnable     systick.o
    0x0001a3d2   0x0001a3d2   0x0000000e   Code   RO         4275    i.SysTickIntEnable  systick.o
    0x0001a3e0   0x0001a3e0   0x00000018   Code   RO         4276    i.SysTickIntRegister  systick.o
    0x0001a3f8   0x0001a3f8   0x0000000a   Code   RO         4278    i.SysTickPeriodGet  systick.o
    0x0001a402   0x0001a402   0x0000000a   Code   RO         4279    i.SysTickPeriodSet  systick.o
    0x0001a40c   0x0001a40c   0x00000008   Code   RO         4280    i.SysTickValueGet   systick.o
    0x0001a414   0x0001a414   0x0000002c   Code   RO        10036    i.System_Start_Init  license.o
    0x0001a440   0x0001a440   0x00000180   Code   RO         8441    i.TFmini_Statemachine  tfmini.o
    0x0001a5c0   0x0001a5c0   0x000000b4   Code   RO         7392    i.TIMER0A_Handler   time_cnt.o
    0x0001a674   0x0001a674   0x00000070   Code   RO         7393    i.TIMER1A_Handler   time_cnt.o
    0x0001a6e4   0x0001a6e4   0x00000084   Code   RO         7394    i.TIMER2A_Handler   time_cnt.o
    0x0001a768   0x0001a768   0x00000020   Code   RO         7395    i.TIMER3A_Handler   time_cnt.o
    0x0001a788   0x0001a788   0x00000164   Code   RO         8662    i.TOFSense_Data_Receive_Anl  tofsensor.o
    0x0001a8ec   0x0001a8ec   0x000002d8   Code   RO         8663    i.TOFSense_M_Prase  tofsensor.o
    0x0001abc4   0x0001abc4   0x000000b0   Code   RO         8664    i.TOFSense_Prase    tofsensor.o
    0x0001ac74   0x0001ac74   0x00000050   Code   RO         9560    i.Take_Off_Reset    pid.o
    0x0001acc4   0x0001acc4   0x00000068   Code   RO        10302    i.Temperature_Ctrl  temperature_ctrl.o
    0x0001ad2c   0x0001ad2c   0x0000008c   Code   RO        10303    i.Temperature_Ctrl_Init  temperature_ctrl.o
    0x0001adb8   0x0001adb8   0x0000006c   Code   RO        10304    i.Temperature_State_Check  temperature_ctrl.o
    0x0001ae24   0x0001ae24   0x0000002c   Code   RO        10305    i.Temperature_State_Get  temperature_ctrl.o
    0x0001ae50   0x0001ae50   0x00000050   Code   RO         7198    i.Test_Period       schedule.o
    0x0001aea0   0x0001aea0   0x00000298   Code   RO        10070    i.Third_Order_Complementarity  namelesscotrun_opticalflow.o
    0x0001b138   0x0001b138   0x00000070   Code   RO         9691    i.Thr_Push_Over_Deadband  control_althold.o
    0x0001b1a8   0x0001b1a8   0x0000002c   Code   RO         9692    i.Thr_Scale_Set     control_althold.o
    0x0001b1d4   0x0001b1d4   0x00000184   Code   RO         9960    i.Throttle_Angle_Compensate  wp_ctrl.o
    0x0001b358   0x0001b358   0x00000054   Code   RO         9561    i.Throttle_Control_Reset  pid.o
    0x0001b3ac   0x0001b3ac   0x0000005c   Code   RO         7396    i.Time0A_init       time_cnt.o
    0x0001b408   0x0001b408   0x00000060   Code   RO         7397    i.Time1A_init       time_cnt.o
    0x0001b468   0x0001b468   0x0000005c   Code   RO         7398    i.Time2A_init       time_cnt.o
    0x0001b4c4   0x0001b4c4   0x00000060   Code   RO         7399    i.Time3A_init       time_cnt.o
    0x0001b524   0x0001b524   0x0000001e   Code   RO         7400    i.Time_init         time_cnt.o
    0x0001b542   0x0001b542   0x00000002   PAD
    0x0001b544   0x0001b544   0x0000005c   Code   RO         4339    i.TimerConfigure    timer.o
    0x0001b5a0   0x0001b5a0   0x0000000e   Code   RO         4348    i.TimerEnable       timer.o
    0x0001b5ae   0x0001b5ae   0x00000004   Code   RO         4349    i.TimerIntClear     timer.o
    0x0001b5b2   0x0001b5b2   0x00000008   Code   RO         4351    i.TimerIntEnable    timer.o
    0x0001b5ba   0x0001b5ba   0x0000001c   Code   RO         4352    i.TimerIntRegister  timer.o
    0x0001b5d6   0x0001b5d6   0x00000012   Code   RO         4357    i.TimerLoadSet      timer.o
    0x0001b5e8   0x0001b5e8   0x000000e8   Code   RO         9817    i.Top_APrilTag_Control_Pilot  opticalflow_control.o
    0x0001b6d0   0x0001b6d0   0x00000034   Code   RO         9961    i.Total_Control     wp_ctrl.o
    0x0001b704   0x0001b704   0x00000174   Code   RO         9562    i.Total_PID_Init    pid.o
    0x0001b878   0x0001b878   0x00000034   Code   RO         7542    i.UART0_IRQHandler  usart.o
    0x0001b8ac   0x0001b8ac   0x00000034   Code   RO         7543    i.UART1_IRQHandler  usart.o
    0x0001b8e0   0x0001b8e0   0x00000074   Code   RO         7544    i.UART2_IRQHandler  usart.o
    0x0001b954   0x0001b954   0x00000034   Code   RO         7545    i.UART3_IRQHandler  usart.o
    0x0001b988   0x0001b988   0x00000034   Code   RO         9130    i.UART4_IRQHandler  speaker.o
    0x0001b9bc   0x0001b9bc   0x000000a8   Code   RO         7546    i.UART6_IRQHandler  usart.o
    0x0001ba64   0x0001ba64   0x000000cc   Code   RO         7547    i.UART7_IRQHandler  usart.o
    0x0001bb30   0x0001bb30   0x0000000a   Code   RO         4582    i.UARTCharGet       uart.o
    0x0001bb3a   0x0001bb3a   0x0000000a   Code   RO         4584    i.UARTCharPut       uart.o
    0x0001bb44   0x0001bb44   0x0000000a   Code   RO         4586    i.UARTCharsAvail    uart.o
    0x0001bb4e   0x0001bb4e   0x00000006   Code   RO         4588    i.UARTClockSourceSet  uart.o
    0x0001bb54   0x0001bb54   0x0000004c   Code   RO         4590    i.UARTConfigSetExpClk  uart.o
    0x0001bba0   0x0001bba0   0x0000001a   Code   RO         4593    i.UARTDisable       uart.o
    0x0001bbba   0x0001bbba   0x00000014   Code   RO         4595    i.UARTEnable        uart.o
    0x0001bbce   0x0001bbce   0x0000000a   Code   RO         4597    i.UARTFIFODisable   uart.o
    0x0001bbd8   0x0001bbd8   0x00000004   Code   RO         4603    i.UARTIntClear      uart.o
    0x0001bbdc   0x0001bbdc   0x00000008   Code   RO         4605    i.UARTIntEnable     uart.o
    0x0001bbe4   0x0001bbe4   0x0000001c   Code   RO         4606    i.UARTIntRegister   uart.o
    0x0001bc00   0x0001bc00   0x0000000c   Code   RO         4607    i.UARTIntStatus     uart.o
    0x0001bc0c   0x0001bc0c   0x0000005c   Code   RO         6067    i.UARTStdioConfig   uartstdio.o
    0x0001bc68   0x0001bc68   0x00000020   Code   RO         7548    i.USART0_Send       usart.o
    0x0001bc88   0x0001bc88   0x00000020   Code   RO         7549    i.USART1_Send       usart.o
    0x0001bca8   0x0001bca8   0x00000020   Code   RO         7551    i.USART3_Send       usart.o
    0x0001bcc8   0x0001bcc8   0x00000020   Code   RO         7552    i.USART6_Send       usart.o
    0x0001bce8   0x0001bce8   0x00000020   Code   RO         7553    i.USART7_Send       usart.o
    0x0001bd08   0x0001bd08   0x00000016   Code   RO         7475    i.US_100_Distance   us_100.o
    0x0001bd1e   0x0001bd1e   0x00000002   PAD
    0x0001bd20   0x0001bd20   0x0000000c   Code   RO         7476    i.US_100_Start      us_100.o
    0x0001bd2c   0x0001bd2c   0x00000178   Code   RO         7477    i.US_100_Statemachine  us_100.o
    0x0001bea4   0x0001bea4   0x00000048   Code   RO         9014    i.Uart2_Serialport_Init  reserved_serialport.o
    0x0001beec   0x0001beec   0x000000fc   Code   RO         6567    i.Ublox_Set_Output_PVT_10hz_Baud_Set  gps.o
    0x0001bfe8   0x0001bfe8   0x000002f8   Code   RO        10071    i.VIO_SLAM_INS_CF   namelesscotrun_opticalflow.o
    0x0001c2e0   0x0001c2e0   0x00000014   Code   RO         7807    i.Value_Limit       wp_math.o
    0x0001c2f4   0x0001c2f4   0x0000007a   Code   RO         9328    i.Vector_From_BodyFrame2EarthFrame  sins.o
    0x0001c36e   0x0001c36e   0x00000002   PAD
    0x0001c370   0x0001c370   0x0000003c   Code   RO        10037    i.WP_Init           license.o
    0x0001c3ac   0x0001c3ac   0x00000068   Code   RO         9207    i.WP_Quad_Init      sensor.o
    0x0001c414   0x0001c414   0x00000014   Code   RO         7732    i.WriteFlashParameter  wp_flash.o
    0x0001c428   0x0001c428   0x0000001c   Code   RO         7733    i.WriteFlashParameter_Three  wp_flash.o
    0x0001c444   0x0001c444   0x00000018   Code   RO         7734    i.WriteFlashParameter_Two  wp_flash.o
    0x0001c45c   0x0001c45c   0x0000004c   Code   RO           39    i._ADCIntNumberGet  adc.o
    0x0001c4a8   0x0001c4a8   0x00000034   Code   RO          842    i._EEPROMSectorMaskClear  eeprom.o
    0x0001c4dc   0x0001c4dc   0x0000003c   Code   RO          843    i._EEPROMSectorMaskSet  eeprom.o
    0x0001c518   0x0001c518   0x00000010   Code   RO          844    i._EEPROMWaitForDone  eeprom.o
    0x0001c528   0x0001c528   0x00000044   Code   RO         1879    i._GPIOIntNumberGet  gpio.o
    0x0001c56c   0x0001c56c   0x00000050   Code   RO         4372    i._TimerIntNumberGet  timer.o
    0x0001c5bc   0x0001c5bc   0x00000044   Code   RO         4622    i._UARTIntNumberGet  uart.o
    0x0001c600   0x0001c600   0x00000030   Code   RO        11076    i.__ARM_fpclassify  m_wm.l(fpclassify.o)
    0x0001c630   0x0001c630   0x00000026   Code   RO        11078    i.__ARM_fpclassifyf  m_wm.l(fpclassifyf.o)
    0x0001c656   0x0001c656   0x0000000c   Code   RO         6148    i.__ARM_isnanf      calibration.o
    0x0001c662   0x0001c662   0x0000000c   Code   RO         6434    i.__ARM_isnanf      filter.o
    0x0001c66e   0x0001c66e   0x0000000c   Code   RO         6702    i.__ARM_isnanf      icm2068x.o
    0x0001c67a   0x0001c67a   0x0000000c   Code   RO         7808    i.__ARM_isnanf      wp_math.o
    0x0001c686   0x0001c686   0x0000000c   Code   RO         9208    i.__ARM_isnanf      sensor.o
    0x0001c692   0x0001c692   0x0000000c   Code   RO         9330    i.__ARM_isnanf      sins.o
    0x0001c69e   0x0001c69e   0x0000000c   Code   RO         9563    i.__ARM_isnanf      pid.o
    0x0001c6aa   0x0001c6aa   0x0000000c   Code   RO        10072    i.__ARM_isnanf      namelesscotrun_opticalflow.o
    0x0001c6b6   0x0001c6b6   0x0000000c   Code   RO        10174    i.__ARM_isnanf      namelesscotrun_sdk.o
    0x0001c6c2   0x0001c6c2   0x0000000c   Code   RO        10355    i.__ARM_isnanf      adc_button.o
    0x0001c6ce   0x0001c6ce   0x0000000c   Code   RO        10435    i.__ARM_isnanf      subtask_demo.o
    0x0001c6da   0x0001c6da   0x00000006   PAD
    0x0001c6e0   0x0001c6e0   0x00000358   Code   RO        10721    i.__hardfp_acos     m_wm.l(acos.o)
    0x0001ca38   0x0001ca38   0x00000360   Code   RO        10735    i.__hardfp_asin     m_wm.l(asin.o)
    0x0001cd98   0x0001cd98   0x0000012c   Code   RO        10749    i.__hardfp_asinf    m_wm.l(asinf.o)
    0x0001cec4   0x0001cec4   0x00000004   PAD
    0x0001cec8   0x0001cec8   0x000002d8   Code   RO        10761    i.__hardfp_atan     m_wm.l(atan.o)
    0x0001d1a0   0x0001d1a0   0x000002ac   Code   RO        10787    i.__hardfp_atan2f   m_wm.l(atan2f.o)
    0x0001d44c   0x0001d44c   0x00000160   Code   RO        10799    i.__hardfp_atanf    m_wm.l(atanf.o)
    0x0001d5ac   0x0001d5ac   0x00000004   PAD
    0x0001d5b0   0x0001d5b0   0x00000118   Code   RO        10811    i.__hardfp_ceil     m_wm.l(ceil.o)
    0x0001d6c8   0x0001d6c8   0x000000c8   Code   RO        10817    i.__hardfp_cos      m_wm.l(cos.o)
    0x0001d790   0x0001d790   0x00000150   Code   RO        10829    i.__hardfp_cosf     m_wm.l(cosf.o)
    0x0001d8e0   0x0001d8e0   0x00000014   Code   RO        10841    i.__hardfp_fabs     m_wm.l(fabs.o)
    0x0001d8f4   0x0001d8f4   0x00000070   Code   RO        10847    i.__hardfp_floorf   m_wm.l(floorf.o)
    0x0001d964   0x0001d964   0x00000048   Code   RO        10951    i.__hardfp_fmaxf    m_wm.l(fmaxf.o)
    0x0001d9ac   0x0001d9ac   0x00000048   Code   RO        10955    i.__hardfp_fminf    m_wm.l(fminf.o)
    0x0001d9f4   0x0001d9f4   0x00000004   PAD
    0x0001d9f8   0x0001d9f8   0x000003c4   Code   RO        11094    i.__hardfp_log      m_wm.l(log.o)
    0x0001ddbc   0x0001ddbc   0x00000004   PAD
    0x0001ddc0   0x0001ddc0   0x00000130   Code   RO        10853    i.__hardfp_log10    m_wm.l(log10.o)
    0x0001def0   0x0001def0   0x00000c50   Code   RO        10865    i.__hardfp_pow      m_wm.l(pow.o)
    0x0001eb40   0x0001eb40   0x000000c8   Code   RO        10879    i.__hardfp_sin      m_wm.l(sin.o)
    0x0001ec08   0x0001ec08   0x00000190   Code   RO        10891    i.__hardfp_sinf     m_wm.l(sinf.o)
    0x0001ed98   0x0001ed98   0x0000007a   Code   RO        10903    i.__hardfp_sqrt     m_wm.l(sqrt.o)
    0x0001ee12   0x0001ee12   0x0000003a   Code   RO        10915    i.__hardfp_sqrtf    m_wm.l(sqrtf.o)
    0x0001ee4c   0x0001ee4c   0x00000004   PAD
    0x0001ee50   0x0001ee50   0x00000080   Code   RO        10927    i.__hardfp_tan      m_wm.l(tan.o)
    0x0001eed0   0x0001eed0   0x0000017c   Code   RO        10939    i.__hardfp_tanf     m_wm.l(tanf.o)
    0x0001f04c   0x0001f04c   0x00000004   PAD
    0x0001f050   0x0001f050   0x00000438   Code   RO        11111    i.__ieee754_rem_pio2  m_wm.l(rred.o)
    0x0001f488   0x0001f488   0x00000170   Code   RO        11059    i.__kernel_cos      m_wm.l(cos_i.o)
    0x0001f5f8   0x0001f5f8   0x000000f8   Code   RO        11108    i.__kernel_poly     m_wm.l(poly.o)
    0x0001f6f0   0x0001f6f0   0x00000130   Code   RO        11119    i.__kernel_sin      m_wm.l(sin_i.o)
    0x0001f820   0x0001f820   0x00000350   Code   RO        11125    i.__kernel_tan      m_wm.l(tan_i.o)
    0x0001fb70   0x0001fb70   0x00000030   Code   RO        11062    i.__mathlib_dbl_divzero  m_wm.l(dunder.o)
    0x0001fba0   0x0001fba0   0x00000014   Code   RO        11063    i.__mathlib_dbl_infnan  m_wm.l(dunder.o)
    0x0001fbb4   0x0001fbb4   0x00000014   Code   RO        11064    i.__mathlib_dbl_infnan2  m_wm.l(dunder.o)
    0x0001fbc8   0x0001fbc8   0x00000020   Code   RO        11065    i.__mathlib_dbl_invalid  m_wm.l(dunder.o)
    0x0001fbe8   0x0001fbe8   0x00000020   Code   RO        11066    i.__mathlib_dbl_overflow  m_wm.l(dunder.o)
    0x0001fc08   0x0001fc08   0x00000020   Code   RO        11068    i.__mathlib_dbl_underflow  m_wm.l(dunder.o)
    0x0001fc28   0x0001fc28   0x00000006   Code   RO        11081    i.__mathlib_flt_infnan  m_wm.l(funder.o)
    0x0001fc2e   0x0001fc2e   0x00000006   Code   RO        11082    i.__mathlib_flt_infnan2  m_wm.l(funder.o)
    0x0001fc34   0x0001fc34   0x00000010   Code   RO        11083    i.__mathlib_flt_invalid  m_wm.l(funder.o)
    0x0001fc44   0x0001fc44   0x00000010   Code   RO        11086    i.__mathlib_flt_underflow  m_wm.l(funder.o)
    0x0001fc54   0x0001fc54   0x00000154   Code   RO        11116    i.__mathlib_rredf2  m_wm.l(rredf.o)
    0x0001fda8   0x0001fda8   0x00000028   Code   RO         9460    i.alt_handmove_check  control_land.o
    0x0001fdd0   0x0001fdd0   0x00000004   Code   RO        10175    i.auto_altland      namelesscotrun_sdk.o
    0x0001fdd4   0x0001fdd4   0x00000038   Code   RO        10436    i.basic_auto_flight_support  subtask_demo.o
    0x0001fe0c   0x0001fe0c   0x0000017c   Code   RO         6435    i.butterLowOrHigh   filter.o
    0x0001ff88   0x0001ff88   0x000001fc   Code   RO         6437    i.butterSbValue     filter.o
    0x00020184   0x00020184   0x0000001c   Code   RO         8973    i.buzzer_setup      reserved_io.o
    0x000201a0   0x000201a0   0x00000078   Code   RO         6438    i.coefficientEquation  filter.o
    0x00020218   0x00020218   0x00000054   Code   RO         7809    i.constrain_float   wp_math.o
    0x0002026c   0x0002026c   0x00000010   Code   RO         7810    i.constrain_int16   wp_math.o
    0x0002027c   0x0002027c   0x00000010   Code   RO         7108    i.constrain_int16_t  rc.o
    0x0002028c   0x0002028c   0x00000010   Code   RO         7811    i.constrain_int32   wp_math.o
    0x0002029c   0x0002029c   0x0000000a   Code   RO         7321    i.delay             time.o
    0x000202a6   0x000202a6   0x00000016   Code   RO         7322    i.delayMicroseconds  time.o
    0x000202bc   0x000202bc   0x00000004   Code   RO         7323    i.delay_ms          time.o
    0x000202c0   0x000202c0   0x00000004   Code   RO         7324    i.delay_us          time.o
    0x000202c4   0x000202c4   0x00000054   Code   RO        10437    i.deliver_work_waypoint_generate  subtask_demo.o
    0x00020318   0x00020318   0x00000004   Code   RO         6855    i.display_6_8_number  oled.o
    0x0002031c   0x0002031c   0x00000004   Code   RO         6856    i.display_6_8_string  oled.o
    0x00020320   0x00020320   0x00000002   Code   RO         7986    i.draw_gps_wave     ssd1306.o
    0x00020322   0x00020322   0x00000002   PAD
    0x00020324   0x00020324   0x000000e0   Code   RO         7987    i.draw_ins_wave     ssd1306.o
    0x00020404   0x00020404   0x00000038   Code   RO         7988    i.draw_oled         ssd1306.o
    0x0002043c   0x0002043c   0x00000018   Code   RO        10843    i.fabs              m_wm.l(fabs.o)
    0x00020454   0x00020454   0x00000030   Code   RO         7813    i.fast_atan         wp_math.o
    0x00020484   0x00020484   0x00000c24   Code   RO         6441    i.filterIIRButterLowpass  filter.o
    0x000210a8   0x000210a8   0x000000d4   Code   RO        10439    i.flight_subtask_1  subtask_demo.o
    0x0002117c   0x0002117c   0x000000d8   Code   RO        10441    i.flight_subtask_3  subtask_demo.o
    0x00021254   0x00021254   0x00000174   Code   RO        10443    i.flight_subtask_5  subtask_demo.o
    0x000213c8   0x000213c8   0x0000021c   Code   RO        10445    i.flight_subtask_7  subtask_demo.o
    0x000215e4   0x000215e4   0x00000120   Code   RO        10446    i.flight_subtask_8  subtask_demo.o
    0x00021704   0x00021704   0x00000034   Code   RO        10447    i.flight_subtask_reset  subtask_demo.o
    0x00021738   0x00021738   0x00000050   Code   RO        10073    i.from_body_to_nav_frame  namelesscotrun_opticalflow.o
    0x00021788   0x00021788   0x00000054   Code   RO        10075    i.from_vio_to_body_frame  namelesscotrun_opticalflow.o
    0x000217dc   0x000217dc   0x000001d0   Code   RO         6149    i.gaussElimination_six_order  calibration.o
    0x000219ac   0x000219ac   0x00000154   Code   RO         9175    i.get_declination   earth_declination.o
    0x00021b00   0x00021b00   0x00000050   Code   RO         9334    i.get_distance      sins.o
    0x00021b50   0x00021b50   0x000000f8   Code   RO         9176    i.get_lookup_value  earth_declination.o
    0x00021c48   0x00021c48   0x00000098   Code   RO         9736    i.get_stopping_point_xy  control_poshold.o
    0x00021ce0   0x00021ce0   0x00000068   Code   RO         6740    i.i2c0Read          myiic.o
    0x00021d48   0x00021d48   0x0000000c   Code   RO         6742    i.i2c0Write         myiic.o
    0x00021d54   0x00021d54   0x0000009c   Code   RO         6743    i.i2c0WriteData     myiic.o
    0x00021df0   0x00021df0   0x00000058   Code   RO         6744    i.i2c1Read          myiic.o
    0x00021e48   0x00021e48   0x000000a8   Code   RO         6745    i.i2c1ReadData      myiic.o
    0x00021ef0   0x00021ef0   0x0000000c   Code   RO         6746    i.i2c1Write         myiic.o
    0x00021efc   0x00021efc   0x00000084   Code   RO         6747    i.i2c1WriteData     myiic.o
    0x00021f80   0x00021f80   0x0000002a   Code   RO         6443    i.iir_high_order_filter_init  filter.o
    0x00021faa   0x00021faa   0x00000002   PAD
    0x00021fac   0x00021fac   0x000002d4   Code   RO         9209    i.imu_sense_sampling  sensor.o
    0x00022280   0x00022280   0x00000034   Code   RO         7325    i.initTime          time.o
    0x000222b4   0x000222b4   0x0000002c   Code   RO         9210    i.invSqrt           sensor.o
    0x000222e0   0x000222e0   0x00000014   Code   RO         6650    i.key_delay         key.o
    0x000222f4   0x000222f4   0x000001dc   Code   RO         9461    i.land_althold      control_land.o
    0x000224d0   0x000224d0   0x000002d0   Code   RO         9462    i.land_gps_run      control_land.o
    0x000227a0   0x000227a0   0x000000e0   Code   RO         9463    i.land_nogps_run    control_land.o
    0x00022880   0x00022880   0x000000a8   Code   RO         9464    i.land_pos_sort     control_land.o
    0x00022928   0x00022928   0x00000314   Code   RO         9465    i.land_poshold      control_land.o
    0x00022c3c   0x00022c3c   0x00000024   Code   RO         9466    i.land_reset        control_land.o
    0x00022c60   0x00022c60   0x00000024   Code   RO         9467    i.land_run          control_land.o
    0x00022c84   0x00022c84   0x00000098   Code   RO         9468    i.land_state_check  control_land.o
    0x00022d1c   0x00022d1c   0x00000088   Code   RO         9469    i.landon_earth_check  control_land.o
    0x00022da4   0x00022da4   0x00000120   Code   RO         9092    i.laser_state_sort  lsn10.o
    0x00022ec4   0x00022ec4   0x00000050   Code   RO         9336    i.location_diff     sins.o
    0x00022f14   0x00022f14   0x00000010   Code   RO        11096    i.log               m_wm.l(log.o)
    0x00022f24   0x00022f24   0x00000068   Code   RO         9337    i.longitude_scale   sins.o
    0x00022f8c   0x00022f8c   0x00000160   Code   RO         9093    i.lsn10_data_prase  lsn10.o
    0x000230ec   0x000230ec   0x00000042   Code   RO         9094    i.lsn10_motor_ctrl  lsn10.o
    0x0002312e   0x0002312e   0x00000002   PAD
    0x00023130   0x00023130   0x0000000c   Code   RO         9095    i.lsn10_uart_send   lsn10.o
    0x0002313c   0x0002313c   0x00000050   Code   RO         5792    i.main              main.o
    0x0002318c   0x0002318c   0x00000030   Code   RO         7326    i.micros            time.o
    0x000231bc   0x000231bc   0x00000010   Code   RO         7327    i.millis            time.o
    0x000231cc   0x000231cc   0x000000e0   Code   RO        10178    i.move_with_xy_target  namelesscotrun_sdk.o
    0x000232ac   0x000232ac   0x00000190   Code   RO        10179    i.move_with_z_target  namelesscotrun_sdk.o
    0x0002343c   0x0002343c   0x000001f0   Code   RO         9693    i.ncq_control_althold  control_althold.o
    0x0002362c   0x0002362c   0x00000380   Code   RO         9737    i.ncq_control_poshold  control_poshold.o
    0x000239ac   0x000239ac   0x0000004c   Code   RO         9738    i.ncq_speed_mapping  control_poshold.o
    0x000239f8   0x000239f8   0x00000070   Code   RO         9818    i.ngs_nav_ctrl_finish_predict  opticalflow_control.o
    0x00023a68   0x00023a68   0x00000168   Code   RO        10076    i.opticalflow_pretreat  namelesscotrun_opticalflow.o
    0x00023bd0   0x00023bd0   0x000000e0   Code   RO         9963    i.overturn_check    wp_ctrl.o
    0x00023cb0   0x00023cb0   0x000000d8   Code   RO         6444    i.pascalTriangle    filter.o
    0x00023d88   0x00023d88   0x00000254   Code   RO         9564    i.pid_ctrl_rpy_gyro_maple  pid.o
    0x00023fdc   0x00023fdc   0x00000030   Code   RO         9470    i.pos_handmove_check  control_land.o
    0x0002400c   0x0002400c   0x0000001e   Code   RO         7815    i.pythagorous2      wp_math.o
    0x0002402a   0x0002402a   0x0000002a   Code   RO         7816    i.pythagorous3      wp_math.o
    0x00024054   0x00024054   0x00000114   Code   RO         9211    i.quad_from_euler   sensor.o
    0x00024168   0x00024168   0x000000a8   Code   RO         9015    i.quad_getangle     reserved_serialport.o
    0x00024210   0x00024210   0x00000068   Code   RO        10448    i.ros_flight_support  subtask_demo.o
    0x00024278   0x00024278   0x0000002c   Code   RO         7819    i.safe_sqrt         wp_math.o
    0x000242a4   0x000242a4   0x000001cc   Code   RO         8667    i.sdm15_prase       tofsensor.o
    0x00024470   0x00024470   0x0000000c   Code   RO         7055    i.sensor_config_uart  opticalflow_lc306.o
    0x0002447c   0x0002447c   0x0000017c   Code   RO         9212    i.sensor_filter_init  sensor.o
    0x000245f8   0x000245f8   0x000000a8   Code   RO         6445    i.set_cutoff_frequency  filter.o
    0x000246a0   0x000246a0   0x0000002c   Code   RO         9565    i.set_d_lpf_alpha   pid.o
    0x000246cc   0x000246cc   0x00000348   Code   RO         9739    i.slam_control_poshold  control_poshold.o
    0x00024a14   0x00024a14   0x00000018   Code   RO         9740    i.slam_ok           control_poshold.o
    0x00024a2c   0x00024a2c   0x00000034   Code   RO         9131    i.speaker_notify_run  speaker.o
    0x00024a60   0x00024a60   0x00000148   Code   RO         7217    i.spl0601_get_calib_param  spl06.o
    0x00024ba8   0x00024ba8   0x000000a0   Code   RO         7218    i.spl0601_get_pressure  spl06.o
    0x00024c48   0x00024c48   0x00000048   Code   RO         7219    i.spl0601_get_raw_pressure  spl06.o
    0x00024c90   0x00024c90   0x0000004c   Code   RO         7220    i.spl0601_get_raw_temp  spl06.o
    0x00024cdc   0x00024cdc   0x00000070   Code   RO         7221    i.spl0601_get_temperature  spl06.o
    0x00024d4c   0x00024d4c   0x000000b8   Code   RO         7222    i.spl0601_init      spl06.o
    0x00024e04   0x00024e04   0x0000011c   Code   RO         7223    i.spl0601_rateset   spl06.o
    0x00024f20   0x00024f20   0x00000004   Code   RO         7224    i.spl0601_read      spl06.o
    0x00024f24   0x00024f24   0x0000000c   Code   RO         7225    i.spl0601_start_continuous  spl06.o
    0x00024f30   0x00024f30   0x00000004   Code   RO         7228    i.spl0601_write     spl06.o
    0x00024f34   0x00024f34   0x00000006   Code   RO         7820    i.sq                wp_math.o
    0x00024f3a   0x00024f3a   0x0000006e   Code   RO        10905    i.sqrt              m_wm.l(sqrt.o)
    0x00024fa8   0x00024fa8   0x0000003e   Code   RO        10917    i.sqrtf             m_wm.l(sqrtf.o)
    0x00024fe6   0x00024fe6   0x00000002   PAD
    0x00024fe8   0x00024fe8   0x000000fc   Code   RO         7990    i.ssd1306_begin     ssd1306.o
    0x000250e4   0x000250e4   0x00000010   Code   RO         7991    i.ssd1306_clear_display  ssd1306.o
    0x000250f4   0x000250f4   0x00000004   Code   RO         7992    i.ssd1306_command   ssd1306.o
    0x000250f8   0x000250f8   0x0000002e   Code   RO         7996    i.ssd1306_display   ssd1306.o
    0x00025126   0x00025126   0x0000010a   Code   RO         8000    i.ssd1306_draw_circle  ssd1306.o
    0x00025230   0x00025230   0x00000068   Code   RO         8002    i.ssd1306_draw_fast_hline  ssd1306.o
    0x00025298   0x00025298   0x00000090   Code   RO         8003    i.ssd1306_draw_fast_hline_internal  ssd1306.o
    0x00025328   0x00025328   0x00000068   Code   RO         8004    i.ssd1306_draw_fast_vline  ssd1306.o
    0x00025390   0x00025390   0x000000ec   Code   RO         8005    i.ssd1306_draw_fast_vline_internal  ssd1306.o
    0x0002547c   0x0002547c   0x000000ac   Code   RO         8006    i.ssd1306_draw_line  ssd1306.o
    0x00025528   0x00025528   0x000000bc   Code   RO         8007    i.ssd1306_draw_pixel  ssd1306.o
    0x000255e4   0x000255e4   0x0000004c   Code   RO         8008    i.ssd1306_draw_rect  ssd1306.o
    0x00025630   0x00025630   0x00000040   Code   RO         8010    i.ssd1306_draw_triangle  ssd1306.o
    0x00025670   0x00025670   0x00000032   Code   RO         8012    i.ssd1306_fill_circle  ssd1306.o
    0x000256a2   0x000256a2   0x000000c2   Code   RO         8013    i.ssd1306_fill_circle_helper  ssd1306.o
    0x00025764   0x00025764   0x0000000c   Code   RO         8021    i.ssd1306_height    ssd1306.o
    0x00025770   0x00025770   0x0000000c   Code   RO         8036    i.ssd1306_width     ssd1306.o
    0x0002577c   0x0002577c   0x00000020   Code   RO         8668    i.start_scan        tofsensor.o
    0x0002579c   0x0002579c   0x00000064   Code   RO        10449    i.substask_params_init  subtask_demo.o
    0x00025800   0x00025800   0x00000042   Code   RO         9132    i.syn6658_frame_package  speaker.o
    0x00025842   0x00025842   0x00000002   PAD
    0x00025844   0x00025844   0x00000088   Code   RO         8670    i.tofsense_init     tofsensor.o
    0x000258cc   0x000258cc   0x00000090   Code   RO         9016    i.us100_front_statemachine  reserved_serialport.o
    0x0002595c   0x0002595c   0x000000b0   Code   RO        10450    i.user_setpoint_generate  subtask_demo.o
    0x00025a0c   0x00025a0c   0x0000004c   Code   RO         7229    i.user_spl0601_get  spl06.o
    0x00025a58   0x00025a58   0x00000054   Code   RO        10451    i.work_waypoint_generate  subtask_demo.o
    0x00025aac   0x00025aac   0x00000228   Code   RO         6858    i.write_6_8_number  oled.o
    0x00025cd4   0x00025cd4   0x000001f0   Code   RO         6859    i.write_6_8_number_f1  oled.o
    0x00025ec4   0x00025ec4   0x00000018   Code   RO        11036    x$fpl$basic         fz_wm.l(basic.o)
    0x00025edc   0x00025edc   0x00000062   Code   RO        10687    x$fpl$d2f           fz_wm.l(d2f.o)
    0x00025f3e   0x00025f3e   0x00000002   PAD
    0x00025f40   0x00025f40   0x00000150   Code   RO        10689    x$fpl$dadd          fz_wm.l(daddsub_clz.o)
    0x00026090   0x00026090   0x00000010   Code   RO        11173    x$fpl$dcheck1       fz_wm.l(dcheck1.o)
    0x000260a0   0x000260a0   0x00000018   Code   RO        11038    x$fpl$dcmpinf       fz_wm.l(dcmpi.o)
    0x000260b8   0x000260b8   0x000002b0   Code   RO        10696    x$fpl$ddiv          fz_wm.l(ddiv.o)
    0x00026368   0x00026368   0x00000078   Code   RO        10699    x$fpl$deqf          fz_wm.l(deqf.o)
    0x000263e0   0x000263e0   0x0000005e   Code   RO        10701    x$fpl$dfix          fz_wm.l(dfix.o)
    0x0002643e   0x0002643e   0x00000002   PAD
    0x00026440   0x00026440   0x0000005a   Code   RO        10705    x$fpl$dfixu         fz_wm.l(dfixu.o)
    0x0002649a   0x0002649a   0x0000002e   Code   RO        10710    x$fpl$dflt          fz_wm.l(dflt_clz.o)
    0x000264c8   0x000264c8   0x00000026   Code   RO        10709    x$fpl$dfltu         fz_wm.l(dflt_clz.o)
    0x000264ee   0x000264ee   0x00000002   PAD
    0x000264f0   0x000264f0   0x00000078   Code   RO        10715    x$fpl$dleqf         fz_wm.l(dleqf.o)
    0x00026568   0x00026568   0x00000154   Code   RO        10717    x$fpl$dmul          fz_wm.l(dmul.o)
    0x000266bc   0x000266bc   0x0000009c   Code   RO        11040    x$fpl$dnaninf       fz_wm.l(dnaninf.o)
    0x00026758   0x00026758   0x0000000c   Code   RO        11042    x$fpl$dretinf       fz_wm.l(dretinf.o)
    0x00026764   0x00026764   0x0000006c   Code   RO        11044    x$fpl$drleqf        fz_wm.l(drleqf.o)
    0x000267d0   0x000267d0   0x00000016   Code   RO        10690    x$fpl$drsb          fz_wm.l(daddsub_clz.o)
    0x000267e6   0x000267e6   0x00000002   PAD
    0x000267e8   0x000267e8   0x00000198   Code   RO        11046    x$fpl$dsqrt         fz_wm.l(dsqrt_umaal.o)
    0x00026980   0x00026980   0x000001d4   Code   RO        10691    x$fpl$dsub          fz_wm.l(daddsub_clz.o)
    0x00026b54   0x00026b54   0x00000056   Code   RO        10719    x$fpl$f2d           fz_wm.l(f2d.o)
    0x00026baa   0x00026baa   0x00000002   PAD
    0x00026bac   0x00026bac   0x00000052   Code   RO        11048    x$fpl$fcmp4         fz_wm.l(fcmp4.o)
    0x00026bfe   0x00026bfe   0x00000018   Code   RO        11175    x$fpl$fcmpinf       fz_wm.l(fcmpi.o)
    0x00026c16   0x00026c16   0x0000008c   Code   RO        11052    x$fpl$fnaninf       fz_wm.l(fnaninf.o)
    0x00026ca2   0x00026ca2   0x0000000a   Code   RO        11177    x$fpl$fpinit        fz_wm.l(fpinit.o)
    0x00026cac   0x00026cac   0x0000000a   Code   RO        11054    x$fpl$fretinf       fz_wm.l(fretinf.o)
    0x00026cb6   0x00026cb6   0x00000064   Code   RO        11204    x$fpl$retnan        fz_wm.l(retnan.o)
    0x00026d1a   0x00026d1a   0x0000005c   Code   RO        11056    x$fpl$scalbn        fz_wm.l(scalbn.o)
    0x00026d76   0x00026d76   0x00000030   Code   RO        11236    x$fpl$trapveneer    fz_wm.l(trapv.o)
    0x00026da6   0x00026da6   0x00000000   Code   RO        11058    x$fpl$usenofp       fz_wm.l(usenofp.o)
    0x00026da6   0x00026da6   0x00000002   PAD
    0x00026da8   0x00026da8   0x00000210   Data   RO         1880    .constdata          gpio.o
    0x00026fb8   0x00026fb8   0x0000010c   Data   RO         2833    .constdata          interrupt.o
    0x000270c4   0x000270c4   0x000001cc   Data   RO         3923    .constdata          sysctl.o
    0x00027290   0x00027290   0x000000a0   Data   RO         4373    .constdata          timer.o
    0x00027330   0x00027330   0x00000080   Data   RO         4623    .constdata          uart.o
    0x000273b0   0x000273b0   0x0000001c   Data   RO         6073    .constdata          uartstdio.o
    0x000273cc   0x000273cc   0x00000048   Data   RO         6153    .constdata          calibration.o
    0x00027414   0x00027414   0x000001fc   Data   RO         6569    .constdata          gps.o
    0x00027610   0x00027610   0x00000c18   Data   RO         6861    .constdata          oled.o
    0x00028228   0x00028228   0x00000142   Data   RO         7057    .constdata          opticalflow_lc306.o
    0x0002836a   0x0002836a   0x00000002   PAD
    0x0002836c   0x0002836c   0x00000880   Data   RO         7821    .constdata          wp_math.o
    0x00028bec   0x00028bec   0x000007d0   Data   RO         9177    .constdata          earth_declination.o
    0x000293bc   0x000293bc   0x00000318   Data   RO         9567    .constdata          pid.o
    0x000296d4   0x000296d4   0x00000144   Data   RO        10453    .constdata          subtask_demo.o
    0x00029818   0x00029818   0x00000050   Data   RO        10724    .constdata          m_wm.l(acos.o)
    0x00029868   0x00029868   0x00000050   Data   RO        10738    .constdata          m_wm.l(asin.o)
    0x000298b8   0x000298b8   0x00000098   Data   RO        10764    .constdata          m_wm.l(atan.o)
    0x00029950   0x00029950   0x00000088   Data   RO        10868    .constdata          m_wm.l(pow.o)
    0x000299d8   0x000299d8   0x00000030   Data   RO        11060    .constdata          m_wm.l(cos_i.o)
    0x00029a08   0x00029a08   0x00000038   Data   RO        11097    .constdata          m_wm.l(log.o)
    0x00029a40   0x00029a40   0x00000008   Data   RO        11110    .constdata          m_wm.l(qnan.o)
    0x00029a48   0x00029a48   0x000000c8   Data   RO        11113    .constdata          m_wm.l(rred.o)
    0x00029b10   0x00029b10   0x00000020   Data   RO        11117    .constdata          m_wm.l(rredf.o)
    0x00029b30   0x00029b30   0x00000028   Data   RO        11120    .constdata          m_wm.l(sin_i.o)
    0x00029b58   0x00029b58   0x00000060   Data   RO        11126    .constdata          m_wm.l(tan_i.o)
    0x00029bb8   0x00029bb8   0x00000011   Data   RO         6074    .conststring        uartstdio.o
    0x00029bc9   0x00029bc9   0x00000003   PAD
    0x00029bcc   0x00029bcc   0x00000020   Data   RO        11268    Region$$Table       anon$$obj.o


    Execution Region RW_IRAM1 (Exec base: 0x20000000, Load base: 0x00029bec, Size: 0x00007040, Max: 0x00008000, ABSOLUTE, COMPRESSED[0x000003d8])

    Exec Addr    Load Addr    Size         Type   Attr      Idx    E Section Name        Object

    0x20000000   COMPRESSED   0x00000008   Data   RW         6075    .data               uartstdio.o
    0x20000008   COMPRESSED   0x00000080   Data   RW         6154    .data               calibration.o
    0x20000088   COMPRESSED   0x00000002   Data   RW         6383    .data               bling.o
    0x2000008a   COMPRESSED   0x00000002   PAD
    0x2000008c   COMPRESSED   0x0000001c   Data   RW         6450    .data               filter.o
    0x200000a8   COMPRESSED   0x00000190   Data   RW         6451    .data               filter.o
    0x20000238   COMPRESSED   0x00000088   Data   RW         6576    .data               gps.o
    0x200002c0   COMPRESSED   0x00000008   Data   RW         6619    .data               ist8310.o
    0x200002c8   COMPRESSED   0x0000001c   Data   RW         6652    .data               key.o
    0x200002e4   COMPRESSED   0x00000001   Data   RW         6653    .data               key.o
    0x200002e5   COMPRESSED   0x0000000c   Data   RW         6704    .data               icm2068x.o
    0x200002f1   COMPRESSED   0x00000003   PAD
    0x200002f4   COMPRESSED   0x00000004   Data   RW         6748    .data               myiic.o
    0x200002f8   COMPRESSED   0x00000002   Data   RW         7058    .data               opticalflow_lc306.o
    0x200002fa   COMPRESSED   0x00000002   PAD
    0x200002fc   COMPRESSED   0x00000010   Data   RW         7080    .data               ppm.o
    0x2000030c   COMPRESSED   0x00000040   Data   RW         7110    .data               rc.o
    0x2000034c   COMPRESSED   0x00000010   Data   RW         7231    .data               spl06.o
    0x2000035c   COMPRESSED   0x0000000c   Data   RW         7328    .data               time.o
    0x20000368   COMPRESSED   0x0000000c   Data   RW         7403    .data               time_cnt.o
    0x20000374   COMPRESSED   0x00000014   Data   RW         7480    .data               us_100.o
    0x20000388   COMPRESSED   0x00000002   Data   RW         7562    .data               usart.o
    0x2000038a   COMPRESSED   0x00000002   PAD
    0x2000038c   COMPRESSED   0x00000010   Data   RW         7680    .data               wp_adc.o
    0x2000039c   COMPRESSED   0x00000008   Data   RW         7681    .data               wp_adc.o
    0x200003a4   COMPRESSED   0x00000002   Data   RW         7958    .data               wp_pwm.o
    0x200003a6   COMPRESSED   0x00000426   Data   RW         8040    .data               ssd1306.o
    0x200007cc   COMPRESSED   0x00000008   Data   RW         8443    .data               tfmini.o
    0x200007d4   COMPRESSED   0x0000038c   Data   RW         8496    .data               nclink.o
    0x20000b60   COMPRESSED   0x0000001c   Data   RW         8673    .data               tofsensor.o
    0x20000b7c   COMPRESSED   0x00000008   Data   RW         8889    .data               compass.o
    0x20000b84   COMPRESSED   0x00000010   Data   RW         9018    .data               reserved_serialport.o
    0x20000b94   COMPRESSED   0x0000002c   Data   RW         9097    .data               lsn10.o
    0x20000bc0   COMPRESSED   0x00000002   Data   RW         9138    .data               speaker.o
    0x20000bc2   COMPRESSED   0x00000002   PAD
    0x20000bc4   COMPRESSED   0x00000074   Data   RW         9217    .data               sensor.o
    0x20000c38   COMPRESSED   0x00000130   Data   RW         9341    .data               sins.o
    0x20000d68   COMPRESSED   0x00000048   Data   RW         9471    .data               control_land.o
    0x20000db0   COMPRESSED   0x00000001   Data   RW         9568    .data               pid.o
    0x20000db1   COMPRESSED   0x00000003   PAD
    0x20000db4   COMPRESSED   0x00000004   Data   RW         9699    .data               control_althold.o
    0x20000db8   COMPRESSED   0x00000012   Data   RW         9701    .data               control_althold.o
    0x20000dca   COMPRESSED   0x00000001   Data   RW         9702    .data               control_althold.o
    0x20000dcb   COMPRESSED   0x00000001   PAD
    0x20000dcc   COMPRESSED   0x00000034   Data   RW         9744    .data               control_poshold.o
    0x20000e00   COMPRESSED   0x00000068   Data   RW         9820    .data               opticalflow_control.o
    0x20000e68   COMPRESSED   0x00000030   Data   RW         9965    .data               wp_ctrl.o
    0x20000e98   COMPRESSED   0x0000007c   Data   RW        10079    .data               namelesscotrun_opticalflow.o
    0x20000f14   COMPRESSED   0x00000048   Data   RW        10181    .data               namelesscotrun_sdk.o
    0x20000f5c   COMPRESSED   0x0000000a   Data   RW        10307    .data               temperature_ctrl.o
    0x20000f66   COMPRESSED   0x00000002   PAD
    0x20000f68   COMPRESSED   0x00000010   Data   RW        10357    .data               adc_button.o
    0x20000f78   COMPRESSED   0x00000001   Data   RW        10405    .data               developer_mode.o
    0x20000f79   COMPRESSED   0x00000001   Data   RW        10406    .data               developer_mode.o
    0x20000f7a   COMPRESSED   0x00000004   Data   RW        10407    .data               developer_mode.o
    0x20000f7e   COMPRESSED   0x00000002   PAD
    0x20000f80   COMPRESSED   0x000000a8   Data   RW        10456    .data               subtask_demo.o
    0x20001028   COMPRESSED   0x000003d8   PAD
    0x20001400   COMPRESSED   0x0000026c   Data   RW         2834    vtable              interrupt.o
    0x2000166c        -       0x00000198   Zero   RW         6150    .bss                calibration.o
    0x20001804        -       0x0000004c   Zero   RW         6342    .bss                calibrationroutines.o
    0x20001850        -       0x0000003c   Zero   RW         6381    .bss                bling.o
    0x2000188c        -       0x0000006c   Zero   RW         6447    .bss                filter.o
    0x200018f8        -       0x00000018   Zero   RW         6448    .bss                filter.o
    0x20001910        -       0x00000018   Zero   RW         6449    .bss                filter.o
    0x20001928        -       0x00000034   Zero   RW         6568    .bss                gps.o
    0x2000195c        -       0x0000000c   Zero   RW         6617    .bss                ist8310.o
    0x20001968        -       0x0000001c   Zero   RW         6618    .bss                ist8310.o
    0x20001984        -       0x000000e0   Zero   RW         6651    .bss                key.o
    0x20001a64        -       0x00000098   Zero   RW         6703    .bss                icm2068x.o
    0x20001afc        -       0x00000014   Zero   RW         7078    .bss                ppm.o
    0x20001b10        -       0x00000028   Zero   RW         7079    .bss                ppm.o
    0x20001b38        -       0x000001d0   Zero   RW         7109    .bss                rc.o
    0x20001d08        -       0x00000050   Zero   RW         7230    .bss                spl06.o
    0x20001d58        -       0x000000f0   Zero   RW         7401    .bss                time_cnt.o
    0x20001e48        -       0x00000090   Zero   RW         7402    .bss                time_cnt.o
    0x20001ed8        -       0x0000002c   Zero   RW         7479    .bss                us_100.o
    0x20001f04        -       0x0000028a   Zero   RW         7556    .bss                usart.o
    0x2000218e   COMPRESSED   0x00000002   PAD
    0x20002190        -       0x00000030   Zero   RW         7679    .bss                wp_adc.o
    0x200021c0        -       0x0000000c   Zero   RW         7735    .bss                wp_flash.o
    0x200021cc        -       0x00000400   Zero   RW         8038    .bss                ssd1306.o
    0x200025cc        -       0x00000028   Zero   RW         8442    .bss                tfmini.o
    0x200025f4        -       0x000001d0   Zero   RW         8495    .bss                nclink.o
    0x200027c4        -       0x000003f0   Zero   RW         8671    .bss                tofsensor.o
    0x20002bb4        -       0x00000054   Zero   RW         8974    .bss                reserved_io.o
    0x20002c08        -       0x00000104   Zero   RW         9017    .bss                reserved_serialport.o
    0x20002d0c        -       0x0000076a   Zero   RW         9096    .bss                lsn10.o
    0x20003476   COMPRESSED   0x00000002   PAD
    0x20003478        -       0x00000a50   Zero   RW         9214    .bss                sensor.o
    0x20003ec8        -       0x00000490   Zero   RW         9338    .bss                sins.o
    0x20004358        -       0x00000ff2   Zero   RW         9566    .bss                pid.o
    0x2000534a   COMPRESSED   0x00000002   PAD
    0x2000534c        -       0x00000020   Zero   RW         9694    .bss                control_althold.o
    0x2000536c        -       0x0000000c   Zero   RW         9695    .bss                control_althold.o
    0x20005378        -       0x0000002c   Zero   RW         9742    .bss                control_poshold.o
    0x200053a4        -       0x00000020   Zero   RW         9819    .bss                opticalflow_control.o
    0x200053c4        -       0x0000004c   Zero   RW         9964    .bss                wp_ctrl.o
    0x20005410        -       0x000005d0   Zero   RW        10077    .bss                namelesscotrun_opticalflow.o
    0x200059e0        -       0x00000014   Zero   RW        10078    .bss                namelesscotrun_opticalflow.o
    0x200059f4        -       0x00000196   Zero   RW        10180    .bss                namelesscotrun_sdk.o
    0x20005b8a   COMPRESSED   0x00000002   PAD
    0x20005b8c        -       0x00000094   Zero   RW        10356    .bss                adc_button.o
    0x20005c20        -       0x000007bc   Zero   RW        10452    .bss                subtask_demo.o
    0x200063dc        -       0x00000060   Zero   RW        11134    .bss                c_w.l(libspace.o)
    0x2000643c   COMPRESSED   0x00000004   PAD
    0x20006440        -       0x00000400   Zero   RW         6060    HEAP                startup_rvmdk.o
    0x20006840        -       0x00000800   Zero   RW         6059    STACK               startup_rvmdk.o


==============================================================================

Image component sizes


      Code (inc. data)   RO Data    RW Data    ZI Data      Debug   Object Name

       334         22          0          0          0      12816   adc.o
      1586        116          0         16        148       6784   adc_button.o
       748         34          0          2         60       6139   bling.o
      8370        722         72        128        408      38230   calibration.o
      1092          0          0          0         76       6158   calibrationroutines.o
       456         40          0          8          0       3019   compass.o
      1672        192          0         23         44       5445   control_althold.o
      2884        364          0         72          0      11502   control_land.o
      2136        156          0         52         44       7295   control_poshold.o
        38          0          0          0          0        696   cpu.o
       752         74          0          6          0       3167   developer_mode.o
       588         26       2000          0          0       4142   earth_declination.o
       516         82          0          0          0       5992   eeprom.o
      5074        126          0        428        156      19701   filter.o
        32          8          0          0          0       1120   fpu.o
       894         26        528          0          0      13582   gpio.o
      1218         64        508        136         52       7021   gps.o
       132         14          0          0          0       4741   i2c.o
      1932         64          0         12        152       4955   icm2068x.o
       236         36        268        620          0       5325   interrupt.o
         0          0          0          8         40        372   ist8310.o
     26780       3762          0         29        224      23709   key.o
       348         96          0          0          0       2435   license.o
       718         68          0         44       1898       4999   lsn10.o
        80         16          0          0          0      15130   main.o
       900         64          0          4          0       8997   myiic.o
      2788        198          0        124       1508      14158   namelesscotrun_opticalflow.o
      4584        258          0         72        406      19926   namelesscotrun_sdk.o
      9852        574          0        908        464      35705   nclink.o
      1904         84       3096          0          0      13082   oled.o
      4576        512          0        104         32      19797   opticalflow_control.o
       244         18        322          2          0       2381   opticalflow_lc306.o
      5902        334        792          1       4082      21165   pid.o
       208         24          0         16         60       2192   ppm.o
       124          6          0          0          0       3599   pwm.o
        84          0          0          0          0       4216   qmc5883.o
      2170        156          0         64        464       9202   rc.o
       504         36          0          0         84       4236   reserved_io.o
      2944        180          0         16        260      11249   reserved_serialport.o
        56          0          0          0          0       1688   ringbuf.o
       160          8          0          0          0       1640   schedule.o
      7132        592          0        116       2640      19117   sensor.o
      5010        368          0        304       1168      20146   sins.o
        12          0          0          0          0       1875   soft_i2c.o
       326         74          0          2          0       4430   speaker.o
      1380         64          0         16         80      10778   spl06.o
      2222         74          0       1062       1024      18405   ssd1306.o
       676        640          0          0       3072        644   startup_rvmdk.o
     12204        744        324        168       1980      38021   subtask_demo.o
       682         54        460          0          0       6963   sysctl.o
       152          4          0          0          0        716   system.o
        80          0          0          0          0       3588   systick.o
       560        108          0         10          0       4927   temperature_ctrl.o
       428         62          0          8         40       2619   tfmini.o
       176         20          0         12          0       5891   time.o
       862        142          0         12        384       6290   time_cnt.o
       244         30        160          0          0       6170   timer.o
      2322        196          0         28       1008      13443   tofsensor.o
       288         16        128          0          0       9938   uart.o
        92          8         45          8          0       2793   uartstdio.o
       410         38          0         20         44       3480   us_100.o
      1572        268          0          2        650      13242   usart.o
       496         92          0         24         48       4060   wp_adc.o
      3644        268          0         48         76      14633   wp_ctrl.o
       188         16          0          0         12       5676   wp_flash.o
      2670        280       2176          0          0      19324   wp_math.o
       596         92          0          2          0       3106   wp_pwm.o

    ----------------------------------------------------------------------
    140088      12810      10916       5740      22896     627983   Object Totals
         0          0         32          0          0          0   (incl. Generated)
        48          0          5       1003          8          0   (incl. Padding)

    ----------------------------------------------------------------------

      Code (inc. data)   RO Data    RW Data    ZI Data      Debug   Library Member Name

        90          0          0          0          0          0   __dczerorl2.o
         8          0          0          0          0         68   __main.o
         0          0          0          0          0          0   __rtentry.o
        12          0          0          0          0          0   __rtentry2.o
         6          0          0          0          0          0   __rtentry4.o
        52          8          0          0          0          0   __scatter.o
        28          0          0          0          0          0   __scatter_zi.o
        22          0          0          0          0        100   _rserrno.o
        18          0          0          0          0         80   exit.o
        78          0          0          0          0         80   h1_free.o
         6          0          0          0          0        152   heapauxi.o
         0          0          0          0          0          0   indicate_semi.o
         2          0          0          0          0          0   libinit.o
         6          0          0          0          0          0   libinit2.o
         2          0          0          0          0          0   libshutdown.o
         2          0          0          0          0          0   libshutdown2.o
         8          4          0          0         96         68   libspace.o
         8          0          0          0          0         76   memcpy.o
         8          4          0          0          0         68   rt_errno_addr_intlibspace.o
         8          4          0          0          0         68   rt_heap_descriptor_intlibspace.o
        68          0          0          0          0         68   rt_memclr.o
        78          0          0          0          0         80   rt_memclr_w.o
       138          0          0          0          0         68   rt_memcpy_v6.o
       100          0          0          0          0         80   rt_memcpy_w.o
         2          0          0          0          0          0   rtexit.o
        10          0          0          0          0          0   rtexit2.o
        62          0          0          0          0         76   strlen.o
        12          4          0          0          0         68   sys_exit.o
        74          0          0          0          0         80   sys_stackheap_outer.o
         2          0          0          0          0         68   use_no_semi.o
        24          0          0          0          0        164   basic.o
        98          4          0          0          0        140   d2f.o
       826         16          0          0          0        492   daddsub_clz.o
        16          4          0          0          0        116   dcheck1.o
        24          0          0          0          0        116   dcmpi.o
       688        140          0          0          0        256   ddiv.o
       120          4          0          0          0        140   deqf.o
        94          4          0          0          0        140   dfix.o
        90          4          0          0          0        140   dfixu.o
        84          0          0          0          0        232   dflt_clz.o
       120          4          0          0          0        140   dleqf.o
       340         12          0          0          0        152   dmul.o
       156          4          0          0          0        140   dnaninf.o
        12          0          0          0          0        116   dretinf.o
       108          0          0          0          0        128   drleqf.o
       408         56          0          0          0        168   dsqrt_umaal.o
        86          4          0          0          0        132   f2d.o
        82          4          0          0          0        160   fcmp4.o
        24          0          0          0          0        116   fcmpi.o
       140          4          0          0          0        132   fnaninf.o
        10          0          0          0          0        116   fpinit.o
        10          0          0          0          0        116   fretinf.o
       100          0          0          0          0        116   retnan.o
        92          0          0          0          0        116   scalbn.o
        48          0          0          0          0        116   trapv.o
         0          0          0          0          0          0   usenofp.o
       856        118         80          0          0        288   acos.o
       864         94         80          0          0        280   asin.o
       300         42          0          0          0        176   asinf.o
       728        106        152          0          0        228   atan.o
       684         90          0          0          0        208   atan2f.o
       352         56          0          0          0        172   atanf.o
       280         28          0          0          0        156   ceil.o
       200         20          0          0          0        164   cos.o
       368         46         48          0          0        200   cos_i.o
       336         56          0          0          0        136   cosf.o
       184         44          0          0          0        744   dunder.o
        44          0          0          0          0        248   fabs.o
       112         14          0          0          0        116   floorf.o
        72          0          0          0          0        148   fmaxf.o
        72          0          0          0          0        148   fminf.o
        48          0          0          0          0        124   fpclassify.o
        38          0          0          0          0        116   fpclassifyf.o
        44         12          0          0          0        464   funder.o
       980         92         56          0          0        440   log.o
       304         44          0          0          0        200   log10.o
       248          0          0          0          0        152   poly.o
      3152        296        136          0          0        352   pow.o
         0          0          8          0          0          0   qnan.o
      1080        142        200          0          0        188   rred.o
       340         24         32          0          0        160   rredf.o
       200         20          0          0          0        164   sin.o
       304         24         40          0          0        208   sin_i.o
       400         56          0          0          0        212   sinf.o
       232          0          0          0          0        296   sqrt.o
       120          0          0          0          0        272   sqrtf.o
       128         20          0          0          0        144   tan.o
       848         84         96          0          0        196   tan_i.o
       380         58          0          0          0        200   tanf.o

    ----------------------------------------------------------------------
     19056       1890        928          0        100      12548   Library Totals
        48         16          0          0          4          0   (incl. Padding)

    ----------------------------------------------------------------------

      Code (inc. data)   RO Data    RW Data    ZI Data      Debug   Library Name

       910         24          0          0         96       1348   c_w.l
      3800        264          0          0          0       3900   fz_wm.l
     14298       1586        928          0          0       7300   m_wm.l

    ----------------------------------------------------------------------
     19056       1890        928          0        100      12548   Library Totals

    ----------------------------------------------------------------------

==============================================================================


      Code (inc. data)   RO Data    RW Data    ZI Data      Debug   

    159144      14700      11844       5740      22996     580755   Grand Totals
    159144      14700      11844        984      22996     580755   ELF Image Totals (compressed)
    159144      14700      11844        984          0          0   ROM Totals

==============================================================================

    Total RO  Size (Code + RO Data)               170988 ( 166.98kB)
    Total RW  Size (RW Data + ZI Data)             28736 (  28.06kB)
    Total ROM Size (Code + RO Data + RW Data)     171972 ( 167.94kB)

==============================================================================

